Archive member included to satisfy reference by file (symbol)

C:/ST/STM32CubeIDE_1.19.0/STM32CubeIDE/plugins/com.st.stm32cube.ide.mcu.externaltools.gnu-tools-for-stm32.13.3.rel1.win32_1.0.100.202509120712/tools/bin/../lib/gcc/arm-none-eabi/13.3.1/../../../../arm-none-eabi/lib/thumb/v7e-m+dp/hard\libm.a(libm_a-sf_lround.o)
                              ./Core/Src/lcd.o (lroundf)
C:/ST/STM32CubeIDE_1.19.0/STM32CubeIDE/plugins/com.st.stm32cube.ide.mcu.externaltools.gnu-tools-for-stm32.13.3.rel1.win32_1.0.100.202509120712/tools/bin/../lib/gcc/arm-none-eabi/13.3.1/../../../../arm-none-eabi/lib/thumb/v7e-m+dp/hard\libm.a(libm_a-sf_exp.o)
                              ./Core/Src/lcd.o (expf)
C:/ST/STM32CubeIDE_1.19.0/STM32CubeIDE/plugins/com.st.stm32cube.ide.mcu.externaltools.gnu-tools-for-stm32.13.3.rel1.win32_1.0.100.202509120712/tools/bin/../lib/gcc/arm-none-eabi/13.3.1/../../../../arm-none-eabi/lib/thumb/v7e-m+dp/hard\libm.a(libm_a-sf_exp2_data.o)
                              C:/ST/STM32CubeIDE_1.19.0/STM32CubeIDE/plugins/com.st.stm32cube.ide.mcu.externaltools.gnu-tools-for-stm32.13.3.rel1.win32_1.0.100.202509120712/tools/bin/../lib/gcc/arm-none-eabi/13.3.1/../../../../arm-none-eabi/lib/thumb/v7e-m+dp/hard\libm.a(libm_a-sf_exp.o) (__exp2f_data)
C:/ST/STM32CubeIDE_1.19.0/STM32CubeIDE/plugins/com.st.stm32cube.ide.mcu.externaltools.gnu-tools-for-stm32.13.3.rel1.win32_1.0.100.202509120712/tools/bin/../lib/gcc/arm-none-eabi/13.3.1/../../../../arm-none-eabi/lib/thumb/v7e-m+dp/hard\libm.a(libm_a-sinf.o)
                              ./Core/Src/leds.o (sinf)
C:/ST/STM32CubeIDE_1.19.0/STM32CubeIDE/plugins/com.st.stm32cube.ide.mcu.externaltools.gnu-tools-for-stm32.13.3.rel1.win32_1.0.100.202509120712/tools/bin/../lib/gcc/arm-none-eabi/13.3.1/../../../../arm-none-eabi/lib/thumb/v7e-m+dp/hard\libm.a(libm_a-sincosf_data.o)
                              C:/ST/STM32CubeIDE_1.19.0/STM32CubeIDE/plugins/com.st.stm32cube.ide.mcu.externaltools.gnu-tools-for-stm32.13.3.rel1.win32_1.0.100.202509120712/tools/bin/../lib/gcc/arm-none-eabi/13.3.1/../../../../arm-none-eabi/lib/thumb/v7e-m+dp/hard\libm.a(libm_a-sinf.o) (__inv_pio4)
C:/ST/STM32CubeIDE_1.19.0/STM32CubeIDE/plugins/com.st.stm32cube.ide.mcu.externaltools.gnu-tools-for-stm32.13.3.rel1.win32_1.0.100.202509120712/tools/bin/../lib/gcc/arm-none-eabi/13.3.1/../../../../arm-none-eabi/lib/thumb/v7e-m+dp/hard\libm.a(libm_a-math_errf.o)
                              C:/ST/STM32CubeIDE_1.19.0/STM32CubeIDE/plugins/com.st.stm32cube.ide.mcu.externaltools.gnu-tools-for-stm32.13.3.rel1.win32_1.0.100.202509120712/tools/bin/../lib/gcc/arm-none-eabi/13.3.1/../../../../arm-none-eabi/lib/thumb/v7e-m+dp/hard\libm.a(libm_a-sf_exp.o) (__math_uflowf)
C:/ST/STM32CubeIDE_1.19.0/STM32CubeIDE/plugins/com.st.stm32cube.ide.mcu.externaltools.gnu-tools-for-stm32.13.3.rel1.win32_1.0.100.202509120712/tools/bin/../lib/gcc/arm-none-eabi/13.3.1/../../../../arm-none-eabi/lib/thumb/v7e-m+dp/hard\libc_nano.a(libc_a-exit.o)
                              C:/ST/STM32CubeIDE_1.19.0/STM32CubeIDE/plugins/com.st.stm32cube.ide.mcu.externaltools.gnu-tools-for-stm32.13.3.rel1.win32_1.0.100.202509120712/tools/bin/../lib/gcc/arm-none-eabi/13.3.1/../../../../arm-none-eabi/lib/thumb/v7e-m+dp/hard/crt0.o (exit)
C:/ST/STM32CubeIDE_1.19.0/STM32CubeIDE/plugins/com.st.stm32cube.ide.mcu.externaltools.gnu-tools-for-stm32.13.3.rel1.win32_1.0.100.202509120712/tools/bin/../lib/gcc/arm-none-eabi/13.3.1/../../../../arm-none-eabi/lib/thumb/v7e-m+dp/hard\libc_nano.a(libc_a-findfp.o)
                              C:/ST/STM32CubeIDE_1.19.0/STM32CubeIDE/plugins/com.st.stm32cube.ide.mcu.externaltools.gnu-tools-for-stm32.13.3.rel1.win32_1.0.100.202509120712/tools/bin/../lib/gcc/arm-none-eabi/13.3.1/../../../../arm-none-eabi/lib/thumb/v7e-m+dp/hard\libc_nano.a(libc_a-exit.o) (__stdio_exit_handler)
C:/ST/STM32CubeIDE_1.19.0/STM32CubeIDE/plugins/com.st.stm32cube.ide.mcu.externaltools.gnu-tools-for-stm32.13.3.rel1.win32_1.0.100.202509120712/tools/bin/../lib/gcc/arm-none-eabi/13.3.1/../../../../arm-none-eabi/lib/thumb/v7e-m+dp/hard\libc_nano.a(libc_a-fwalk.o)
                              C:/ST/STM32CubeIDE_1.19.0/STM32CubeIDE/plugins/com.st.stm32cube.ide.mcu.externaltools.gnu-tools-for-stm32.13.3.rel1.win32_1.0.100.202509120712/tools/bin/../lib/gcc/arm-none-eabi/13.3.1/../../../../arm-none-eabi/lib/thumb/v7e-m+dp/hard\libc_nano.a(libc_a-findfp.o) (_fwalk_sglue)
C:/ST/STM32CubeIDE_1.19.0/STM32CubeIDE/plugins/com.st.stm32cube.ide.mcu.externaltools.gnu-tools-for-stm32.13.3.rel1.win32_1.0.100.202509120712/tools/bin/../lib/gcc/arm-none-eabi/13.3.1/../../../../arm-none-eabi/lib/thumb/v7e-m+dp/hard\libc_nano.a(libc_a-printf.o)
                              ./Core/Src/EVE_base.o (printf)
C:/ST/STM32CubeIDE_1.19.0/STM32CubeIDE/plugins/com.st.stm32cube.ide.mcu.externaltools.gnu-tools-for-stm32.13.3.rel1.win32_1.0.100.202509120712/tools/bin/../lib/gcc/arm-none-eabi/13.3.1/../../../../arm-none-eabi/lib/thumb/v7e-m+dp/hard\libc_nano.a(libc_a-puts.o)
[...]
Memory Configuration

Name             Origin             Length             Attributes
FLASH            0x08000000         0x00200000         xr
DTCMRAM          0x20000000         0x00020000         xrw
RAM_D1           0x24000000         0x00080000         xrw
RAM_D2           0x30000000         0x00048000         xrw
RAM_D3           0x38000000         0x00010000         xrw
ITCMRAM          0x00000000         0x00010000         xrw
*default*        0x00000000         0xffffffff

Linker script and memory map

LOAD C:/ST/STM32CubeIDE_1.19.0/STM32CubeIDE/plugins/com.st.stm32cube.ide.mcu.externaltools.gnu-tools-for-stm32.13.3.rel1.win32_1.0.100.202509120712/tools/bin/../lib/gcc/arm-none-eabi/13.3.1/thumb/v7e-m+dp/hard/crti.o
LOAD C:/ST/STM32CubeIDE_1.19.0/STM32CubeIDE/plugins/com.st.stm32cube.ide.mcu.externaltools.gnu-tools-for-stm32.13.3.rel1.win32_1.0.100.202509120712/tools/bin/../lib/gcc/arm-none-eabi/13.3.1/thumb/v7e-m+dp/hard/crtbegin.o
LOAD C:/ST/STM32CubeIDE_1.19.0/STM32CubeIDE/plugins/com.st.stm32cube.ide.mcu.externaltools.gnu-tools-for-stm32.13.3.rel1.win32_1.0.100.202509120712/tools/bin/../lib/gcc/arm-none-eabi/13.3.1/../../../../arm-none-eabi/lib/thumb/v7e-m+dp/hard/crt0.o
LOAD ./Core/Src/EVE_base.o
LOAD ./Core/Src/EVE_draw.o
LOAD ./Core/Src/app_main.o
LOAD ./Core/Src/can_service.o
LOAD ./Core/Src/fdcan_bus.o
LOAD ./Core/Src/lcd.o
LOAD ./Core/Src/leds.o
LOAD ./Core/Src/main.o
LOAD ./Core/Src/max7219.o
LOAD ./Core/Src/stm32h7xx_hal_msp.o
LOAD ./Core/Src/stm32h7xx_it.o
LOAD ./Core/Src/syscalls.o
LOAD ./Core/Src/sysmem.o
LOAD ./Core/Src/system_stm32h7xx.o
LOAD ./Core/Startup/startup_stm32h753vitx.o
LOAD ./Drivers/STM32H7xx_HAL_Driver/Src/stm32h7xx_hal.o
LOAD ./Drivers/STM32H7xx_HAL_Driver/Src/stm32h7xx_hal_cortex.o
LOAD ./Drivers/STM32H7xx_HAL_Driver/Src/stm32h7xx_hal_dma.o
LOAD ./Drivers/STM32H7xx_HAL_Driver/Src/stm32h7xx_hal_dma_ex.o
LOAD ./Drivers/STM32H7xx_HAL_Driver/Src/stm32h7xx_hal_exti.o
LOAD ./Drivers/STM32H7xx_HAL_Driver/Src/stm32h7xx_hal_fdcan.o
LOAD ./Drivers/STM32H7xx_HAL_Driver/Src/stm32h7xx_hal_flash.o
LOAD ./Drivers/STM32H7xx_HAL_Driver/Src/stm32h7xx_hal_flash_ex.o
LOAD ./Drivers/STM32H7xx_HAL_Driver/Src/stm32h7xx_hal_gpio.o
LOAD ./Drivers/STM32H7xx_HAL_Driver/Src/stm32h7xx_hal_hsem.o
LOAD ./Drivers/STM32H7xx_HAL_Driver/Src/stm32h7xx_hal_i2c.o
LOAD ./Drivers/STM32H7xx_HAL_Driver/Src/stm32h7xx_hal_i2c_ex.o
LOAD ./Drivers/STM32H7xx_HAL_Driver/Src/stm32h7xx_hal_mdma.o
LOAD ./Drivers/STM32H7xx_HAL_Driver/Src/stm32h7xx_hal_pwr.o
LOAD ./Drivers/STM32H7xx_HAL_Driver/Src/stm32h7xx_hal_pwr_ex.o
LOAD ./Drivers/STM32H7xx_HAL_Driver/Src/stm32h7xx_hal_rcc.o
LOAD ./Drivers/STM32H7xx_HAL_Driver/Src/stm32h7xx_hal_rcc_ex.o
LOAD ./Drivers/STM32H7xx_HAL_Driver/Src/stm32h7xx_hal_spi.o
LOAD ./Drivers/STM32H7xx_HAL_Driver/Src/stm32h7xx_hal_spi_ex.o
LOAD ./Drivers/STM32H7xx_HAL_Driver/Src/stm32h7xx_hal_tim.o
LOAD ./Drivers/STM32H7xx_HAL_Driver/Src/stm32h7xx_hal_tim_ex.o
START GROUP
LOAD C:/ST/STM32CubeIDE_1.19.0/STM32CubeIDE/plugins/com.st.stm32cube.ide.mcu.externaltools.gnu-tools-for-stm32.13.3.rel1.win32_1.0.100.202509120712/tools/bin/../lib/gcc/arm-none-eabi/13.3.1/../../../../arm-none-eabi/lib/thumb/v7e-m+dp/hard\libstdc++_nano.a
LOAD C:/ST/STM32CubeIDE_1.19.0/STM32CubeIDE/plugins/com.st.stm32cube.ide.mcu.externaltools.gnu-tools-for-stm32.13.3.rel1.win32_1.0.100.202509120712/tools/bin/../lib/gcc/arm-none-eabi/13.3.1/../../../../arm-none-eabi/lib/thumb/v7e-m+dp/hard\libsupc++_nano.a
END GROUP
LOAD C:/ST/STM32CubeIDE_1.19.0/STM32CubeIDE/plugins/com.st.stm32cube.ide.mcu.externaltools.gnu-tools-for-stm32.13.3.rel1.win32_1.0.100.202509120712/tools/bin/../lib/gcc/arm-none-eabi/13.3.1/../../../../arm-none-eabi/lib/thumb/v7e-m+dp/hard\libstdc++_nano.a
LOAD C:/ST/STM32CubeIDE_1.19.0/STM32CubeIDE/plugins/com.st.stm32cube.ide.mcu.externaltools.gnu-tools-for-stm32.13.3.rel1.win32_1.0.100.202509120712/tools/bin/../lib/gcc/arm-none-eabi/13.3.1/../../../../arm-none-eabi/lib/thumb/v7e-m+dp/hard\libm.a
LOAD C:/ST/STM32CubeIDE_1.19.0/STM32CubeIDE/plugins/com.st.stm32cube.ide.mcu.externaltools.gnu-tools-for-stm32.13.3.rel1.win32_1.0.100.202509120712/tools/bin/../lib/gcc/arm-none-eabi/13.3.1/../../../../arm-none-eabi/lib/thumb/v7e-m+dp/hard\libc_nano.a
START GROUP
LOAD C:/ST/STM32CubeIDE_1.19.0/STM32CubeIDE/plugins/com.st.stm32cube.ide.mcu.externaltools.gnu-tools-for-stm32.13.3.rel1.win32_1.0.100.202509120712/tools/bin/../lib/gcc/arm-none-eabi/13.3.1/thumb/v7e-m+dp/hard\libgcc.a
LOAD C:/ST/STM32CubeIDE_1.19.0/STM32CubeIDE/plugins/com.st.stm32cube.ide.mcu.externaltools.gnu-tools-for-stm32.13.3.rel1.win32_1.0.100.202509120712/tools/bin/../lib/gcc/arm-none-eabi/13.3.1/../../../../arm-none-eabi/lib/thumb/v7e-m+dp/hard\libc_nano.a
END GROUP
START GROUP
LOAD C:/ST/STM32CubeIDE_1.19.0/STM32CubeIDE/plugins/com.st.stm32cube.ide.mcu.externaltools.gnu-tools-for-stm32.13.3.rel1.win32_1.0.100.202509120712/tools/bin/../lib/gcc/arm-none-eabi/13.3.1/thumb/v7e-m+dp/hard\libgcc.a
LOAD C:/ST/STM32CubeIDE_1.19.0/STM32CubeIDE/plugins/com.st.stm32cube.ide.mcu.externaltools.gnu-tools-for-stm32.13.3.rel1.win32_1.0.100.202509120712/tools/bin/../lib/gcc/arm-none-eabi/13.3.1/../../../../arm-none-eabi/lib/thumb/v7e-m+dp/hard\libc_nano.a
END GROUP
LOAD C:/ST/STM32CubeIDE_1.19.0/STM32CubeIDE/plugins/com.st.stm32cube.ide.mcu.externaltools.gnu-tools-for-stm32.13.3.rel1.win32_1.0.100.202509120712/tools/bin/../lib/gcc/arm-none-eabi/13.3.1/thumb/v7e-m+dp/hard/crtend.o
LOAD C:/ST/STM32CubeIDE_1.19.0/STM32CubeIDE/plugins/com.st.stm32cube.ide.mcu.externaltools.gnu-tools-for-stm32.13.3.rel1.win32_1.0.100.202509120712/tools/bin/../lib/gcc/arm-none-eabi/13.3.1/thumb/v7e-m+dp/hard/crtn.o
                0x24080000                        _estack = (ORIGIN (RAM_D1) + LENGTH (RAM_D1))
                0x00000200                        _Min_Heap_Size = 0x200
                0x00000400                        _Min_Stack_Size = 0x400

.isr_vector     0x08000000      0x298
                0x08000000                        . = ALIGN (0x4)
 *(.isr_vector)
 .isr_vector    0x08000000      0x298 ./Core/Startup/startup_stm32h753vitx.o
                0x08000000                g_pfnVectors
                0x08000298                        . = ALIGN (0x4)

.text           0x080002a0     0x9a74
                0x080002a0                        . = ALIGN (0x4)
 *(.text)
 .text          0x080002a0       0x40 C:/ST/STM32CubeIDE_1.19.0/STM32CubeIDE/plugins/com.st.stm32cube.ide.mcu.externaltools.gnu-tools-for-stm32.13.3.rel1.win32_1.0.100.202509120712/tools/bin/../lib/gcc/arm-none-eabi/13.3.1/thumb/v7e-m+dp/hard/crtbegin.o
 .text          0x080002e0       0xa0 C:/ST/STM32CubeIDE_1.19.0/STM32CubeIDE/plugins/com.st.stm32cube.ide.mcu.externaltools.gnu-tools-for-stm32.13.3.rel1.win32_1.0.100.202509120712/tools/bin/../lib/gcc/arm-none-eabi/13.3.1/../../../../arm-none-eabi/lib/thumb/v7e-m+dp/hard\libc_nano.a(libc_a-memchr.o)
                0x080002e0                memchr
 .text          0x08000380      0x378 C:/ST/STM32CubeIDE_1.19.0/STM32CubeIDE/plugins/com.st.stm32cube.ide.mcu.externaltools.gnu-tools-for-stm32.13.3.rel1.win32_1.0.100.202509120712/tools/bin/../lib/gcc/arm-none-eabi/13.3.1/thumb/v7e-m+dp/hard\libgcc.a(_arm_addsubdf3.o)
                0x08000380                __aeabi_drsub
                0x08000388                __aeabi_dsub
                0x08000388                __subdf3
                0x0800038c                __aeabi_dadd
                0x0800038c                __adddf3
                0x08000604                __floatunsidf
                0x08000604                __aeabi_ui2d
                0x08000624                __floatsidf
                0x08000624                __aeabi_i2d
                0x08000648                __aeabi_f2d
                0x08000648                __extendsfdf2
                0x0800068c                __floatundidf
                0x0800068c                __aeabi_ul2d
                0x0800069c                __floatdidf
                0x0800069c                __aeabi_l2d
 *(.text*)
 .text._ZL12eve_spi_txrxh
                0x080006f8       0x30 ./Core/Src/EVE_base.o
 .text._Z23_EVE_Select_and_Addressmh
                0x08000728       0x4c ./Core/Src/EVE_base.o
                0x08000728                _EVE_Select_and_Address(unsigned long, unsigned char)
 .text._Z12_EVE_send_32m
                0x08000774       0x3e ./Core/Src/EVE_base.o
                0x08000774                _EVE_send_32(unsigned long)
 *fill*         0x080007b2        0x2 
 .text._Z16EVE_REG_Write_16mt
                0x080007b4       0x44 ./Core/Src/EVE_base.o
                0x080007b4                EVE_REG_Write_16(unsigned long, unsigned short)
 .text._Z13EVE_Cmd_Dat_0tm
                0x080007f8       0x44 ./Core/Src/EVE_base.o
                0x080007f8                EVE_Cmd_Dat_0(unsigned short, unsigned long)
 .text._Z8EVE_TexttttttPKc
                0x0800083c       0x2a ./Core/Src/EVE_draw.o
                0x0800083c                EVE_Text(unsigned short, unsigned short, unsigned short, unsigned short, unsigned short, char const*)
 .text._ZN8FdcanBusC2EP19FDCAN_HandleTypeDef
                0x08000866       0x1e ./Core/Src/app_main.o
                0x08000866                FdcanBus::FdcanBus(FDCAN_HandleTypeDef*)
                0x08000866                FdcanBus::FdcanBus(FDCAN_HandleTypeDef*)
 .text._ZN7Max7219C2EP19__SPI_HandleTypeDefP12GPIO_TypeDeft
                0x08000884       0x38 ./Core/Src/app_main.o
                0x08000884                Max7219::Max7219(__SPI_HandleTypeDef*, GPIO_TypeDef*, unsigned short)
                0x08000884                Max7219::Max7219(__SPI_HandleTypeDef*, GPIO_TypeDef*, unsigned short)
 .text._Z6now_msv
                0x080008bc        0xe ./Core/Src/app_main.o
                0x080008bc                now_ms()
 .text._Z8every_msRmm
                0x080008ca       0x32 ./Core/Src/app_main.o
                0x080008ca                every_ms(unsigned long&, unsigned long)
 .text.app_main
                0x080008fc       0xe0 ./Core/Src/app_main.o
                0x080008fc                app_main
 .text._ZN6cansvc7hv_tempEv
                0x080009dc       0x1c ./Core/Src/can_service.o
                0x080009dc                cansvc::hv_temp()
 .text._ZN6cansvc2lvEv
                0x080009f8       0x1c ./Core/Src/can_service.o
                0x080009f8                cansvc::lv()
 .text._ZN6cansvc4initER8FdcanBus
                0x08000a14       0x78 ./Core/Src/can_service.o
                0x08000a14                cansvc::init(FdcanBus&)
 .text._ZN6cansvcL3u16EPKhii
                0x08000a8c       0x36 ./Core/Src/can_service.o
 .text._ZN6cansvcL3u32EPKhiiii
                0x08000ac2       0x4a ./Core/Src/can_service.o
 .text._ZN6cansvc4pollER8FdcanBus
                0x08000b0c      0x364 ./Core/Src/can_service.o
                0x08000b0c                cansvc::poll(FdcanBus&)
 .text._ZN6cansvc9send_testER8FdcanBus
                0x08000e70       0x54 ./Core/Src/can_service.o
                0x08000e70                cansvc::send_test(FdcanBus&)
 .text._ZN8FdcanBus15initClassic500kEv
                0x08000ec4       0x88 ./Core/Src/fdcan_bus.o
                0x08000ec4                FdcanBus::initClassic500k()
 .text._ZN8FdcanBus12addStdFilterEt
                0x08000f4c       0x68 ./Core/Src/fdcan_bus.o
                0x08000f4c                FdcanBus::addStdFilter(unsigned short)
 .text._ZN8FdcanBus7receiveER8CanFrame
                0x08000fb4       0x84 ./Core/Src/fdcan_bus.o
                0x08000fb4                FdcanBus::receive(CanFrame&)
 .text._ZN8FdcanBus4sendERK8CanFrame
                0x08001038       0x66 ./Core/Src/fdcan_bus.o
                0x08001038                FdcanBus::send(CanFrame const&)
 .text._ZSt3expf
                0x0800109e       0x20 ./Core/Src/lcd.o
                0x0800109e                std::exp(float)
 .text._ZSt4fabsf
                0x080010be       0x20 ./Core/Src/lcd.o
                0x080010be                std::fabs(float)
 .text._ZSt6lroundf
                0x080010de       0x1c ./Core/Src/lcd.o
                0x080010de                std::lround(float)
 *fill*         0x080010fa        0x2 
 .text._ZL9eve_flushv
                0x080010fc       0x20 ./Core/Src/lcd.o
 .text.EVE_Init
                0x0800111c       0x5c ./Core/Src/lcd.o
                0x0800111c                EVE_Init
 .text.EVE_BeginFrame
                0x08001178       0xb0 ./Core/Src/lcd.o
                0x08001178                EVE_BeginFrame
 .text.EVE_EndFrame
                0x08001228       0x40 ./Core/Src/lcd.o
                0x08001228                EVE_EndFrame
 .text.EVE_SetBackColor
                0x08001268       0x3c ./Core/Src/lcd.o
                0x08001268                EVE_SetBackColor
 .text.EVE_SetFgColor
                0x080012a4       0x3c ./Core/Src/lcd.o
                0x080012a4                EVE_SetFgColor
 .text.EVE_Text
                0x080012e0       0x50 ./Core/Src/lcd.o
                0x080012e0                EVE_Text
 .text.EVE_RectFill
                0x08001330       0xc8 ./Core/Src/lcd.o
                0x08001330                EVE_RectFill
 .text._Z31can_service_get_energy_used_kWhv
                0x080013f8       0x18 ./Core/Src/lcd.o
                0x080013f8                can_service_get_energy_used_kWh()
 .text._ZN9energybarL6clampfEfff
                0x08001410       0x52 ./Core/Src/lcd.o
 .text._ZN9energybarL11smooth_stepEffff
                0x08001462       0xa4 ./Core/Src/lcd.o
 .text._ZN9energybarL4rectEiiii
                0x08001506       0x40 ./Core/Src/lcd.o
 .text._ZN9energybarL12fillUnitsToXEii
                0x08001546       0x52 ./Core/Src/lcd.o
 .text._ZN9energybar6updateEm
                0x08001598       0xa0 ./Core/Src/lcd.o
                0x08001598                energybar::update(unsigned long)
 .text._ZN9energybar4drawEm
                0x08001638      0x204 ./Core/Src/lcd.o
                0x08001638                energybar::draw(unsigned long)
 .text._ZN3lcd22render_energy_bar_demoEm
                0x0800183c       0x2e ./Core/Src/lcd.o
                0x0800183c                lcd::render_energy_bar_demo(unsigned long)
 *fill*         0x0800186a        0x2 
 .text._ZN3lcd29print_default_screen_templateEv
                0x0800186c       0x40 ./Core/Src/lcd.o
                0x0800186c                lcd::print_default_screen_template()
 .text._ZN3lcd4initEv
                0x080018ac       0x20 ./Core/Src/lcd.o
                0x080018ac                lcd::init()
 .text._ZSt5floorf
                0x080018cc       0x20 ./Core/Src/leds.o
                0x080018cc                std::floor(float)
 .text._ZSt3sinf
                0x080018ec       0x20 ./Core/Src/leds.o
                0x080018ec                std::sin(float)
 .text._ZN12_GLOBAL__N_112clearDesiredEv
                0x0800190c       0x68 ./Core/Src/leds.o
 .text._ZN12_GLOBAL__N_113setRGBDesiredEifff
                0x08001974       0xb8 ./Core/Src/leds.o
 .text._ZN12_GLOBAL__N_18hwSetRGBEibbb
                0x08001a2c       0x88 ./Core/Src/leds.o
 .text._ZN12_GLOBAL__N_113hwApplyDitherEv
                0x08001ab4       0xa4 ./Core/Src/leds.o
 .text._ZN12_GLOBAL__N_114renderOnTargetEf
                0x08001b58       0xec ./Core/Src/leds.o
 .text._ZZN12_GLOBAL__N_19renderBarEfENKUlifE_clEif
                0x08001c44       0x2c ./Core/Src/leds.o
 .text._ZZN12_GLOBAL__N_19renderBarEfENKUlifE0_clEif
                0x08001c70       0x2c ./Core/Src/leds.o
 .text._ZN12_GLOBAL__N_19renderBarEf
                0x08001c9c      0x248 ./Core/Src/leds.o
 .text._ZN4leds4initEP7Max7219
                0x08001ee4       0x24 ./Core/Src/leds.o
                0x08001ee4                leds::init(Max7219*)
 .text._ZN4leds4wakeEv
                0x08001f08      0x1e0 ./Core/Src/leds.o
                0x08001f08                leds::wake()
 .text._ZN4leds23efficiency_on_can_ratioEf
                0x080020e8       0x54 ./Core/Src/leds.o
                0x080020e8                leds::efficiency_on_can_ratio(float)
 .text._ZN4leds23efficiency_on_can_errorEf
                0x0800213c       0x48 ./Core/Src/leds.o
                0x0800213c                leds::efficiency_on_can_error(float)
 .text._ZN4leds15efficiency_tickEm
                0x08002184      0x184 ./Core/Src/leds.o
                0x08002184                leds::efficiency_tick(unsigned long)
 .text._ZN4leds18disable_half_solidEb
                0x08002308       0x74 ./Core/Src/leds.o
                0x08002308                leds::disable_half_solid(bool)
 .text._ZN4leds11toggle_halfEb
                0x0800237c       0x84 ./Core/Src/leds.o
                0x0800237c                leds::toggle_half(bool)
 .text._ZN4leds14set_brightnessEh
                0x08002400       0x24 ./Core/Src/leds.o
                0x08002400                leds::set_brightness(unsigned char)
 .text._ZN4leds2lvEf
                0x08002424       0x4c ./Core/Src/leds.o
                0x08002424                leds::lv(float)
 .text._ZN4leds19safety_update_flashEfm
                0x08002470       0x54 ./Core/Src/leds.o
                0x08002470                leds::safety_update_flash(float, unsigned long)
 .text._ZSt5clampIfERKT_S2_S2_S2_
                0x080024c4       0x4e ./Core/Src/leds.o
                0x080024c4                float const& std::clamp<float>(float const&, float const&, float const&)
 .text._ZSt3minIiERKT_S2_S2_
                0x08002512       0x28 ./Core/Src/leds.o
                0x08002512                int const& std::min<int>(int const&, int const&)
 *fill*         0x0800253a        0x2 
 .text.main     0x0800253c       0x38 ./Core/Src/main.o
                0x0800253c                main
 .text.SystemClock_Config
                0x08002574       0xdc ./Core/Src/main.o
                0x08002574                SystemClock_Config
 .text.MX_FDCAN1_Init
                0x08002650       0xc8 ./Core/Src/main.o
 .text.MX_FDCAN2_Init
                0x08002718       0xc8 ./Core/Src/main.o
 .text.MX_SPI4_Init
                0x080027e0       0xac ./Core/Src/main.o
 .text.MX_TIM1_Init
                0x0800288c      0x130 ./Core/Src/main.o
 .text.MX_GPIO_Init
                0x080029bc      0x194 ./Core/Src/main.o
 .text.MPU_Config
                0x08002b50       0x58 ./Core/Src/main.o
 .text.Error_Handler
                0x08002ba8       0x18 ./Core/Src/main.o
                0x08002ba8                Error_Handler
 .text._ZN7Max72195beginEv
                0x08002bc0       0x72 ./Core/Src/max7219.o
                0x08002bc0                Max7219::begin()
 .text._ZN7Max72199intensityEh
                0x08002c32       0x26 ./Core/Src/max7219.o
                0x08002c32                Max7219::intensity(unsigned char)
 .text._ZN7Max72198setPointEhhb
                0x08002c58       0x92 ./Core/Src/max7219.o
                0x08002c58                Max7219::setPoint(unsigned char, unsigned char, bool)
 .text._ZN7Max72198writeRegEhh
                0x08002cea       0x52 ./Core/Src/max7219.o
                0x08002cea                Max7219::writeReg(unsigned char, unsigned char)
 .text.HAL_MspInit
                0x08002d3c       0x34 ./Core/Src/stm32h7xx_hal_msp.o
                0x08002d3c                HAL_MspInit
 .text.HAL_FDCAN_MspInit
                0x08002d70      0x198 ./Core/Src/stm32h7xx_hal_msp.o
                0x08002d70                HAL_FDCAN_MspInit
 .text.HAL_SPI_MspInit
                0x08002f08       0xd0 ./Core/Src/stm32h7xx_hal_msp.o
                0x08002f08                HAL_SPI_MspInit
 .text.HAL_TIM_PWM_MspInit
                0x08002fd8       0x44 ./Core/Src/stm32h7xx_hal_msp.o
                0x08002fd8                HAL_TIM_PWM_MspInit
 .text.HAL_TIM_MspPostInit
                0x0800301c       0x78 ./Core/Src/stm32h7xx_hal_msp.o
                0x0800301c                HAL_TIM_MspPostInit
 .text.NMI_Handler
                0x08003094        0x8 ./Core/Src/stm32h7xx_it.o
                0x08003094                NMI_Handler
 .text.HardFault_Handler
                0x0800309c        0x8 ./Core/Src/stm32h7xx_it.o
                0x0800309c                HardFault_Handler
 .text.MemManage_Handler
                0x080030a4        0x8 ./Core/Src/stm32h7xx_it.o
                0x080030a4                MemManage_Handler
 .text.BusFault_Handler
                0x080030ac        0x8 ./Core/Src/stm32h7xx_it.o
                0x080030ac                BusFault_Handler
 .text.UsageFault_Handler
                0x080030b4        0x8 ./Core/Src/stm32h7xx_it.o
                0x080030b4                UsageFault_Handler
 .text.SVC_Handler
                0x080030bc        0xe ./Core/Src/stm32h7xx_it.o
                0x080030bc                SVC_Handler
 .text.DebugMon_Handler
                0x080030ca        0xe ./Core/Src/stm32h7xx_it.o
                0x080030ca                DebugMon_Handler
 .text.PendSV_Handler
                0x080030d8        0xe ./Core/Src/stm32h7xx_it.o
                0x080030d8                PendSV_Handler
 .text.SysTick_Handler
                0x080030e6        0xc ./Core/Src/stm32h7xx_it.o
                0x080030e6                SysTick_Handler
 .text._read    0x080030f2       0x3a ./Core/Src/syscalls.o
                0x080030f2                _read
 .text._write   0x0800312c       0x38 ./Core/Src/syscalls.o
                0x0800312c                _write
 .text._close   0x08003164       0x18 ./Core/Src/syscalls.o
                0x08003164                _close
 .text._fstat   0x0800317c       0x20 ./Core/Src/syscalls.o
                0x0800317c                _fstat
 .text._isatty  0x0800319c       0x16 ./Core/Src/syscalls.o
                0x0800319c                _isatty
 .text._lseek   0x080031b2       0x1a ./Core/Src/syscalls.o
                0x080031b2                _lseek
 .text._sbrk    0x080031cc       0x6c ./Core/Src/sysmem.o
                0x080031cc                _sbrk
 .text.SystemInit
                0x08003238      0x140 ./Core/Src/system_stm32h7xx.o
                0x08003238                SystemInit
 .text.ExitRun0Mode
                0x08003378       0x30 ./Core/Src/system_stm32h7xx.o
                0x08003378                ExitRun0Mode
 .text.Reset_Handler
                0x080033a8       0x54 ./Core/Startup/startup_stm32h753vitx.o
                0x080033a8                Reset_Handler
 .text.Default_Handler
                0x080033fc        0x2 ./Core/Startup/startup_stm32h753vitx.o
                0x080033fc                RTC_Alarm_IRQHandler
                0x080033fc                HASH_RNG_IRQHandler
                0x080033fc                EXTI2_IRQHandler
                0x080033fc                TIM8_CC_IRQHandler
                0x080033fc                HRTIM1_Master_IRQHandler
                0x080033fc                UART8_IRQHandler
                0x080033fc                SPI4_IRQHandler
                0x080033fc                TIM1_CC_IRQHandler
                0x080033fc                BDMA_Channel6_IRQHandler
                0x080033fc                DMA2_Stream5_IRQHandler
                0x080033fc                HRTIM1_FLT_IRQHandler
                0x080033fc                JPEG_IRQHandler
                0x080033fc                DMA1_Stream5_IRQHandler
                0x080033fc                BDMA_Channel1_IRQHandler
                0x080033fc                HRTIM1_TIMD_IRQHandler
                0x080033fc                TAMP_STAMP_IRQHandler
                0x080033fc                EXTI3_IRQHandler
                0x080033fc                LPTIM4_IRQHandler
                0x080033fc                TIM8_TRG_COM_TIM14_IRQHandler
                0x080033fc                LPTIM2_IRQHandler
                0x080033fc                DFSDM1_FLT1_IRQHandler
                0x080033fc                DMAMUX2_OVR_IRQHandler
                0x080033fc                TIM8_UP_TIM13_IRQHandler
                0x080033fc                I2C3_ER_IRQHandler
                0x080033fc                DFSDM1_FLT2_IRQHandler
                0x080033fc                MDMA_IRQHandler
                0x080033fc                LPTIM3_IRQHandler
                0x080033fc                HSEM1_IRQHandler
                0x080033fc                EXTI0_IRQHandler
                0x080033fc                I2C2_EV_IRQHandler
                0x080033fc                DMA1_Stream2_IRQHandler
                0x080033fc                FPU_IRQHandler
                0x080033fc                OTG_HS_WKUP_IRQHandler
                0x080033fc                FDCAN1_IT1_IRQHandler
                0x080033fc                LTDC_ER_IRQHandler
                0x080033fc                DMA2_Stream2_IRQHandler
                0x080033fc                HRTIM1_TIME_IRQHandler
                0x080033fc                SPI1_IRQHandler
                0x080033fc                TIM6_DAC_IRQHandler
                0x080033fc                DCMI_IRQHandler
                0x080033fc                HRTIM1_TIMC_IRQHandler
                0x080033fc                DMA2_Stream3_IRQHandler
                0x080033fc                SAI2_IRQHandler
                0x080033fc                DFSDM1_FLT3_IRQHandler
                0x080033fc                USART6_IRQHandler
                0x080033fc                TIM17_IRQHandler
                0x080033fc                USART3_IRQHandler
                0x080033fc                BDMA_Channel7_IRQHandler
                0x080033fc                CRYP_IRQHandler
                0x080033fc                LPTIM5_IRQHandler
                0x080033fc                UART5_IRQHandler
                0x080033fc                ADC3_IRQHandler
                0x080033fc                DMA2_Stream0_IRQHandler
                0x080033fc                TIM4_IRQHandler
                0x080033fc                BDMA_Channel2_IRQHandler
                0x080033fc                QUADSPI_IRQHandler
                0x080033fc                I2C1_EV_IRQHandler
                0x080033fc                DMA1_Stream6_IRQHandler
                0x080033fc                DMAMUX1_OVR_IRQHandler
                0x080033fc                DMA1_Stream1_IRQHandler
                0x080033fc                TIM16_IRQHandler
                0x080033fc                UART4_IRQHandler
                0x080033fc                BDMA_Channel5_IRQHandler
                0x080033fc                TIM3_IRQHandler
                0x080033fc                RCC_IRQHandler
                0x080033fc                TIM8_BRK_TIM12_IRQHandler
                0x080033fc                TIM1_TRG_COM_IRQHandler
                0x080033fc                Default_Handler
                0x080033fc                ECC_IRQHandler
                0x080033fc                CEC_IRQHandler
                0x080033fc                EXTI15_10_IRQHandler
                0x080033fc                BDMA_Channel0_IRQHandler
                0x080033fc                ADC_IRQHandler
                0x080033fc                DMA1_Stream7_IRQHandler
                0x080033fc                HRTIM1_TIMA_IRQHandler
                0x080033fc                SPI5_IRQHandler
                0x080033fc                TIM7_IRQHandler
                0x080033fc                SDMMC1_IRQHandler
                0x080033fc                TIM5_IRQHandler
                0x080033fc                DMA2_Stream7_IRQHandler
                0x080033fc                TIM15_IRQHandler
                0x080033fc                PVD_AVD_IRQHandler
                0x080033fc                I2C3_EV_IRQHandler
                0x080033fc                EXTI9_5_IRQHandler
                0x080033fc                RTC_WKUP_IRQHandler
                0x080033fc                LTDC_IRQHandler
                0x080033fc                SAI3_IRQHandler
                0x080033fc                ETH_WKUP_IRQHandler
                0x080033fc                SPDIF_RX_IRQHandler
                0x080033fc                SPI2_IRQHandler
                0x080033fc                OTG_HS_EP1_IN_IRQHandler
                0x080033fc                DMA1_Stream0_IRQHandler
                0x080033fc                CRS_IRQHandler
                0x080033fc                EXTI4_IRQHandler
                0x080033fc                HRTIM1_TIMB_IRQHandler
                0x080033fc                FDCAN2_IT1_IRQHandler
                0x080033fc                ETH_IRQHandler
                0x080033fc                TIM1_UP_IRQHandler
                0x080033fc                BDMA_Channel4_IRQHandler
                0x080033fc                OTG_HS_EP1_OUT_IRQHandler
                0x080033fc                WWDG_IRQHandler
                0x080033fc                SPI6_IRQHandler
                0x080033fc                MDIOS_IRQHandler
                0x080033fc                I2C4_EV_IRQHandler
                0x080033fc                FDCAN2_IT0_IRQHandler
                0x080033fc                LPUART1_IRQHandler
                0x080033fc                FDCAN1_IT0_IRQHandler
                0x080033fc                TIM2_IRQHandler
                0x080033fc                OTG_FS_WKUP_IRQHandler
                0x080033fc                OTG_HS_IRQHandler
                0x080033fc                DMA2D_IRQHandler
                0x080033fc                TIM1_BRK_IRQHandler
                0x080033fc                EXTI1_IRQHandler
                0x080033fc                SDMMC2_IRQHandler
                0x080033fc                OTG_FS_EP1_OUT_IRQHandler
                0x080033fc                BDMA_Channel3_IRQHandler
                0x080033fc                UART7_IRQHandler
                0x080033fc                MDIOS_WKUP_IRQHandler
                0x080033fc                USART2_IRQHandler
                0x080033fc                DFSDM1_FLT0_IRQHandler
                0x080033fc                SAI4_IRQHandler
                0x080033fc                I2C2_ER_IRQHandler
                0x080033fc                DMA2_Stream1_IRQHandler
                0x080033fc                FLASH_IRQHandler
                0x080033fc                DMA2_Stream4_IRQHandler
                0x080033fc                USART1_IRQHandler
                0x080033fc                OTG_FS_IRQHandler
                0x080033fc                SPI3_IRQHandler
                0x080033fc                WAKEUP_PIN_IRQHandler
                0x080033fc                DMA1_Stream4_IRQHandler
                0x080033fc                OTG_FS_EP1_IN_IRQHandler
                0x080033fc                I2C1_ER_IRQHandler
                0x080033fc                FMC_IRQHandler
                0x080033fc                FDCAN_CAL_IRQHandler
                0x080033fc                SWPMI1_IRQHandler
                0x080033fc                COMP1_IRQHandler
                0x080033fc                LPTIM1_IRQHandler
                0x080033fc                I2C4_ER_IRQHandler
                0x080033fc                DMA2_Stream6_IRQHandler
                0x080033fc                SAI1_IRQHandler
                0x080033fc                DMA1_Stream3_IRQHandler
 *fill*         0x080033fe        0x2 
 .text.HAL_Init
                0x08003400       0x78 ./Drivers/STM32H7xx_HAL_Driver/Src/stm32h7xx_hal.o
                0x08003400                HAL_Init
 .text.HAL_InitTick
                0x08003478       0x6c ./Drivers/STM32H7xx_HAL_Driver/Src/stm32h7xx_hal.o
                0x08003478                HAL_InitTick
 .text.HAL_IncTick
                0x080034e4       0x28 ./Drivers/STM32H7xx_HAL_Driver/Src/stm32h7xx_hal.o
                0x080034e4                HAL_IncTick
 .text.HAL_GetTick
                0x0800350c       0x18 ./Drivers/STM32H7xx_HAL_Driver/Src/stm32h7xx_hal.o
                0x0800350c                HAL_GetTick
 .text.HAL_Delay
                0x08003524       0x48 ./Drivers/STM32H7xx_HAL_Driver/Src/stm32h7xx_hal.o
                0x08003524                HAL_Delay
 .text.HAL_GetREVID
                0x0800356c       0x18 ./Drivers/STM32H7xx_HAL_Driver/Src/stm32h7xx_hal.o
                0x0800356c                HAL_GetREVID
 .text.HAL_SYSCFG_AnalogSwitchConfig
                0x08003584       0x2c ./Drivers/STM32H7xx_HAL_Driver/Src/stm32h7xx_hal.o
                0x08003584                HAL_SYSCFG_AnalogSwitchConfig
 .text.__NVIC_SetPriorityGrouping
                0x080035b0       0x48 ./Drivers/STM32H7xx_HAL_Driver/Src/stm32h7xx_hal_cortex.o
 .text.__NVIC_GetPriorityGrouping
                0x080035f8       0x1c ./Drivers/STM32H7xx_HAL_Driver/Src/stm32h7xx_hal_cortex.o
 .text.__NVIC_SetPriority
                0x08003614       0x54 ./Drivers/STM32H7xx_HAL_Driver/Src/stm32h7xx_hal_cortex.o
 .text.NVIC_EncodePriority
                0x08003668       0x66 ./Drivers/STM32H7xx_HAL_Driver/Src/stm32h7xx_hal_cortex.o
 *fill*         0x080036ce        0x2 
 .text.SysTick_Config
                0x080036d0       0x44 ./Drivers/STM32H7xx_HAL_Driver/Src/stm32h7xx_hal_cortex.o
 .text.HAL_NVIC_SetPriorityGrouping
                0x08003714       0x16 ./Drivers/STM32H7xx_HAL_Driver/Src/stm32h7xx_hal_cortex.o
                0x08003714                HAL_NVIC_SetPriorityGrouping
 .text.HAL_NVIC_SetPriority
                0x0800372a       0x34 ./Drivers/STM32H7xx_HAL_Driver/Src/stm32h7xx_hal_cortex.o
                0x0800372a                HAL_NVIC_SetPriority
 .text.HAL_SYSTICK_Config
                0x0800375e       0x18 ./Drivers/STM32H7xx_HAL_Driver/Src/stm32h7xx_hal_cortex.o
                0x0800375e                HAL_SYSTICK_Config
 *fill*         0x08003776        0x2 
 .text.HAL_MPU_Disable
                0x08003778       0x30 ./Drivers/STM32H7xx_HAL_Driver/Src/stm32h7xx_hal_cortex.o
                0x08003778                HAL_MPU_Disable
 .text.HAL_MPU_Enable
                0x080037a8       0x40 ./Drivers/STM32H7xx_HAL_Driver/Src/stm32h7xx_hal_cortex.o
                0x080037a8                HAL_MPU_Enable
 .text.HAL_MPU_ConfigRegion
                0x080037e8       0x80 ./Drivers/STM32H7xx_HAL_Driver/Src/stm32h7xx_hal_cortex.o
                0x080037e8                HAL_MPU_ConfigRegion
 .text.HAL_FDCAN_Init
                0x08003868      0x3bc ./Drivers/STM32H7xx_HAL_Driver/Src/stm32h7xx_hal_fdcan.o
                0x08003868                HAL_FDCAN_Init
 .text.HAL_FDCAN_ConfigFilter
                0x08003c24       0xec ./Drivers/STM32H7xx_HAL_Driver/Src/stm32h7xx_hal_fdcan.o
                0x08003c24                HAL_FDCAN_ConfigFilter
 .text.HAL_FDCAN_ConfigGlobalFilter
                0x08003d10       0x5a ./Drivers/STM32H7xx_HAL_Driver/Src/stm32h7xx_hal_fdcan.o
                0x08003d10                HAL_FDCAN_ConfigGlobalFilter
 .text.HAL_FDCAN_Start
                0x08003d6a       0x56 ./Drivers/STM32H7xx_HAL_Driver/Src/stm32h7xx_hal_fdcan.o
                0x08003d6a                HAL_FDCAN_Start
 .text.HAL_FDCAN_AddMessageToTxFifoQ
                0x08003dc0       0xb6 ./Drivers/STM32H7xx_HAL_Driver/Src/stm32h7xx_hal_fdcan.o
                0x08003dc0                HAL_FDCAN_AddMessageToTxFifoQ
 *fill*         0x08003e76        0x2 
 .text.HAL_FDCAN_GetRxMessage
                0x08003e78      0x2d8 ./Drivers/STM32H7xx_HAL_Driver/Src/stm32h7xx_hal_fdcan.o
                0x08003e78                HAL_FDCAN_GetRxMessage
 .text.HAL_FDCAN_GetRxFifoFillLevel
                0x08004150       0x3c ./Drivers/STM32H7xx_HAL_Driver/Src/stm32h7xx_hal_fdcan.o
                0x08004150                HAL_FDCAN_GetRxFifoFillLevel
 .text.FDCAN_CalcultateRamBlockAddresses
                0x0800418c      0x30c ./Drivers/STM32H7xx_HAL_Driver/Src/stm32h7xx_hal_fdcan.o
 .text.FDCAN_CopyMessageToRAM
                0x08004498       0xfc ./Drivers/STM32H7xx_HAL_Driver/Src/stm32h7xx_hal_fdcan.o
 .text.HAL_GPIO_Init
                0x08004594      0x360 ./Drivers/STM32H7xx_HAL_Driver/Src/stm32h7xx_hal_gpio.o
                0x08004594                HAL_GPIO_Init
 .text.HAL_GPIO_WritePin
                0x080048f4       0x32 ./Drivers/STM32H7xx_HAL_Driver/Src/stm32h7xx_hal_gpio.o
                0x080048f4                HAL_GPIO_WritePin
 *fill*         0x08004926        0x2 
 .text.HAL_PWREx_ConfigSupply
                0x08004928       0x74 ./Drivers/STM32H7xx_HAL_Driver/Src/stm32h7xx_hal_pwr_ex.o
                0x08004928                HAL_PWREx_ConfigSupply
 .text.HAL_RCC_OscConfig
                0x0800499c      0x8b4 ./Drivers/STM32H7xx_HAL_Driver/Src/stm32h7xx_hal_rcc.o
                0x0800499c                HAL_RCC_OscConfig
 .text.HAL_RCC_ClockConfig
                0x08005250      0x36c ./Drivers/STM32H7xx_HAL_Driver/Src/stm32h7xx_hal_rcc.o
                0x08005250                HAL_RCC_ClockConfig
 .text.HAL_RCC_GetSysClockFreq
                0x080055bc      0x2f4 ./Drivers/STM32H7xx_HAL_Driver/Src/stm32h7xx_hal_rcc.o
                0x080055bc                HAL_RCC_GetSysClockFreq
 .text.HAL_RCCEx_PeriphCLKConfig
                0x080058b0     0x1414 ./Drivers/STM32H7xx_HAL_Driver/Src/stm32h7xx_hal_rcc_ex.o
                0x080058b0                HAL_RCCEx_PeriphCLKConfig
 .text.RCCEx_PLL2_Config
                0x08006cc4      0x164 ./Drivers/STM32H7xx_HAL_Driver/Src/stm32h7xx_hal_rcc_ex.o
 .text.RCCEx_PLL3_Config
                0x08006e28      0x164 ./Drivers/STM32H7xx_HAL_Driver/Src/stm32h7xx_hal_rcc_ex.o
 .text.HAL_SPI_Init
                0x08006f8c      0x248 ./Drivers/STM32H7xx_HAL_Driver/Src/stm32h7xx_hal_spi.o
                0x08006f8c                HAL_SPI_Init
 .text.HAL_SPI_Transmit
                0x080071d4      0x3dc ./Drivers/STM32H7xx_HAL_Driver/Src/stm32h7xx_hal_spi.o
                0x080071d4                HAL_SPI_Transmit
 .text.HAL_SPI_TransmitReceive
                0x080075b0      0x674 ./Drivers/STM32H7xx_HAL_Driver/Src/stm32h7xx_hal_spi.o
                0x080075b0                HAL_SPI_TransmitReceive
 .text.SPI_CloseTransfer
                0x08007c24      0x140 ./Drivers/STM32H7xx_HAL_Driver/Src/stm32h7xx_hal_spi.o
 .text.SPI_WaitOnFlagUntilTimeout
                0x08007d64       0x5c ./Drivers/STM32H7xx_HAL_Driver/Src/stm32h7xx_hal_spi.o
 .text.SPI_GetPacketSize
                0x08007dc0       0x36 ./Drivers/STM32H7xx_HAL_Driver/Src/stm32h7xx_hal_spi.o
 .text.HAL_TIM_PWM_Init
                0x08007df6       0xae ./Drivers/STM32H7xx_HAL_Driver/Src/stm32h7xx_hal_tim.o
                0x08007df6                HAL_TIM_PWM_Init
 .text.HAL_TIM_OnePulse_Init
                0x08007ea4       0xa0 ./Drivers/STM32H7xx_HAL_Driver/Src/stm32h7xx_hal_tim.o
                0x08007ea4                HAL_TIM_OnePulse_Init
 .text.HAL_TIM_OnePulse_MspInit
                0x08007f44       0x14 ./Drivers/STM32H7xx_HAL_Driver/Src/stm32h7xx_hal_tim.o
                0x08007f44                HAL_TIM_OnePulse_MspInit
 .text.HAL_TIM_PWM_ConfigChannel
                0x08007f58      0x228 ./Drivers/STM32H7xx_HAL_Driver/Src/stm32h7xx_hal_tim.o
                0x08007f58                HAL_TIM_PWM_ConfigChannel
 .text.TIM_Base_SetConfig
                0x08008180      0x140 ./Drivers/STM32H7xx_HAL_Driver/Src/stm32h7xx_hal_tim.o
                0x08008180                TIM_Base_SetConfig
 .text.TIM_OC1_SetConfig
                0x080082c0      0x120 ./Drivers/STM32H7xx_HAL_Driver/Src/stm32h7xx_hal_tim.o
 .text.TIM_OC2_SetConfig
                0x080083e0      0x114 ./Drivers/STM32H7xx_HAL_Driver/Src/stm32h7xx_hal_tim.o
                0x080083e0                TIM_OC2_SetConfig
 .text.TIM_OC3_SetConfig
                0x080084f4      0x110 ./Drivers/STM32H7xx_HAL_Driver/Src/stm32h7xx_hal_tim.o
 .text.TIM_OC4_SetConfig
                0x08008604       0xd4 ./Drivers/STM32H7xx_HAL_Driver/Src/stm32h7xx_hal_tim.o
 .text.TIM_OC5_SetConfig
                0x080086d8       0xc8 ./Drivers/STM32H7xx_HAL_Driver/Src/stm32h7xx_hal_tim.o
 .text.TIM_OC6_SetConfig
                0x080087a0       0xcc ./Drivers/STM32H7xx_HAL_Driver/Src/stm32h7xx_hal_tim.o
 .text.HAL_TIMEx_MasterConfigSynchronization
                0x0800886c      0x11c ./Drivers/STM32H7xx_HAL_Driver/Src/stm32h7xx_hal_tim_ex.o
                0x0800886c                HAL_TIMEx_MasterConfigSynchronization
 .text.HAL_TIMEx_ConfigBreakDeadTime
                0x08008988       0xfc ./Drivers/STM32H7xx_HAL_Driver/Src/stm32h7xx_hal_tim_ex.o
                0x08008988                HAL_TIMEx_ConfigBreakDeadTime
 .text.lroundf  0x08008a84       0x5a C:/ST/STM32CubeIDE_1.19.0/STM32CubeIDE/plugins/com.st.stm32cube.ide.mcu.externaltools.gnu-tools-for-stm32.13.3.rel1.win32_1.0.100.202509120712/tools/bin/../lib/gcc/arm-none-eabi/13.3.1/../../../../arm-none-eabi/lib/thumb/v7e-m+dp/hard\libm.a(libm_a-sf_lround.o)
                0x08008a84                lroundf
 *fill*         0x08008ade        0x2 
 .text.expf     0x08008ae0       0xe8 C:/ST/STM32CubeIDE_1.19.0/STM32CubeIDE/plugins/com.st.stm32cube.ide.mcu.externaltools.gnu-tools-for-stm32.13.3.rel1.win32_1.0.100.202509120712/tools/bin/../lib/gcc/arm-none-eabi/13.3.1/../../../../arm-none-eabi/lib/thumb/v7e-m+dp/hard\libm.a(libm_a-sf_exp.o)
                0x08008ae0                expf
 .text.sinf_poly
                0x08008bc8       0x54 C:/ST/STM32CubeIDE_1.19.0/STM32CubeIDE/plugins/com.st.stm32cube.ide.mcu.externaltools.gnu-tools-for-stm32.13.3.rel1.win32_1.0.100.202509120712/tools/bin/../lib/gcc/arm-none-eabi/13.3.1/../../../../arm-none-eabi/lib/thumb/v7e-m+dp/hard\libm.a(libm_a-sinf.o)
 *fill*         0x08008c1c        0x4 
 .text.sinf     0x08008c20      0x130 C:/ST/STM32CubeIDE_1.19.0/STM32CubeIDE/plugins/com.st.stm32cube.ide.mcu.externaltools.gnu-tools-for-stm32.13.3.rel1.win32_1.0.100.202509120712/tools/bin/../lib/gcc/arm-none-eabi/13.3.1/../../../../arm-none-eabi/lib/thumb/v7e-m+dp/hard\libm.a(libm_a-sinf.o)
                0x08008c20                sinf
 .text.with_errnof
                0x08008d50       0x1c C:/ST/STM32CubeIDE_1.19.0/STM32CubeIDE/plugins/com.st.stm32cube.ide.mcu.externaltools.gnu-tools-for-stm32.13.3.rel1.win32_1.0.100.202509120712/tools/bin/../lib/gcc/arm-none-eabi/13.3.1/../../../../arm-none-eabi/lib/thumb/v7e-m+dp/hard\libm.a(libm_a-math_errf.o)
 .text.xflowf   0x08008d6c       0x16 C:/ST/STM32CubeIDE_1.19.0/STM32CubeIDE/plugins/com.st.stm32cube.ide.mcu.externaltools.gnu-tools-for-stm32.13.3.rel1.win32_1.0.100.202509120712/tools/bin/../lib/gcc/arm-none-eabi/13.3.1/../../../../arm-none-eabi/lib/thumb/v7e-m+dp/hard\libm.a(libm_a-math_errf.o)
 *fill*         0x08008d82        0x2 
 .text.__math_uflowf
                0x08008d84        0xc C:/ST/STM32CubeIDE_1.19.0/STM32CubeIDE/plugins/com.st.stm32cube.ide.mcu.externaltools.gnu-tools-for-stm32.13.3.rel1.win32_1.0.100.202509120712/tools/bin/../lib/gcc/arm-none-eabi/13.3.1/../../../../arm-none-eabi/lib/thumb/v7e-m+dp/hard\libm.a(libm_a-math_errf.o)
                0x08008d84                __math_uflowf
 .text.__math_may_uflowf
                0x08008d90        0xc C:/ST/STM32CubeIDE_1.19.0/STM32CubeIDE/plugins/com.st.stm32cube.ide.mcu.externaltools.gnu-tools-for-stm32.13.3.rel1.win32_1.0.100.202509120712/tools/bin/../lib/gcc/arm-none-eabi/13.3.1/../../../../arm-none-eabi/lib/thumb/v7e-m+dp/hard\libm.a(libm_a-math_errf.o)
                0x08008d90                __math_may_uflowf
 .text.__math_oflowf
                0x08008d9c        0xc C:/ST/STM32CubeIDE_1.19.0/STM32CubeIDE/plugins/com.st.stm32cube.ide.mcu.externaltools.gnu-tools-for-stm32.13.3.rel1.win32_1.0.100.202509120712/tools/bin/../lib/gcc/arm-none-eabi/13.3.1/../../../../arm-none-eabi/lib/thumb/v7e-m+dp/hard\libm.a(libm_a-math_errf.o)
                0x08008d9c                __math_oflowf
 .text.__math_invalidf
                0x08008da8       0x1e C:/ST/STM32CubeIDE_1.19.0/STM32CubeIDE/plugins/com.st.stm32cube.ide.mcu.externaltools.gnu-tools-for-stm32.13.3.rel1.win32_1.0.100.202509120712/tools/bin/../lib/gcc/arm-none-eabi/13.3.1/../../../../arm-none-eabi/lib/thumb/v7e-m+dp/hard\libm.a(libm_a-math_errf.o)
                0x08008da8                __math_invalidf
 *fill*         0x08008dc6        0x2 
 .text.std      0x08008dc8       0x6c C:/ST/STM32CubeIDE_1.19.0/STM32CubeIDE/plugins/com.st.stm32cube.ide.mcu.externaltools.gnu-tools-for-stm32.13.3.rel1.win32_1.0.100.202509120712/tools/bin/../lib/gcc/arm-none-eabi/13.3.1/../../../../arm-none-eabi/lib/thumb/v7e-m+dp/hard\libc_nano.a(libc_a-findfp.o)
 .text.stdio_exit_handler
                0x08008e34       0x18 C:/ST/STM32CubeIDE_1.19.0/STM32CubeIDE/plugins/com.st.stm32cube.ide.mcu.externaltools.gnu-tools-for-stm32.13.3.rel1.win32_1.0.100.202509120712/tools/bin/../lib/gcc/arm-none-eabi/13.3.1/../../../../arm-none-eabi/lib/thumb/v7e-m+dp/hard\libc_nano.a(libc_a-findfp.o)
 .text.cleanup_stdio
                0x08008e4c       0x40 C:/ST/STM32CubeIDE_1.19.0/STM32CubeIDE/plugins/com.st.stm32cube.ide.mcu.externaltools.gnu-tools-for-stm32.13.3.rel1.win32_1.0.100.202509120712/tools/bin/../lib/gcc/arm-none-eabi/13.3.1/../../../../arm-none-eabi/lib/thumb/v7e-m+dp/hard\libc_nano.a(libc_a-findfp.o)
 .text.global_stdio_init.part.0
                0x08008e8c       0x3c C:/ST/STM32CubeIDE_1.19.0/STM32CubeIDE/plugins/com.st.stm32cube.ide.mcu.externaltools.gnu-tools-for-stm32.13.3.rel1.win32_1.0.100.202509120712/tools/bin/../lib/gcc/arm-none-eabi/13.3.1/../../../../arm-none-eabi/lib/thumb/v7e-m+dp/hard\libc_nano.a(libc_a-findfp.o)
 .text.__sfp_lock_acquire
                0x08008ec8        0xc C:/ST/STM32CubeIDE_1.19.0/STM32CubeIDE/plugins/com.st.stm32cube.ide.mcu.externaltools.gnu-tools-for-stm32.13.3.rel1.win32_1.0.100.202509120712/tools/bin/../lib/gcc/arm-none-eabi/13.3.1/../../../../arm-none-eabi/lib/thumb/v7e-m+dp/hard\libc_nano.a(libc_a-findfp.o)
                0x08008ec8                __sfp_lock_acquire
 .text.__sfp_lock_release
                0x08008ed4        0xc C:/ST/STM32CubeIDE_1.19.0/STM32CubeIDE/plugins/com.st.stm32cube.ide.mcu.externaltools.gnu-tools-for-stm32.13.3.rel1.win32_1.0.100.202509120712/tools/bin/../lib/gcc/arm-none-eabi/13.3.1/../../../../arm-none-eabi/lib/thumb/v7e-m+dp/hard\libc_nano.a(libc_a-findfp.o)
                0x08008ed4                __sfp_lock_release
 .text.__sinit  0x08008ee0       0x30 C:/ST/STM32CubeIDE_1.19.0/STM32CubeIDE/plugins/com.st.stm32cube.ide.mcu.externaltools.gnu-tools-for-stm32.13.3.rel1.win32_1.0.100.202509120712/tools/bin/../lib/gcc/arm-none-eabi/13.3.1/../../../../arm-none-eabi/lib/thumb/v7e-m+dp/hard\libc_nano.a(libc_a-findfp.o)
                0x08008ee0                __sinit
 .text._fwalk_sglue
                0x08008f10       0x3c C:/ST/STM32CubeIDE_1.19.0/STM32CubeIDE/plugins/com.st.stm32cube.ide.mcu.externaltools.gnu-tools-for-stm32.13.3.rel1.win32_1.0.100.202509120712/tools/bin/../lib/gcc/arm-none-eabi/13.3.1/../../../../arm-none-eabi/lib/thumb/v7e-m+dp/hard\libc_nano.a(libc_a-fwalk.o)
                0x08008f10                _fwalk_sglue
 .text.printf   0x08008f4c       0x24 C:/ST/STM32CubeIDE_1.19.0/STM32CubeIDE/plugins/com.st.stm32cube.ide.mcu.externaltools.gnu-tools-for-stm32.13.3.rel1.win32_1.0.100.202509120712/tools/bin/../lib/gcc/arm-none-eabi/13.3.1/../../../../arm-none-eabi/lib/thumb/v7e-m+dp/hard\libc_nano.a(libc_a-printf.o)
                0x08008f4c                iprintf
                0x08008f4c                printf
 .text._puts_r  0x08008f70       0xaa C:/ST/STM32CubeIDE_1.19.0/STM32CubeIDE/plugins/com.st.stm32cube.ide.mcu.externaltools.gnu-tools-for-stm32.13.3.rel1.win32_1.0.100.202509120712/tools/bin/../lib/gcc/arm-none-eabi/13.3.1/../../../../arm-none-eabi/lib/thumb/v7e-m+dp/hard\libc_nano.a(libc_a-puts.o)
                0x08008f70                _puts_r
 *fill*         0x0800901a        0x2 
 .text.puts     0x0800901c       0x10 C:/ST/STM32CubeIDE_1.19.0/STM32CubeIDE/plugins/com.st.stm32cube.ide.mcu.externaltools.gnu-tools-for-stm32.13.3.rel1.win32_1.0.100.202509120712/tools/bin/../lib/gcc/arm-none-eabi/13.3.1/../../../../arm-none-eabi/lib/thumb/v7e-m+dp/hard\libc_nano.a(libc_a-puts.o)
                0x0800901c                puts
 .text.__sread  0x0800902c       0x22 C:/ST/STM32CubeIDE_1.19.0/STM32CubeIDE/plugins/com.st.stm32cube.ide.mcu.externaltools.gnu-tools-for-stm32.13.3.rel1.win32_1.0.100.202509120712/tools/bin/../lib/gcc/arm-none-eabi/13.3.1/../../../../arm-none-eabi/lib/thumb/v7e-m+dp/hard\libc_nano.a(libc_a-stdio.o)
                0x0800902c                __sread
 .text.__swrite
                0x0800904e       0x38 C:/ST/STM32CubeIDE_1.19.0/STM32CubeIDE/plugins/com.st.stm32cube.ide.mcu.externaltools.gnu-tools-for-stm32.13.3.rel1.win32_1.0.100.202509120712/tools/bin/../lib/gcc/arm-none-eabi/13.3.1/../../../../arm-none-eabi/lib/thumb/v7e-m+dp/hard\libc_nano.a(libc_a-stdio.o)
                0x0800904e                __swrite
 .text.__sseek  0x08009086       0x24 C:/ST/STM32CubeIDE_1.19.0/STM32CubeIDE/plugins/com.st.stm32cube.ide.mcu.externaltools.gnu-tools-for-stm32.13.3.rel1.win32_1.0.100.202509120712/tools/bin/../lib/gcc/arm-none-eabi/13.3.1/../../../../arm-none-eabi/lib/thumb/v7e-m+dp/hard\libc_nano.a(libc_a-stdio.o)
                0x08009086                __sseek
 .text.__sclose
                0x080090aa        0x8 C:/ST/STM32CubeIDE_1.19.0/STM32CubeIDE/plugins/com.st.stm32cube.ide.mcu.externaltools.gnu-tools-for-stm32.13.3.rel1.win32_1.0.100.202509120712/tools/bin/../lib/gcc/arm-none-eabi/13.3.1/../../../../arm-none-eabi/lib/thumb/v7e-m+dp/hard\libc_nano.a(libc_a-stdio.o)
                0x080090aa                __sclose
 .text.__swbuf_r
                0x080090b2       0x7c C:/ST/STM32CubeIDE_1.19.0/STM32CubeIDE/plugins/com.st.stm32cube.ide.mcu.externaltools.gnu-tools-for-stm32.13.3.rel1.win32_1.0.100.202509120712/tools/bin/../lib/gcc/arm-none-eabi/13.3.1/../../../../arm-none-eabi/lib/thumb/v7e-m+dp/hard\libc_nano.a(libc_a-wbuf.o)
                0x080090b2                __swbuf_r
 *fill*         0x0800912e        0x2 
 .text.__swsetup_r
                0x08009130       0xac C:/ST/STM32CubeIDE_1.19.0/STM32CubeIDE/plugins/com.st.stm32cube.ide.mcu.externaltools.gnu-tools-for-stm32.13.3.rel1.win32_1.0.100.202509120712/tools/bin/../lib/gcc/arm-none-eabi/13.3.1/../../../../arm-none-eabi/lib/thumb/v7e-m+dp/hard\libc_nano.a(libc_a-wsetup.o)
                0x08009130                __swsetup_r
 .text.memset   0x080091dc       0x10 C:/ST/STM32CubeIDE_1.19.0/STM32CubeIDE/plugins/com.st.stm32cube.ide.mcu.externaltools.gnu-tools-for-stm32.13.3.rel1.win32_1.0.100.202509120712/tools/bin/../lib/gcc/arm-none-eabi/13.3.1/../../../../arm-none-eabi/lib/thumb/v7e-m+dp/hard\libc_nano.a(libc_a-memset.o)
                0x080091dc                memset
 .text._close_r
                0x080091ec       0x20 C:/ST/STM32CubeIDE_1.19.0/STM32CubeIDE/plugins/com.st.stm32cube.ide.mcu.externaltools.gnu-tools-for-stm32.13.3.rel1.win32_1.0.100.202509120712/tools/bin/../lib/gcc/arm-none-eabi/13.3.1/../../../../arm-none-eabi/lib/thumb/v7e-m+dp/hard\libc_nano.a(libc_a-closer.o)
                0x080091ec                _close_r
 .text._lseek_r
                0x0800920c       0x24 C:/ST/STM32CubeIDE_1.19.0/STM32CubeIDE/plugins/com.st.stm32cube.ide.mcu.externaltools.gnu-tools-for-stm32.13.3.rel1.win32_1.0.100.202509120712/tools/bin/../lib/gcc/arm-none-eabi/13.3.1/../../../../arm-none-eabi/lib/thumb/v7e-m+dp/hard\libc_nano.a(libc_a-lseekr.o)
                0x0800920c                _lseek_r
 .text._read_r  0x08009230       0x24 C:/ST/STM32CubeIDE_1.19.0/STM32CubeIDE/plugins/com.st.stm32cube.ide.mcu.externaltools.gnu-tools-for-stm32.13.3.rel1.win32_1.0.100.202509120712/tools/bin/../lib/gcc/arm-none-eabi/13.3.1/../../../../arm-none-eabi/lib/thumb/v7e-m+dp/hard\libc_nano.a(libc_a-readr.o)
                0x08009230                _read_r
 .text._write_r
                0x08009254       0x24 C:/ST/STM32CubeIDE_1.19.0/STM32CubeIDE/plugins/com.st.stm32cube.ide.mcu.externaltools.gnu-tools-for-stm32.13.3.rel1.win32_1.0.100.202509120712/tools/bin/../lib/gcc/arm-none-eabi/13.3.1/../../../../arm-none-eabi/lib/thumb/v7e-m+dp/hard\libc_nano.a(libc_a-writer.o)
                0x08009254                _write_r
 .text.__errno  0x08009278        0xc C:/ST/STM32CubeIDE_1.19.0/STM32CubeIDE/plugins/com.st.stm32cube.ide.mcu.externaltools.gnu-tools-for-stm32.13.3.rel1.win32_1.0.100.202509120712/tools/bin/../lib/gcc/arm-none-eabi/13.3.1/../../../../arm-none-eabi/lib/thumb/v7e-m+dp/hard\libc_nano.a(libc_a-errno.o)
                0x08009278                __errno
 .text.__libc_init_array
                0x08009284       0x48 C:/ST/STM32CubeIDE_1.19.0/STM32CubeIDE/plugins/com.st.stm32cube.ide.mcu.externaltools.gnu-tools-for-stm32.13.3.rel1.win32_1.0.100.202509120712/tools/bin/../lib/gcc/arm-none-eabi/13.3.1/../../../../arm-none-eabi/lib/thumb/v7e-m+dp/hard\libc_nano.a(libc_a-init.o)
                0x08009284                __libc_init_array
 .text.__retarget_lock_init_recursive
                0x080092cc        0x2 C:/ST/STM32CubeIDE_1.19.0/STM32CubeIDE/plugins/com.st.stm32cube.ide.mcu.externaltools.gnu-tools-for-stm32.13.3.rel1.win32_1.0.100.202509120712/tools/bin/../lib/gcc/arm-none-eabi/13.3.1/../../../../arm-none-eabi/lib/thumb/v7e-m+dp/hard\libc_nano.a(libc_a-lock.o)
                0x080092cc                __retarget_lock_init_recursive
 .text.__retarget_lock_acquire_recursive
                0x080092ce        0x2 C:/ST/STM32CubeIDE_1.19.0/STM32CubeIDE/plugins/com.st.stm32cube.ide.mcu.externaltools.gnu-tools-for-stm32.13.3.rel1.win32_1.0.100.202509120712/tools/bin/../lib/gcc/arm-none-eabi/13.3.1/../../../../arm-none-eabi/lib/thumb/v7e-m+dp/hard\libc_nano.a(libc_a-lock.o)
                0x080092ce                __retarget_lock_acquire_recursive
 .text.__retarget_lock_release_recursive
                0x080092d0        0x2 C:/ST/STM32CubeIDE_1.19.0/STM32CubeIDE/plugins/com.st.stm32cube.ide.mcu.externaltools.gnu-tools-for-stm32.13.3.rel1.win32_1.0.100.202509120712/tools/bin/../lib/gcc/arm-none-eabi/13.3.1/../../../../arm-none-eabi/lib/thumb/v7e-m+dp/hard\libc_nano.a(libc_a-lock.o)
                0x080092d0                __retarget_lock_release_recursive
 .text.memcpy   0x080092d2       0x1c C:/ST/STM32CubeIDE_1.19.0/STM32CubeIDE/plugins/com.st.stm32cube.ide.mcu.externaltools.gnu-tools-for-stm32.13.3.rel1.win32_1.0.100.202509120712/tools/bin/../lib/gcc/arm-none-eabi/13.3.1/../../../../arm-none-eabi/lib/thumb/v7e-m+dp/hard\libc_nano.a(libc_a-memcpy-stub.o)
                0x080092d2                memcpy
 *fill*         0x080092ee        0x2 
 .text._free_r  0x080092f0       0x94 C:/ST/STM32CubeIDE_1.19.0/STM32CubeIDE/plugins/com.st.stm32cube.ide.mcu.externaltools.gnu-tools-for-stm32.13.3.rel1.win32_1.0.100.202509120712/tools/bin/../lib/gcc/arm-none-eabi/13.3.1/../../../../arm-none-eabi/lib/thumb/v7e-m+dp/hard\libc_nano.a(libc_a-freer.o)
                0x080092f0                _free_r
 .text.sbrk_aligned
                0x08009384       0x44 C:/ST/STM32CubeIDE_1.19.0/STM32CubeIDE/plugins/com.st.stm32cube.ide.mcu.externaltools.gnu-tools-for-stm32.13.3.rel1.win32_1.0.100.202509120712/tools/bin/../lib/gcc/arm-none-eabi/13.3.1/../../../../arm-none-eabi/lib/thumb/v7e-m+dp/hard\libc_nano.a(libc_a-mallocr.o)
 .text._malloc_r
                0x080093c8      0x100 C:/ST/STM32CubeIDE_1.19.0/STM32CubeIDE/plugins/com.st.stm32cube.ide.mcu.externaltools.gnu-tools-for-stm32.13.3.rel1.win32_1.0.100.202509120712/tools/bin/../lib/gcc/arm-none-eabi/13.3.1/../../../../arm-none-eabi/lib/thumb/v7e-m+dp/hard\libc_nano.a(libc_a-mallocr.o)
                0x080093c8                _malloc_r
 .text.__malloc_lock
                0x080094c8        0xc C:/ST/STM32CubeIDE_1.19.0/STM32CubeIDE/plugins/com.st.stm32cube.ide.mcu.externaltools.gnu-tools-for-stm32.13.3.rel1.win32_1.0.100.202509120712/tools/bin/../lib/gcc/arm-none-eabi/13.3.1/../../../../arm-none-eabi/lib/thumb/v7e-m+dp/hard\libc_nano.a(libc_a-mlock.o)
                0x080094c8                __malloc_lock
 .text.__malloc_unlock
                0x080094d4        0xc C:/ST/STM32CubeIDE_1.19.0/STM32CubeIDE/plugins/com.st.stm32cube.ide.mcu.externaltools.gnu-tools-for-stm32.13.3.rel1.win32_1.0.100.202509120712/tools/bin/../lib/gcc/arm-none-eabi/13.3.1/../../../../arm-none-eabi/lib/thumb/v7e-m+dp/hard\libc_nano.a(libc_a-mlock.o)
                0x080094d4                __malloc_unlock
 .text.__sfputc_r
                0x080094e0       0x2e C:/ST/STM32CubeIDE_1.19.0/STM32CubeIDE/plugins/com.st.stm32cube.ide.mcu.externaltools.gnu-tools-for-stm32.13.3.rel1.win32_1.0.100.202509120712/tools/bin/../lib/gcc/arm-none-eabi/13.3.1/../../../../arm-none-eabi/lib/thumb/v7e-m+dp/hard\libc_nano.a(libc_a-nano-vfprintf.o)
 .text.__sfputs_r
                0x0800950e       0x24 C:/ST/STM32CubeIDE_1.19.0/STM32CubeIDE/plugins/com.st.stm32cube.ide.mcu.externaltools.gnu-tools-for-stm32.13.3.rel1.win32_1.0.100.202509120712/tools/bin/../lib/gcc/arm-none-eabi/13.3.1/../../../../arm-none-eabi/lib/thumb/v7e-m+dp/hard\libc_nano.a(libc_a-nano-vfprintf.o)
                0x0800950e                __sfputs_r
 *fill*         0x08009532        0x2 
 .text._vfprintf_r
                0x08009534      0x230 C:/ST/STM32CubeIDE_1.19.0/STM32CubeIDE/plugins/com.st.stm32cube.ide.mcu.externaltools.gnu-tools-for-stm32.13.3.rel1.win32_1.0.100.202509120712/tools/bin/../lib/gcc/arm-none-eabi/13.3.1/../../../../arm-none-eabi/lib/thumb/v7e-m+dp/hard\libc_nano.a(libc_a-nano-vfprintf.o)
                0x08009534                _vfprintf_r
                0x08009534                _vfiprintf_r
 .text._printf_common
                0x08009764       0xda C:/ST/STM32CubeIDE_1.19.0/STM32CubeIDE/plugins/com.st.stm32cube.ide.mcu.externaltools.gnu-tools-for-stm32.13.3.rel1.win32_1.0.100.202509120712/tools/bin/../lib/gcc/arm-none-eabi/13.3.1/../../../../arm-none-eabi/lib/thumb/v7e-m+dp/hard\libc_nano.a(libc_a-nano-vfprintf_i.o)
                0x08009764                _printf_common
 *fill*         0x0800983e        0x2 
 .text._printf_i
                0x08009840      0x23c C:/ST/STM32CubeIDE_1.19.0/STM32CubeIDE/plugins/com.st.stm32cube.ide.mcu.externaltools.gnu-tools-for-stm32.13.3.rel1.win32_1.0.100.202509120712/tools/bin/../lib/gcc/arm-none-eabi/13.3.1/../../../../arm-none-eabi/lib/thumb/v7e-m+dp/hard\libc_nano.a(libc_a-nano-vfprintf_i.o)
                0x08009840                _printf_i
 .text.__sflush_r
                0x08009a7c      0x108 C:/ST/STM32CubeIDE_1.19.0/STM32CubeIDE/plugins/com.st.stm32cube.ide.mcu.externaltools.gnu-tools-for-stm32.13.3.rel1.win32_1.0.100.202509120712/tools/bin/../lib/gcc/arm-none-eabi/13.3.1/../../../../arm-none-eabi/lib/thumb/v7e-m+dp/hard\libc_nano.a(libc_a-fflush.o)
                0x08009a7c                __sflush_r
 .text._fflush_r
                0x08009b84       0x50 C:/ST/STM32CubeIDE_1.19.0/STM32CubeIDE/plugins/com.st.stm32cube.ide.mcu.externaltools.gnu-tools-for-stm32.13.3.rel1.win32_1.0.100.202509120712/tools/bin/../lib/gcc/arm-none-eabi/13.3.1/../../../../arm-none-eabi/lib/thumb/v7e-m+dp/hard\libc_nano.a(libc_a-fflush.o)
                0x08009b84                _fflush_r
 .text.__swhatbuf_r
                0x08009bd4       0x4c C:/ST/STM32CubeIDE_1.19.0/STM32CubeIDE/plugins/com.st.stm32cube.ide.mcu.externaltools.gnu-tools-for-stm32.13.3.rel1.win32_1.0.100.202509120712/tools/bin/../lib/gcc/arm-none-eabi/13.3.1/../../../../arm-none-eabi/lib/thumb/v7e-m+dp/hard\libc_nano.a(libc_a-makebuf.o)
                0x08009bd4                __swhatbuf_r
 .text.__smakebuf_r
                0x08009c20       0x78 C:/ST/STM32CubeIDE_1.19.0/STM32CubeIDE/plugins/com.st.stm32cube.ide.mcu.externaltools.gnu-tools-for-stm32.13.3.rel1.win32_1.0.100.202509120712/tools/bin/../lib/gcc/arm-none-eabi/13.3.1/../../../../arm-none-eabi/lib/thumb/v7e-m+dp/hard\libc_nano.a(libc_a-makebuf.o)
                0x08009c20                __smakebuf_r
 .text._fstat_r
                0x08009c98       0x24 C:/ST/STM32CubeIDE_1.19.0/STM32CubeIDE/plugins/com.st.stm32cube.ide.mcu.externaltools.gnu-tools-for-stm32.13.3.rel1.win32_1.0.100.202509120712/tools/bin/../lib/gcc/arm-none-eabi/13.3.1/../../../../arm-none-eabi/lib/thumb/v7e-m+dp/hard\libc_nano.a(libc_a-fstatr.o)
                0x08009c98                _fstat_r
 .text._isatty_r
                0x08009cbc       0x20 C:/ST/STM32CubeIDE_1.19.0/STM32CubeIDE/plugins/com.st.stm32cube.ide.mcu.externaltools.gnu-tools-for-stm32.13.3.rel1.win32_1.0.100.202509120712/tools/bin/../lib/gcc/arm-none-eabi/13.3.1/../../../../arm-none-eabi/lib/thumb/v7e-m+dp/hard\libc_nano.a(libc_a-isattyr.o)
                0x08009cbc                _isatty_r
 .text._sbrk_r  0x08009cdc       0x20 C:/ST/STM32CubeIDE_1.19.0/STM32CubeIDE/plugins/com.st.stm32cube.ide.mcu.externaltools.gnu-tools-for-stm32.13.3.rel1.win32_1.0.100.202509120712/tools/bin/../lib/gcc/arm-none-eabi/13.3.1/../../../../arm-none-eabi/lib/thumb/v7e-m+dp/hard\libc_nano.a(libc_a-sbrkr.o)
                0x08009cdc                _sbrk_r
 *(.glue_7)
 .glue_7        0x08009cfc        0x0 linker stubs
 *(.glue_7t)
 .glue_7t       0x08009cfc        0x0 linker stubs
 *(.eh_frame)
 .eh_frame      0x08009cfc        0x0 C:/ST/STM32CubeIDE_1.19.0/STM32CubeIDE/plugins/com.st.stm32cube.ide.mcu.externaltools.gnu-tools-for-stm32.13.3.rel1.win32_1.0.100.202509120712/tools/bin/../lib/gcc/arm-none-eabi/13.3.1/thumb/v7e-m+dp/hard/crtbegin.o
 *(.init)
 .init          0x08009cfc        0x4 C:/ST/STM32CubeIDE_1.19.0/STM32CubeIDE/plugins/com.st.stm32cube.ide.mcu.externaltools.gnu-tools-for-stm32.13.3.rel1.win32_1.0.100.202509120712/tools/bin/../lib/gcc/arm-none-eabi/13.3.1/thumb/v7e-m+dp/hard/crti.o
                0x08009cfc                _init
 .init          0x08009d00        0x8 C:/ST/STM32CubeIDE_1.19.0/STM32CubeIDE/plugins/com.st.stm32cube.ide.mcu.externaltools.gnu-tools-for-stm32.13.3.rel1.win32_1.0.100.202509120712/tools/bin/../lib/gcc/arm-none-eabi/13.3.1/thumb/v7e-m+dp/hard/crtn.o
 *(.fini)
 .fini          0x08009d08        0x4 C:/ST/STM32CubeIDE_1.19.0/STM32CubeIDE/plugins/com.st.stm32cube.ide.mcu.externaltools.gnu-tools-for-stm32.13.3.rel1.win32_1.0.100.202509120712/tools/bin/../lib/gcc/arm-none-eabi/13.3.1/thumb/v7e-m+dp/hard/crti.o
                0x08009d08                _fini
 .fini          0x08009d0c        0x8 C:/ST/STM32CubeIDE_1.19.0/STM32CubeIDE/plugins/com.st.stm32cube.ide.mcu.externaltools.gnu-tools-for-stm32.13.3.rel1.win32_1.0.100.202509120712/tools/bin/../lib/gcc/arm-none-eabi/13.3.1/thumb/v7e-m+dp/hard/crtn.o
                0x08009d14                        . = ALIGN (0x4)
                0x08009d14                        _etext = .

.vfp11_veneer   0x08009d14        0x0
 .vfp11_veneer  0x08009d14        0x0 linker stubs

.v4_bx          0x08009d14        0x0
 .v4_bx         0x08009d14        0x0 linker stubs

.iplt           0x08009d14        0x0
 .iplt          0x08009d14        0x0 C:/ST/STM32CubeIDE_1.19.0/STM32CubeIDE/plugins/com.st.stm32cube.ide.mcu.externaltools.gnu-tools-for-stm32.13.3.rel1.win32_1.0.100.202509120712/tools/bin/../lib/gcc/arm-none-eabi/13.3.1/thumb/v7e-m+dp/hard/crtbegin.o

.rodata         0x08009d18      0x444
                0x08009d18                        . = ALIGN (0x4)
 *(.rodata)
 .rodata        0x08009d18       0x14 ./Core/Src/can_service.o
 .rodata        0x08009d2c       0x8d ./Core/Src/lcd.o
 *fill*         0x08009db9        0x3 
 .rodata        0x08009dbc       0x29 ./Core/Src/main.o
 *fill*         0x08009de5        0x3 
 .rodata        0x08009de8       0x4c ./Drivers/STM32H7xx_HAL_Driver/Src/stm32h7xx_hal_fdcan.o
 *(.rodata*)
 .rodata._ZN9energybarL10SEG_COLORSE
                0x08009e34        0xf ./Core/Src/lcd.o
 *fill*         0x08009e43        0x1 
 .rodata.PIN_LED_SOLID
                0x08009e44       0x14 ./Core/Src/leds.o
                0x08009e44                PIN_LED_SOLID
 .rodata.PIN_LED_RGB_R
                0x08009e58        0xc ./Core/Src/leds.o
                0x08009e58                PIN_LED_RGB_R
 .rodata.PIN_LED_RGB_G
                0x08009e64        0xc ./Core/Src/leds.o
                0x08009e64                PIN_LED_RGB_G
 .rodata.PIN_LED_RGB_B
                0x08009e70        0xc ./Core/Src/leds.o
                0x08009e70                PIN_LED_RGB_B
 .rodata.D1CorePrescTable
                0x08009e7c       0x10 ./Core/Src/system_stm32h7xx.o
                0x08009e7c                D1CorePrescTable
 .rodata.DLCtoBytes
                0x08009e8c       0x10 ./Drivers/STM32H7xx_HAL_Driver/Src/stm32h7xx_hal_fdcan.o
 *fill*         0x08009e9c        0x4 
 .rodata.__exp2f_data
                0x08009ea0      0x148 C:/ST/STM32CubeIDE_1.19.0/STM32CubeIDE/plugins/com.st.stm32cube.ide.mcu.externaltools.gnu-tools-for-stm32.13.3.rel1.win32_1.0.100.202509120712/tools/bin/../lib/gcc/arm-none-eabi/13.3.1/../../../../arm-none-eabi/lib/thumb/v7e-m+dp/hard\libm.a(libm_a-sf_exp2_data.o)
                0x08009ea0                __exp2f_data
 .rodata.__inv_pio4
                0x08009fe8       0x60 C:/ST/STM32CubeIDE_1.19.0/STM32CubeIDE/plugins/com.st.stm32cube.ide.mcu.externaltools.gnu-tools-for-stm32.13.3.rel1.win32_1.0.100.202509120712/tools/bin/../lib/gcc/arm-none-eabi/13.3.1/../../../../arm-none-eabi/lib/thumb/v7e-m+dp/hard\libm.a(libm_a-sincosf_data.o)
                0x08009fe8                __inv_pio4
 .rodata.__sincosf_table
                0x0800a048       0xe0 C:/ST/STM32CubeIDE_1.19.0/STM32CubeIDE/plugins/com.st.stm32cube.ide.mcu.externaltools.gnu-tools-for-stm32.13.3.rel1.win32_1.0.100.202509120712/tools/bin/../lib/gcc/arm-none-eabi/13.3.1/../../../../arm-none-eabi/lib/thumb/v7e-m+dp/hard\libm.a(libm_a-sincosf_data.o)
                0x0800a048                __sincosf_table
 .rodata._vfprintf_r.str1.1
                0x0800a128       0x33 C:/ST/STM32CubeIDE_1.19.0/STM32CubeIDE/plugins/com.st.stm32cube.ide.mcu.externaltools.gnu-tools-for-stm32.13.3.rel1.win32_1.0.100.202509120712/tools/bin/../lib/gcc/arm-none-eabi/13.3.1/../../../../arm-none-eabi/lib/thumb/v7e-m+dp/hard\libc_nano.a(libc_a-nano-vfprintf.o)
                                 0x11 (size before relaxing)
 .rodata._printf_i.str1.1
                0x0800a15b        0x0 C:/ST/STM32CubeIDE_1.19.0/STM32CubeIDE/plugins/com.st.stm32cube.ide.mcu.externaltools.gnu-tools-for-stm32.13.3.rel1.win32_1.0.100.202509120712/tools/bin/../lib/gcc/arm-none-eabi/13.3.1/../../../../arm-none-eabi/lib/thumb/v7e-m+dp/hard\libc_nano.a(libc_a-nano-vfprintf_i.o)
                                 0x22 (size before relaxing)
                0x0800a15c                        . = ALIGN (0x4)
 *fill*         0x0800a15b        0x1 

.ARM.extab
 *(.ARM.extab* .gnu.linkonce.armextab.*)

.ARM            0x0800a15c        0x8
                0x0800a15c                        __exidx_start = .
 *(.ARM.exidx*)
 .ARM.exidx     0x0800a15c        0x8 C:/ST/STM32CubeIDE_1.19.0/STM32CubeIDE/plugins/com.st.stm32cube.ide.mcu.externaltools.gnu-tools-for-stm32.13.3.rel1.win32_1.0.100.202509120712/tools/bin/../lib/gcc/arm-none-eabi/13.3.1/../../../../arm-none-eabi/lib/thumb/v7e-m+dp/hard\libc_nano.a(libc_a-memchr.o)
                0x0800a164                        __exidx_end = .

.preinit_array  0x0800a164        0x0
                0x0800a164                        PROVIDE (__preinit_array_start = .)
 *(.preinit_array*)
                0x0800a164                        PROVIDE (__preinit_array_end = .)

.init_array     0x0800a164        0x4
                0x0800a164                        PROVIDE (__init_array_start = .)
 *(SORT_BY_NAME(.init_array.*))
 *(.init_array*)
 .init_array    0x0800a164        0x4 C:/ST/STM32CubeIDE_1.19.0/STM32CubeIDE/plugins/com.st.stm32cube.ide.mcu.externaltools.gnu-tools-for-stm32.13.3.rel1.win32_1.0.100.202509120712/tools/bin/../lib/gcc/arm-none-eabi/13.3.1/thumb/v7e-m+dp/hard/crtbegin.o
                0x0800a168                        PROVIDE (__init_array_end = .)

.fini_array     0x0800a168        0x4
                [!provide]                        PROVIDE (__fini_array_start = .)
 *(SORT_BY_NAME(.fini_array.*))
 *(.fini_array*)
 .fini_array    0x0800a168        0x4 C:/ST/STM32CubeIDE_1.19.0/STM32CubeIDE/plugins/com.st.stm32cube.ide.mcu.externaltools.gnu-tools-for-stm32.13.3.rel1.win32_1.0.100.202509120712/tools/bin/../lib/gcc/arm-none-eabi/13.3.1/thumb/v7e-m+dp/hard/crtbegin.o
                [!provide]                        PROVIDE (__fini_array_end = .)
                0x0800a16c                        _sidata = LOADADDR (.data)

.rel.dyn        0x0800a16c        0x0
 .rel.iplt      0x0800a16c        0x0 C:/ST/STM32CubeIDE_1.19.0/STM32CubeIDE/plugins/com.st.stm32cube.ide.mcu.externaltools.gnu-tools-for-stm32.13.3.rel1.win32_1.0.100.202509120712/tools/bin/../lib/gcc/arm-none-eabi/13.3.1/thumb/v7e-m+dp/hard/crtbegin.o

.data           0x24000000       0x94 load address 0x0800a16c
                0x24000000                        . = ALIGN (0x4)
                0x24000000                        _sdata = .
 *(.data)
 *(.data*)
 .data.MAX_PINS
                0x24000000        0x8 ./Core/Src/app_main.o
                0x24000000                MAX_PINS
 .data._ZL6s_fg_r
                0x24000008        0x1 ./Core/Src/lcd.o
 .data._ZL6s_fg_g
                0x24000009        0x1 ./Core/Src/lcd.o
 .data._ZL6s_fg_b
                0x2400000a        0x1 ./Core/Src/lcd.o
 *fill*         0x2400000b        0x1 
 .data._ZN12_GLOBAL__N_13cfgE
                0x2400000c       0x1c ./Core/Src/leds.o
 .data.SystemCoreClock
                0x24000028        0x4 ./Core/Src/system_stm32h7xx.o
                0x24000028                SystemCoreClock
 .data.SystemD2Clock
                0x2400002c        0x4 ./Core/Src/system_stm32h7xx.o
                0x2400002c                SystemD2Clock
 .data.uwTickPrio
                0x24000030        0x4 ./Drivers/STM32H7xx_HAL_Driver/Src/stm32h7xx_hal.o
                0x24000030                uwTickPrio
 .data.uwTickFreq
                0x24000034        0x1 ./Drivers/STM32H7xx_HAL_Driver/Src/stm32h7xx_hal.o
                0x24000034                uwTickFreq
 *fill*         0x24000035        0x3 
 .data.__sglue  0x24000038        0xc C:/ST/STM32CubeIDE_1.19.0/STM32CubeIDE/plugins/com.st.stm32cube.ide.mcu.externaltools.gnu-tools-for-stm32.13.3.rel1.win32_1.0.100.202509120712/tools/bin/../lib/gcc/arm-none-eabi/13.3.1/../../../../arm-none-eabi/lib/thumb/v7e-m+dp/hard\libc_nano.a(libc_a-findfp.o)
                0x24000038                __sglue
 .data._impure_ptr
                0x24000044        0x4 C:/ST/STM32CubeIDE_1.19.0/STM32CubeIDE/plugins/com.st.stm32cube.ide.mcu.externaltools.gnu-tools-for-stm32.13.3.rel1.win32_1.0.100.202509120712/tools/bin/../lib/gcc/arm-none-eabi/13.3.1/../../../../arm-none-eabi/lib/thumb/v7e-m+dp/hard\libc_nano.a(libc_a-impure.o)
                0x24000044                _impure_ptr
 .data._impure_data
                0x24000048       0x4c C:/ST/STM32CubeIDE_1.19.0/STM32CubeIDE/plugins/com.st.stm32cube.ide.mcu.externaltools.gnu-tools-for-stm32.13.3.rel1.win32_1.0.100.202509120712/tools/bin/../lib/gcc/arm-none-eabi/13.3.1/../../../../arm-none-eabi/lib/thumb/v7e-m+dp/hard\libc_nano.a(libc_a-impure.o)
                0x24000048                _impure_data
 *(.RamFunc)
 *(.RamFunc*)
                0x24000094                        . = ALIGN (0x4)
                0x24000094                        _edata = .

.igot.plt       0x24000094        0x0 load address 0x0800a200
 .igot.plt      0x24000094        0x0 C:/ST/STM32CubeIDE_1.19.0/STM32CubeIDE/plugins/com.st.stm32cube.ide.mcu.externaltools.gnu-tools-for-stm32.13.3.rel1.win32_1.0.100.202509120712/tools/bin/../lib/gcc/arm-none-eabi/13.3.1/thumb/v7e-m+dp/hard/crtbegin.o
                0x24000094                        . = ALIGN (0x4)

.bss            0x24000094      0x45c load address 0x0800a200
                0x24000094                        _sbss = .
                0x24000094                        __bss_start__ = _sbss
 *(.bss)
 .bss           0x24000094       0x1c C:/ST/STM32CubeIDE_1.19.0/STM32CubeIDE/plugins/com.st.stm32cube.ide.mcu.externaltools.gnu-tools-for-stm32.13.3.rel1.win32_1.0.100.202509120712/tools/bin/../lib/gcc/arm-none-eabi/13.3.1/thumb/v7e-m+dp/hard/crtbegin.o
 *(.bss*)
 .bss._ZZ8app_mainE10t_can_test
                0x240000b0        0x4 ./Core/Src/app_main.o
 .bss._ZL9s_curr_hv
                0x240000b4        0x4 ./Core/Src/can_service.o
 .bss._ZL10s_curr_soc
                0x240000b8        0x4 ./Core/Src/can_service.o
 .bss._ZL9s_curr_lv
                0x240000bc        0x4 ./Core/Src/can_service.o
 .bss._ZL12s_curr_hvlow
                0x240000c0        0x4 ./Core/Src/can_service.o
 .bss._ZL13s_curr_hvtemp
                0x240000c4        0x4 ./Core/Src/can_service.o
 .bss._ZL17s_curr_hv_current
                0x240000c8        0x4 ./Core/Src/can_service.o
 .bss._ZL12s_curr_tps0v
                0x240000cc        0x4 ./Core/Src/can_service.o
 .bss._ZL12s_curr_tps0p
                0x240000d0        0x4 ./Core/Src/can_service.o
 .bss._ZL12s_curr_tps1v
                0x240000d4        0x4 ./Core/Src/can_service.o
 .bss._ZL12s_curr_tps1p
                0x240000d8        0x4 ./Core/Src/can_service.o
 .bss._ZL10s_curr_rpm
                0x240000dc        0x4 ./Core/Src/can_service.o
 .bss._ZL16s_curr_bms_fault
                0x240000e0        0x4 ./Core/Src/can_service.o
 .bss._ZL15s_curr_bms_warn
                0x240000e4        0x4 ./Core/Src/can_service.o
 .bss._ZL15s_curr_bms_stat
                0x240000e8        0x4 ./Core/Src/can_service.o
 .bss._ZL17s_energy_used_kWh
                0x240000ec        0x4 ./Core/Src/can_service.o
 .bss._ZL14s_energy_ts_ms
                0x240000f0        0x4 ./Core/Src/can_service.o
 .bss._ZZN6cansvc9send_testER8FdcanBusE4beat
                0x240000f4        0x4 ./Core/Src/can_service.o
 .bss._ZZN8FdcanBus12addStdFilterEtE3idx
                0x240000f8        0x1 ./Core/Src/fdcan_bus.o
 *fill*         0x240000f9        0x3 
 .bss._ZL6s_FWol
                0x240000fc        0x4 ./Core/Src/lcd.o
 .bss._ZL6s_bg_r
                0x24000100        0x1 ./Core/Src/lcd.o
 .bss._ZL6s_bg_g
                0x24000101        0x1 ./Core/Src/lcd.o
 .bss._ZL6s_bg_b
                0x24000102        0x1 ./Core/Src/lcd.o
 *fill*         0x24000103        0x1 
 .bss._ZN9energybarL11s_disp_fracE
                0x24000104        0x4 ./Core/Src/lcd.o
 .bss._ZN9energybarL9s_last_msE
                0x24000108        0x4 ./Core/Src/lcd.o
 .bss._ZL1g     0x2400010c        0x4 ./Core/Src/leds.o
 .bss._ZL19pin_led_solid_state
                0x24000110        0xa ./Core/Src/leds.o
 *fill*         0x2400011a        0x2 
 .bss._ZN12_GLOBAL__N_1L8g_rawErrE
                0x2400011c        0x4 ./Core/Src/leds.o
 .bss._ZN12_GLOBAL__N_1L5g_errE
                0x24000120        0x4 ./Core/Src/leds.o
 .bss._ZN12_GLOBAL__N_1L8g_hasNewE
                0x24000124        0x1 ./Core/Src/leds.o
 *fill*         0x24000125        0x3 
 .bss._ZN12_GLOBAL__N_1L4desRE
                0x24000128       0x18 ./Core/Src/leds.o
 .bss._ZN12_GLOBAL__N_1L4desGE
                0x24000140       0x18 ./Core/Src/leds.o
 .bss._ZN12_GLOBAL__N_1L4desBE
                0x24000158       0x18 ./Core/Src/leds.o
 .bss._ZN12_GLOBAL__N_1L12g_lastTickMsE
                0x24000170        0x4 ./Core/Src/leds.o
 .bss._ZN12_GLOBAL__N_1L12g_pulsePhaseE
                0x24000174        0x4 ./Core/Src/leds.o
 .bss._ZN12_GLOBAL__N_1L15g_lastPwmFlipMsE
                0x24000178        0x4 ./Core/Src/leds.o
 .bss._ZN12_GLOBAL__N_1L12g_pwmPhase01E
                0x2400017c        0x4 ./Core/Src/leds.o
 .bss._ZZN4leds19safety_update_flashEfmE4last
                0x24000180        0x4 ./Core/Src/leds.o
 .bss.hfdcan1   0x24000184       0xa0 ./Core/Src/main.o
                0x24000184                hfdcan1
 .bss.hfdcan2   0x24000224       0xa0 ./Core/Src/main.o
                0x24000224                hfdcan2
 .bss.hspi4     0x240002c4       0x88 ./Core/Src/main.o
                0x240002c4                hspi4
 .bss.htim1     0x2400034c       0x4c ./Core/Src/main.o
                0x2400034c                htim1
 .bss.HAL_RCC_FDCAN_CLK_ENABLED
                0x24000398        0x4 ./Core/Src/stm32h7xx_hal_msp.o
 .bss.__sbrk_heap_end
                0x2400039c        0x4 ./Core/Src/sysmem.o
 .bss.uwTick    0x240003a0        0x4 ./Drivers/STM32H7xx_HAL_Driver/Src/stm32h7xx_hal.o
                0x240003a0                uwTick
 .bss.__sf      0x240003a4      0x138 C:/ST/STM32CubeIDE_1.19.0/STM32CubeIDE/plugins/com.st.stm32cube.ide.mcu.externaltools.gnu-tools-for-stm32.13.3.rel1.win32_1.0.100.202509120712/tools/bin/../lib/gcc/arm-none-eabi/13.3.1/../../../../arm-none-eabi/lib/thumb/v7e-m+dp/hard\libc_nano.a(libc_a-findfp.o)
                0x240003a4                __sf
 .bss.__stdio_exit_handler
                0x240004dc        0x4 C:/ST/STM32CubeIDE_1.19.0/STM32CubeIDE/plugins/com.st.stm32cube.ide.mcu.externaltools.gnu-tools-for-stm32.13.3.rel1.win32_1.0.100.202509120712/tools/bin/../lib/gcc/arm-none-eabi/13.3.1/../../../../arm-none-eabi/lib/thumb/v7e-m+dp/hard\libc_nano.a(libc_a-findfp.o)
                0x240004dc                __stdio_exit_handler
 .bss.errno     0x240004e0        0x4 C:/ST/STM32CubeIDE_1.19.0/STM32CubeIDE/plugins/com.st.stm32cube.ide.mcu.externaltools.gnu-tools-for-stm32.13.3.rel1.win32_1.0.100.202509120712/tools/bin/../lib/gcc/arm-none-eabi/13.3.1/../../../../arm-none-eabi/lib/thumb/v7e-m+dp/hard\libc_nano.a(libc_a-reent.o)
                0x240004e0                errno
 .bss.__lock___malloc_recursive_mutex
                0x240004e4        0x1 C:/ST/STM32CubeIDE_1.19.0/STM32CubeIDE/plugins/com.st.stm32cube.ide.mcu.externaltools.gnu-tools-for-stm32.13.3.rel1.win32_1.0.100.202509120712/tools/bin/../lib/gcc/arm-none-eabi/13.3.1/../../../../arm-none-eabi/lib/thumb/v7e-m+dp/hard\libc_nano.a(libc_a-lock.o)
                0x240004e4                __lock___malloc_recursive_mutex
 .bss.__lock___sfp_recursive_mutex
                0x240004e5        0x1 C:/ST/STM32CubeIDE_1.19.0/STM32CubeIDE/plugins/com.st.stm32cube.ide.mcu.externaltools.gnu-tools-for-stm32.13.3.rel1.win32_1.0.100.202509120712/tools/bin/../lib/gcc/arm-none-eabi/13.3.1/../../../../arm-none-eabi/lib/thumb/v7e-m+dp/hard\libc_nano.a(libc_a-lock.o)
                0x240004e5                __lock___sfp_recursive_mutex
 *fill*         0x240004e6        0x2 
 .bss.__malloc_sbrk_start
                0x240004e8        0x4 C:/ST/STM32CubeIDE_1.19.0/STM32CubeIDE/plugins/com.st.stm32cube.ide.mcu.externaltools.gnu-tools-for-stm32.13.3.rel1.win32_1.0.100.202509120712/tools/bin/../lib/gcc/arm-none-eabi/13.3.1/../../../../arm-none-eabi/lib/thumb/v7e-m+dp/hard\libc_nano.a(libc_a-mallocr.o)
                0x240004e8                __malloc_sbrk_start
 .bss.__malloc_free_list
                0x240004ec        0x4 C:/ST/STM32CubeIDE_1.19.0/STM32CubeIDE/plugins/com.st.stm32cube.ide.mcu.externaltools.gnu-tools-for-stm32.13.3.rel1.win32_1.0.100.202509120712/tools/bin/../lib/gcc/arm-none-eabi/13.3.1/../../../../arm-none-eabi/lib/thumb/v7e-m+dp/hard\libc_nano.a(libc_a-mallocr.o)
                0x240004ec                __malloc_free_list
 *(COMMON)
                0x240004f0                        . = ALIGN (0x4)
                0x240004f0                        _ebss = .
                0x240004f0                        __bss_end__ = _ebss

._user_heap_stack
                0x240004f0      0x600 load address 0x0800a200
                0x240004f0                        . = ALIGN (0x8)
                [!provide]                        PROVIDE (end = .)
                0x240004f0                        PROVIDE (_end = .)
                0x240006f0                        . = (. + _Min_Heap_Size)
 *fill*         0x240004f0      0x200 
                0x24000af0                        . = (. + _Min_Stack_Size)
 *fill*         0x240006f0      0x400 
                0x24000af0                        . = ALIGN (0x8)

/DISCARD/
 libc.a(*)
 libm.a(*)
 libgcc.a(*)

.ARM.attributes
                0x00000000       0x2e
 *(.ARM.attributes)
 .ARM.attributes
                0x00000000       0x20 C:/ST/STM32CubeIDE_1.19.0/STM32CubeIDE/plugins/com.st.stm32cube.ide.mcu.externaltools.gnu-tools-for-stm32.13.3.rel1.win32_1.0.100.202509120712/tools/bin/../lib/gcc/arm-none-eabi/13.3.1/thumb/v7e-m+dp/hard/crti.o
 .ARM.attributes
                0x00000020       0x32 C:/ST/STM32CubeIDE_1.19.0/STM32CubeIDE/plugins/com.st.stm32cube.ide.mcu.externaltools.gnu-tools-for-stm32.13.3.rel1.win32_1.0.100.202509120712/tools/bin/../lib/gcc/arm-none-eabi/13.3.1/thumb/v7e-m+dp/hard/crtbegin.o
 .ARM.attributes
                0x00000052       0x32 ./Core/Src/EVE_base.o
 .ARM.attributes
                0x00000084       0x32 ./Core/Src/EVE_draw.o
 .ARM.attributes
                0x000000b6       0x32 ./Core/Src/app_main.o
 .ARM.attributes
                0x000000e8       0x32 ./Core/Src/can_service.o
 .ARM.attributes
                0x0000011a       0x32 ./Core/Src/fdcan_bus.o
 .ARM.attributes
                0x0000014c       0x32 ./Core/Src/lcd.o
 .ARM.attributes
                0x0000017e       0x32 ./Core/Src/leds.o
 .ARM.attributes
                0x000001b0       0x32 ./Core/Src/main.o
 .ARM.attributes
                0x000001e2       0x32 ./Core/Src/max7219.o
 .ARM.attributes
                0x00000214       0x32 ./Core/Src/stm32h7xx_hal_msp.o
 .ARM.attributes
                0x00000246       0x32 ./Core/Src/stm32h7xx_it.o
 .ARM.attributes
                0x00000278       0x32 ./Core/Src/syscalls.o
 .ARM.attributes
                0x000002aa       0x32 ./Core/Src/sysmem.o
 .ARM.attributes
                0x000002dc       0x32 ./Core/Src/system_stm32h7xx.o
 .ARM.attributes
                0x0000030e       0x21 ./Core/Startup/startup_stm32h753vitx.o
 .ARM.attributes
                0x0000032f       0x32 ./Drivers/STM32H7xx_HAL_Driver/Src/stm32h7xx_hal.o
 .ARM.attributes
                0x00000361       0x32 ./Drivers/STM32H7xx_HAL_Driver/Src/stm32h7xx_hal_cortex.o
 .ARM.attributes
                0x00000393       0x32 ./Drivers/STM32H7xx_HAL_Driver/Src/stm32h7xx_hal_fdcan.o
 .ARM.attributes
                0x000003c5       0x32 ./Drivers/STM32H7xx_HAL_Driver/Src/stm32h7xx_hal_gpio.o
 .ARM.attributes
                0x000003f7       0x32 ./Drivers/STM32H7xx_HAL_Driver/Src/stm32h7xx_hal_pwr_ex.o
 .ARM.attributes
                0x00000429       0x32 ./Drivers/STM32H7xx_HAL_Driver/Src/stm32h7xx_hal_rcc.o
 .ARM.attributes
                0x0000045b       0x32 ./Drivers/STM32H7xx_HAL_Driver/Src/stm32h7xx_hal_rcc_ex.o
 .ARM.attributes
                0x0000048d       0x32 ./Drivers/STM32H7xx_HAL_Driver/Src/stm32h7xx_hal_spi.o
 .ARM.attributes
                0x000004bf       0x32 ./Drivers/STM32H7xx_HAL_Driver/Src/stm32h7xx_hal_tim.o
 .ARM.attributes
                0x000004f1       0x32 ./Drivers/STM32H7xx_HAL_Driver/Src/stm32h7xx_hal_tim_ex.o
 .ARM.attributes
                0x00000523       0x32 C:/ST/STM32CubeIDE_1.19.0/STM32CubeIDE/plugins/com.st.stm32cube.ide.mcu.externaltools.gnu-tools-for-stm32.13.3.rel1.win32_1.0.100.202509120712/tools/bin/../lib/gcc/arm-none-eabi/13.3.1/../../../../arm-none-eabi/lib/thumb/v7e-m+dp/hard\libm.a(libm_a-sf_lround.o)
 .ARM.attributes
                0x00000555       0x32 C:/ST/STM32CubeIDE_1.19.0/STM32CubeIDE/plugins/com.st.stm32cube.ide.mcu.externaltools.gnu-tools-for-stm32.13.3.rel1.win32_1.0.100.202509120712/tools/bin/../lib/gcc/arm-none-eabi/13.3.1/../../../../arm-none-eabi/lib/thumb/v7e-m+dp/hard\libm.a(libm_a-sf_exp.o)
 .ARM.attributes
                0x00000587       0x32 C:/ST/STM32CubeIDE_1.19.0/STM32CubeIDE/plugins/com.st.stm32cube.ide.mcu.externaltools.gnu-tools-for-stm32.13.3.rel1.win32_1.0.100.202509120712/tools/bin/../lib/gcc/arm-none-eabi/13.3.1/../../../../arm-none-eabi/lib/thumb/v7e-m+dp/hard\libm.a(libm_a-sf_exp2_data.o)
 .ARM.attributes
                0x000005b9       0x32 C:/ST/STM32CubeIDE_1.19.0/STM32CubeIDE/plugins/com.st.stm32cube.ide.mcu.externaltools.gnu-tools-for-stm32.13.3.rel1.win32_1.0.100.202509120712/tools/bin/../lib/gcc/arm-none-eabi/13.3.1/../../../../arm-none-eabi/lib/thumb/v7e-m+dp/hard\libm.a(libm_a-sinf.o)
 .ARM.attributes
                0x000005eb       0x32 C:/ST/STM32CubeIDE_1.19.0/STM32CubeIDE/plugins/com.st.stm32cube.ide.mcu.externaltools.gnu-tools-for-stm32.13.3.rel1.win32_1.0.100.202509120712/tools/bin/../lib/gcc/arm-none-eabi/13.3.1/../../../../arm-none-eabi/lib/thumb/v7e-m+dp/hard\libm.a(libm_a-sincosf_data.o)
 .ARM.attributes
                0x0000061d       0x32 C:/ST/STM32CubeIDE_1.19.0/STM32CubeIDE/plugins/com.st.stm32cube.ide.mcu.externaltools.gnu-tools-for-stm32.13.3.rel1.win32_1.0.100.202509120712/tools/bin/../lib/gcc/arm-none-eabi/13.3.1/../../../../arm-none-eabi/lib/thumb/v7e-m+dp/hard\libm.a(libm_a-math_errf.o)
 .ARM.attributes
                0x0000064f       0x32 C:/ST/STM32CubeIDE_1.19.0/STM32CubeIDE/plugins/com.st.stm32cube.ide.mcu.externaltools.gnu-tools-for-stm32.13.3.rel1.win32_1.0.100.202509120712/tools/bin/../lib/gcc/arm-none-eabi/13.3.1/../../../../arm-none-eabi/lib/thumb/v7e-m+dp/hard\libc_nano.a(libc_a-findfp.o)
 .ARM.attributes
                0x00000681       0x32 C:/ST/STM32CubeIDE_1.19.0/STM32CubeIDE/plugins/com.st.stm32cube.ide.mcu.externaltools.gnu-tools-for-stm32.13.3.rel1.win32_1.0.100.202509120712/tools/bin/../lib/gcc/arm-none-eabi/13.3.1/../../../../arm-none-eabi/lib/thumb/v7e-m+dp/hard\libc_nano.a(libc_a-fwalk.o)
 .ARM.attributes
                0x000006b3       0x32 C:/ST/STM32CubeIDE_1.19.0/STM32CubeIDE/plugins/com.st.stm32cube.ide.mcu.externaltools.gnu-tools-for-stm32.13.3.rel1.win32_1.0.100.202509120712/tools/bin/../lib/gcc/arm-none-eabi/13.3.1/../../../../arm-none-eabi/lib/thumb/v7e-m+dp/hard\libc_nano.a(libc_a-printf.o)
 .ARM.attributes
                0x000006e5       0x32 C:/ST/STM32CubeIDE_1.19.0/STM32CubeIDE/plugins/com.st.stm32cube.ide.mcu.externaltools.gnu-tools-for-stm32.13.3.rel1.win32_1.0.100.202509120712/tools/bin/../lib/gcc/arm-none-eabi/13.3.1/../../../../arm-none-eabi/lib/thumb/v7e-m+dp/hard\libc_nano.a(libc_a-puts.o)
 .ARM.attributes
                0x00000717       0x32 C:/ST/STM32CubeIDE_1.19.0/STM32CubeIDE/plugins/com.st.stm32cube.ide.mcu.externaltools.gnu-tools-for-stm32.13.3.rel1.win32_1.0.100.202509120712/tools/bin/../lib/gcc/arm-none-eabi/13.3.1/../../../../arm-none-eabi/lib/thumb/v7e-m+dp/hard\libc_nano.a(libc_a-stdio.o)
 .ARM.attributes
                0x00000749       0x32 C:/ST/STM32CubeIDE_1.19.0/STM32CubeIDE/plugins/com.st.stm32cube.ide.mcu.externaltools.gnu-tools-for-stm32.13.3.rel1.win32_1.0.100.202509120712/tools/bin/../lib/gcc/arm-none-eabi/13.3.1/../../../../arm-none-eabi/lib/thumb/v7e-m+dp/hard\libc_nano.a(libc_a-wbuf.o)
 .ARM.attributes
                0x0000077b       0x32 C:/ST/STM32CubeIDE_1.19.0/STM32CubeIDE/plugins/com.st.stm32cube.ide.mcu.externaltools.gnu-tools-for-stm32.13.3.rel1.win32_1.0.100.202509120712/tools/bin/../lib/gcc/arm-none-eabi/13.3.1/../../../../arm-none-eabi/lib/thumb/v7e-m+dp/hard\libc_nano.a(libc_a-wsetup.o)
 .ARM.attributes
                0x000007ad       0x32 C:/ST/STM32CubeIDE_1.19.0/STM32CubeIDE/plugins/com.st.stm32cube.ide.mcu.externaltools.gnu-tools-for-stm32.13.3.rel1.win32_1.0.100.202509120712/tools/bin/../lib/gcc/arm-none-eabi/13.3.1/../../../../arm-none-eabi/lib/thumb/v7e-m+dp/hard\libc_nano.a(libc_a-memset.o)
 .ARM.attributes
                0x000007df       0x32 C:/ST/STM32CubeIDE_1.19.0/STM32CubeIDE/plugins/com.st.stm32cube.ide.mcu.externaltools.gnu-tools-for-stm32.13.3.rel1.win32_1.0.100.202509120712/tools/bin/../lib/gcc/arm-none-eabi/13.3.1/../../../../arm-none-eabi/lib/thumb/v7e-m+dp/hard\libc_nano.a(libc_a-closer.o)
 .ARM.attributes
                0x00000811       0x32 C:/ST/STM32CubeIDE_1.19.0/STM32CubeIDE/plugins/com.st.stm32cube.ide.mcu.externaltools.gnu-tools-for-stm32.13.3.rel1.win32_1.0.100.202509120712/tools/bin/../lib/gcc/arm-none-eabi/13.3.1/../../../../arm-none-eabi/lib/thumb/v7e-m+dp/hard\libc_nano.a(libc_a-reent.o)
 .ARM.attributes
                0x00000843       0x32 C:/ST/STM32CubeIDE_1.19.0/STM32CubeIDE/plugins/com.st.stm32cube.ide.mcu.externaltools.gnu-tools-for-stm32.13.3.rel1.win32_1.0.100.202509120712/tools/bin/../lib/gcc/arm-none-eabi/13.3.1/../../../../arm-none-eabi/lib/thumb/v7e-m+dp/hard\libc_nano.a(libc_a-impure.o)
 .ARM.attributes
                0x00000875       0x32 C:/ST/STM32CubeIDE_1.19.0/STM32CubeIDE/plugins/com.st.stm32cube.ide.mcu.externaltools.gnu-tools-for-stm32.13.3.rel1.win32_1.0.100.202509120712/tools/bin/../lib/gcc/arm-none-eabi/13.3.1/../../../../arm-none-eabi/lib/thumb/v7e-m+dp/hard\libc_nano.a(libc_a-lseekr.o)
 .ARM.attributes
                0x000008a7       0x32 C:/ST/STM32CubeIDE_1.19.0/STM32CubeIDE/plugins/com.st.stm32cube.ide.mcu.externaltools.gnu-tools-for-stm32.13.3.rel1.win32_1.0.100.202509120712/tools/bin/../lib/gcc/arm-none-eabi/13.3.1/../../../../arm-none-eabi/lib/thumb/v7e-m+dp/hard\libc_nano.a(libc_a-readr.o)
 .ARM.attributes
                0x000008d9       0x32 C:/ST/STM32CubeIDE_1.19.0/STM32CubeIDE/plugins/com.st.stm32cube.ide.mcu.externaltools.gnu-tools-for-stm32.13.3.rel1.win32_1.0.100.202509120712/tools/bin/../lib/gcc/arm-none-eabi/13.3.1/../../../../arm-none-eabi/lib/thumb/v7e-m+dp/hard\libc_nano.a(libc_a-writer.o)
 .ARM.attributes
                0x0000090b       0x32 C:/ST/STM32CubeIDE_1.19.0/STM32CubeIDE/plugins/com.st.stm32cube.ide.mcu.externaltools.gnu-tools-for-stm32.13.3.rel1.win32_1.0.100.202509120712/tools/bin/../lib/gcc/arm-none-eabi/13.3.1/../../../../arm-none-eabi/lib/thumb/v7e-m+dp/hard\libc_nano.a(libc_a-errno.o)
 .ARM.attributes
                0x0000093d       0x32 C:/ST/STM32CubeIDE_1.19.0/STM32CubeIDE/plugins/com.st.stm32cube.ide.mcu.externaltools.gnu-tools-for-stm32.13.3.rel1.win32_1.0.100.202509120712/tools/bin/../lib/gcc/arm-none-eabi/13.3.1/../../../../arm-none-eabi/lib/thumb/v7e-m+dp/hard\libc_nano.a(libc_a-init.o)
 .ARM.attributes
                0x0000096f       0x32 C:/ST/STM32CubeIDE_1.19.0/STM32CubeIDE/plugins/com.st.stm32cube.ide.mcu.externaltools.gnu-tools-for-stm32.13.3.rel1.win32_1.0.100.202509120712/tools/bin/../lib/gcc/arm-none-eabi/13.3.1/../../../../arm-none-eabi/lib/thumb/v7e-m+dp/hard\libc_nano.a(libc_a-lock.o)
 .ARM.attributes
                0x000009a1       0x32 C:/ST/STM32CubeIDE_1.19.0/STM32CubeIDE/plugins/com.st.stm32cube.ide.mcu.externaltools.gnu-tools-for-stm32.13.3.rel1.win32_1.0.100.202509120712/tools/bin/../lib/gcc/arm-none-eabi/13.3.1/../../../../arm-none-eabi/lib/thumb/v7e-m+dp/hard\libc_nano.a(libc_a-memcpy-stub.o)
 .ARM.attributes
                0x000009d3       0x32 C:/ST/STM32CubeIDE_1.19.0/STM32CubeIDE/plugins/com.st.stm32cube.ide.mcu.externaltools.gnu-tools-for-stm32.13.3.rel1.win32_1.0.100.202509120712/tools/bin/../lib/gcc/arm-none-eabi/13.3.1/../../../../arm-none-eabi/lib/thumb/v7e-m+dp/hard\libc_nano.a(libc_a-freer.o)
 .ARM.attributes
                0x00000a05       0x32 C:/ST/STM32CubeIDE_1.19.0/STM32CubeIDE/plugins/com.st.stm32cube.ide.mcu.externaltools.gnu-tools-for-stm32.13.3.rel1.win32_1.0.100.202509120712/tools/bin/../lib/gcc/arm-none-eabi/13.3.1/../../../../arm-none-eabi/lib/thumb/v7e-m+dp/hard\libc_nano.a(libc_a-mallocr.o)
 .ARM.attributes
                0x00000a37       0x32 C:/ST/STM32CubeIDE_1.19.0/STM32CubeIDE/plugins/com.st.stm32cube.ide.mcu.externaltools.gnu-tools-for-stm32.13.3.rel1.win32_1.0.100.202509120712/tools/bin/../lib/gcc/arm-none-eabi/13.3.1/../../../../arm-none-eabi/lib/thumb/v7e-m+dp/hard\libc_nano.a(libc_a-mlock.o)
 .ARM.attributes
                0x00000a69       0x32 C:/ST/STM32CubeIDE_1.19.0/STM32CubeIDE/plugins/com.st.stm32cube.ide.mcu.externaltools.gnu-tools-for-stm32.13.3.rel1.win32_1.0.100.202509120712/tools/bin/../lib/gcc/arm-none-eabi/13.3.1/../../../../arm-none-eabi/lib/thumb/v7e-m+dp/hard\libc_nano.a(libc_a-nano-vfprintf.o)
 .ARM.attributes
                0x00000a9b       0x32 C:/ST/STM32CubeIDE_1.19.0/STM32CubeIDE/plugins/com.st.stm32cube.ide.mcu.externaltools.gnu-tools-for-stm32.13.3.rel1.win32_1.0.100.202509120712/tools/bin/../lib/gcc/arm-none-eabi/13.3.1/../../../../arm-none-eabi/lib/thumb/v7e-m+dp/hard\libc_nano.a(libc_a-nano-vfprintf_i.o)
 .ARM.attributes
                0x00000acd       0x32 C:/ST/STM32CubeIDE_1.19.0/STM32CubeIDE/plugins/com.st.stm32cube.ide.mcu.externaltools.gnu-tools-for-stm32.13.3.rel1.win32_1.0.100.202509120712/tools/bin/../lib/gcc/arm-none-eabi/13.3.1/../../../../arm-none-eabi/lib/thumb/v7e-m+dp/hard\libc_nano.a(libc_a-fflush.o)
 .ARM.attributes
                0x00000aff       0x32 C:/ST/STM32CubeIDE_1.19.0/STM32CubeIDE/plugins/com.st.stm32cube.ide.mcu.externaltools.gnu-tools-for-stm32.13.3.rel1.win32_1.0.100.202509120712/tools/bin/../lib/gcc/arm-none-eabi/13.3.1/../../../../arm-none-eabi/lib/thumb/v7e-m+dp/hard\libc_nano.a(libc_a-makebuf.o)
 .ARM.attributes
                0x00000b31       0x32 C:/ST/STM32CubeIDE_1.19.0/STM32CubeIDE/plugins/com.st.stm32cube.ide.mcu.externaltools.gnu-tools-for-stm32.13.3.rel1.win32_1.0.100.202509120712/tools/bin/../lib/gcc/arm-none-eabi/13.3.1/../../../../arm-none-eabi/lib/thumb/v7e-m+dp/hard\libc_nano.a(libc_a-fstatr.o)
 .ARM.attributes
                0x00000b63       0x32 C:/ST/STM32CubeIDE_1.19.0/STM32CubeIDE/plugins/com.st.stm32cube.ide.mcu.externaltools.gnu-tools-for-stm32.13.3.rel1.win32_1.0.100.202509120712/tools/bin/../lib/gcc/arm-none-eabi/13.3.1/../../../../arm-none-eabi/lib/thumb/v7e-m+dp/hard\libc_nano.a(libc_a-isattyr.o)
 .ARM.attributes
                0x00000b95       0x32 C:/ST/STM32CubeIDE_1.19.0/STM32CubeIDE/plugins/com.st.stm32cube.ide.mcu.externaltools.gnu-tools-for-stm32.13.3.rel1.win32_1.0.100.202509120712/tools/bin/../lib/gcc/arm-none-eabi/13.3.1/../../../../arm-none-eabi/lib/thumb/v7e-m+dp/hard\libc_nano.a(libc_a-sbrkr.o)
 .ARM.attributes
                0x00000bc7       0x1c C:/ST/STM32CubeIDE_1.19.0/STM32CubeIDE/plugins/com.st.stm32cube.ide.mcu.externaltools.gnu-tools-for-stm32.13.3.rel1.win32_1.0.100.202509120712/tools/bin/../lib/gcc/arm-none-eabi/13.3.1/../../../../arm-none-eabi/lib/thumb/v7e-m+dp/hard\libc_nano.a(libc_a-memchr.o)
 .ARM.attributes
                0x00000be3       0x20 C:/ST/STM32CubeIDE_1.19.0/STM32CubeIDE/plugins/com.st.stm32cube.ide.mcu.externaltools.gnu-tools-for-stm32.13.3.rel1.win32_1.0.100.202509120712/tools/bin/../lib/gcc/arm-none-eabi/13.3.1/thumb/v7e-m+dp/hard\libgcc.a(_arm_addsubdf3.o)
 .ARM.attributes
                0x00000c03       0x20 C:/ST/STM32CubeIDE_1.19.0/STM32CubeIDE/plugins/com.st.stm32cube.ide.mcu.externaltools.gnu-tools-for-stm32.13.3.rel1.win32_1.0.100.202509120712/tools/bin/../lib/gcc/arm-none-eabi/13.3.1/thumb/v7e-m+dp/hard/crtn.o
OUTPUT(Dashboard.elf elf32-littlearm)
LOAD linker stubs
LOAD C:/ST/STM32CubeIDE_1.19.0/STM32CubeIDE/plugins/com.st.stm32cube.ide.mcu.externaltools.gnu-tools-for-stm32.13.3.rel1.win32_1.0.100.202509120712/tools/bin/../lib/gcc/arm-none-eabi/13.3.1/../../../../arm-none-eabi/lib/thumb/v7e-m+dp/hard\libc.a