Archive member included to satisfy reference by file (symbol)

D:/STMCubeIDE/STM32CubeIDE_1.19.0/STM32CubeIDE/plugins/com.st.stm32cube.ide.mcu.externaltools.gnu-tools-for-stm32.13.3.rel1.win32_1.0.0.202411081344/tools/bin/../lib/gcc/arm-none-eabi/13.3.1/../../../../arm-none-eabi/lib/thumb/v7e-m+dp/hard\libm.a(libm_a-sf_lround.o)
                              ./Core/Src/lcd.o (lroundf)
D:/STMCubeIDE/STM32CubeIDE_1.19.0/STM32CubeIDE/plugins/com.st.stm32cube.ide.mcu.externaltools.gnu-tools-for-stm32.13.3.rel1.win32_1.0.0.202411081344/tools/bin/../lib/gcc/arm-none-eabi/13.3.1/../../../../arm-none-eabi/lib/thumb/v7e-m+dp/hard\libm.a(libm_a-sf_exp.o)
                              ./Core/Src/lcd.o (expf)
D:/STMCubeIDE/STM32CubeIDE_1.19.0/STM32CubeIDE/plugins/com.st.stm32cube.ide.mcu.externaltools.gnu-tools-for-stm32.13.3.rel1.win32_1.0.0.202411081344/tools/bin/../lib/gcc/arm-none-eabi/13.3.1/../../../../arm-none-eabi/lib/thumb/v7e-m+dp/hard\libm.a(libm_a-sf_exp2_data.o)
                              D:/STMCubeIDE/STM32CubeIDE_1.19.0/STM32CubeIDE/plugins/com.st.stm32cube.ide.mcu.externaltools.gnu-tools-for-stm32.13.3.rel1.win32_1.0.0.202411081344/tools/bin/../lib/gcc/arm-none-eabi/13.3.1/../../../../arm-none-eabi/lib/thumb/v7e-m+dp/hard\libm.a(libm_a-sf_exp.o) (__exp2f_data)
D:/STMCubeIDE/STM32CubeIDE_1.19.0/STM32CubeIDE/plugins/com.st.stm32cube.ide.mcu.externaltools.gnu-tools-for-stm32.13.3.rel1.win32_1.0.0.202411081344/tools/bin/../lib/gcc/arm-none-eabi/13.3.1/../../../../arm-none-eabi/lib/thumb/v7e-m+dp/hard\libm.a(libm_a-sinf.o)
                              ./Core/Src/leds.o (sinf)
D:/STMCubeIDE/STM32CubeIDE_1.19.0/STM32CubeIDE/plugins/com.st.stm32cube.ide.mcu.externaltools.gnu-tools-for-stm32.13.3.rel1.win32_1.0.0.202411081344/tools/bin/../lib/gcc/arm-none-eabi/13.3.1/../../../../arm-none-eabi/lib/thumb/v7e-m+dp/hard\libm.a(libm_a-sincosf_data.o)
                              D:/STMCubeIDE/STM32CubeIDE_1.19.0/STM32CubeIDE/plugins/com.st.stm32cube.ide.mcu.externaltools.gnu-tools-for-stm32.13.3.rel1.win32_1.0.0.202411081344/tools/bin/../lib/gcc/arm-none-eabi/13.3.1/../../../../arm-none-eabi/lib/thumb/v7e-m+dp/hard\libm.a(libm_a-sinf.o) (__inv_pio4)
D:/STMCubeIDE/STM32CubeIDE_1.19.0/STM32CubeIDE/plugins/com.st.stm32cube.ide.mcu.externaltools.gnu-tools-for-stm32.13.3.rel1.win32_1.0.0.202411081344/tools/bin/../lib/gcc/arm-none-eabi/13.3.1/../../../../arm-none-eabi/lib/thumb/v7e-m+dp/hard\libm.a(libm_a-math_errf.o)
                              D:/STMCubeIDE/STM32CubeIDE_1.19.0/STM32CubeIDE/plugins/com.st.stm32cube.ide.mcu.externaltools.gnu-tools-for-stm32.13.3.rel1.win32_1.0.0.202411081344/tools/bin/../lib/gcc/arm-none-eabi/13.3.1/../../../../arm-none-eabi/lib/thumb/v7e-m+dp/hard\libm.a(libm_a-sf_exp.o) (__math_uflowf)
D:/STMCubeIDE/STM32CubeIDE_1.19.0/STM32CubeIDE/plugins/com.st.stm32cube.ide.mcu.externaltools.gnu-tools-for-stm32.13.3.rel1.win32_1.0.0.202411081344/tools/bin/../lib/gcc/arm-none-eabi/13.3.1/../../../../arm-none-eabi/lib/thumb/v7e-m+dp/hard\libc_nano.a(libc_a-exit.o)
                              D:/STMCubeIDE/STM32CubeIDE_1.19.0/STM32CubeIDE/plugins/com.st.stm32cube.ide.mcu.externaltools.gnu-tools-for-stm32.13.3.rel1.win32_1.0.0.202411081344/tools/bin/../lib/gcc/arm-none-eabi/13.3.1/../../../../arm-none-eabi/lib/thumb/v7e-m+dp/hard/crt0.o (exit)
D:/STMCubeIDE/STM32CubeIDE_1.19.0/STM32CubeIDE/plugins/com.st.stm32cube.ide.mcu.externaltools.gnu-tools-for-stm32.13.3.rel1.win32_1.0.0.202411081344/tools/bin/../lib/gcc/arm-none-eabi/13.3.1/../../../../arm-none-eabi/lib/thumb/v7e-m+dp/hard\libc_nano.a(libc_a-findfp.o)
                              D:/STMCubeIDE/STM32CubeIDE_1.19.0/STM32CubeIDE/plugins/com.st.stm32cube.ide.mcu.externaltools.gnu-tools-for-stm32.13.3.rel1.win32_1.0.0.202411081344/tools/bin/../lib/gcc/arm-none-eabi/13.3.1/../../../../arm-none-eabi/lib/thumb/v7e-m+dp/hard\libc_nano.a(libc_a-exit.o) (__stdio_exit_handler)
D:/STMCubeIDE/STM32CubeIDE_1.19.0/STM32CubeIDE/plugins/com.st.stm32cube.ide.mcu.externaltools.gnu-tools-for-stm32.13.3.rel1.win32_1.0.0.202411081344/tools/bin/../lib/gcc/arm-none-eabi/13.3.1/../../../../arm-none-eabi/lib/thumb/v7e-m+dp/hard\libc_nano.a(libc_a-fwalk.o)
                              D:/STMCubeIDE/STM32CubeIDE_1.19.0/STM32CubeIDE/plugins/com.st.stm32cube.ide.mcu.externaltools.gnu-tools-for-stm32.13.3.rel1.win32_1.0.0.202411081344/tools/bin/../lib/gcc/arm-none-eabi/13.3.1/../../../../arm-none-eabi/lib/thumb/v7e-m+dp/hard\libc_nano.a(libc_a-findfp.o) (_fwalk_sglue)
D:/STMCubeIDE/STM32CubeIDE_1.19.0/STM32CubeIDE/plugins/com.st.stm32cube.ide.mcu.externaltools.gnu-tools-for-stm32.13.3.rel1.win32_1.0.0.202411081344/tools/bin/../lib/gcc/arm-none-eabi/13.3.1/../../../../arm-none-eabi/lib/thumb/v7e-m+dp/hard\libc_nano.a(libc_a-printf.o)
                              ./Core/Src/EVE_base.o (printf)
[...]
Memory Configuration

Name             Origin             Length             Attributes
FLASH            0x08000000         0x00200000         xr
DTCMRAM          0x20000000         0x00020000         xrw
RAM_D1           0x24000000         0x00080000         xrw
RAM_D2           0x30000000         0x00048000         xrw
RAM_D3           0x38000000         0x00010000         xrw
ITCMRAM          0x00000000         0x00010000         xrw
*default*        0x00000000         0xffffffff

Linker script and memory map

LOAD D:/STMCubeIDE/STM32CubeIDE_1.19.0/STM32CubeIDE/plugins/com.st.stm32cube.ide.mcu.externaltools.gnu-tools-for-stm32.13.3.rel1.win32_1.0.0.202411081344/tools/bin/../lib/gcc/arm-none-eabi/13.3.1/thumb/v7e-m+dp/hard/crti.o
LOAD D:/STMCubeIDE/STM32CubeIDE_1.19.0/STM32CubeIDE/plugins/com.st.stm32cube.ide.mcu.externaltools.gnu-tools-for-stm32.13.3.rel1.win32_1.0.0.202411081344/tools/bin/../lib/gcc/arm-none-eabi/13.3.1/thumb/v7e-m+dp/hard/crtbegin.o
LOAD D:/STMCubeIDE/STM32CubeIDE_1.19.0/STM32CubeIDE/plugins/com.st.stm32cube.ide.mcu.externaltools.gnu-tools-for-stm32.13.3.rel1.win32_1.0.0.202411081344/tools/bin/../lib/gcc/arm-none-eabi/13.3.1/../../../../arm-none-eabi/lib/thumb/v7e-m+dp/hard/crt0.o
LOAD ./Core/Src/EVE_base.o
LOAD ./Core/Src/EVE_draw.o
LOAD ./Core/Src/app_main.o
LOAD ./Core/Src/can_service.o
LOAD ./Core/Src/fdcan_bus.o
LOAD ./Core/Src/lcd.o
LOAD ./Core/Src/leds.o
LOAD ./Core/Src/main.o
LOAD ./Core/Src/max7219.o
LOAD ./Core/Src/stm32h7xx_hal_msp.o
LOAD ./Core/Src/stm32h7xx_it.o
LOAD ./Core/Src/syscalls.o
LOAD ./Core/Src/sysmem.o
LOAD ./Core/Src/system_stm32h7xx.o
LOAD ./Core/Startup/startup_stm32h753vitx.o
LOAD ./Drivers/STM32H7xx_HAL_Driver/Src/stm32h7xx_hal.o
LOAD ./Drivers/STM32H7xx_HAL_Driver/Src/stm32h7xx_hal_cortex.o
LOAD ./Drivers/STM32H7xx_HAL_Driver/Src/stm32h7xx_hal_dma.o
LOAD ./Drivers/STM32H7xx_HAL_Driver/Src/stm32h7xx_hal_dma_ex.o
LOAD ./Drivers/STM32H7xx_HAL_Driver/Src/stm32h7xx_hal_exti.o
LOAD ./Drivers/STM32H7xx_HAL_Driver/Src/stm32h7xx_hal_fdcan.o
LOAD ./Drivers/STM32H7xx_HAL_Driver/Src/stm32h7xx_hal_flash.o
LOAD ./Drivers/STM32H7xx_HAL_Driver/Src/stm32h7xx_hal_flash_ex.o
LOAD ./Drivers/STM32H7xx_HAL_Driver/Src/stm32h7xx_hal_gpio.o
LOAD ./Drivers/STM32H7xx_HAL_Driver/Src/stm32h7xx_hal_hsem.o
LOAD ./Drivers/STM32H7xx_HAL_Driver/Src/stm32h7xx_hal_i2c.o
LOAD ./Drivers/STM32H7xx_HAL_Driver/Src/stm32h7xx_hal_i2c_ex.o
LOAD ./Drivers/STM32H7xx_HAL_Driver/Src/stm32h7xx_hal_mdma.o
LOAD ./Drivers/STM32H7xx_HAL_Driver/Src/stm32h7xx_hal_pwr.o
LOAD ./Drivers/STM32H7xx_HAL_Driver/Src/stm32h7xx_hal_pwr_ex.o
LOAD ./Drivers/STM32H7xx_HAL_Driver/Src/stm32h7xx_hal_rcc.o
LOAD ./Drivers/STM32H7xx_HAL_Driver/Src/stm32h7xx_hal_rcc_ex.o
LOAD ./Drivers/STM32H7xx_HAL_Driver/Src/stm32h7xx_hal_spi.o
LOAD ./Drivers/STM32H7xx_HAL_Driver/Src/stm32h7xx_hal_spi_ex.o
LOAD ./Drivers/STM32H7xx_HAL_Driver/Src/stm32h7xx_hal_tim.o
LOAD ./Drivers/STM32H7xx_HAL_Driver/Src/stm32h7xx_hal_tim_ex.o
LOAD ./Drivers/STM32H7xx_HAL_Driver/Src/stm32h7xx_hal_uart.o
LOAD ./Drivers/STM32H7xx_HAL_Driver/Src/stm32h7xx_hal_uart_ex.o
START GROUP
LOAD D:/STMCubeIDE/STM32CubeIDE_1.19.0/STM32CubeIDE/plugins/com.st.stm32cube.ide.mcu.externaltools.gnu-tools-for-stm32.13.3.rel1.win32_1.0.0.202411081344/tools/bin/../lib/gcc/arm-none-eabi/13.3.1/../../../../arm-none-eabi/lib/thumb/v7e-m+dp/hard\libstdc++_nano.a
LOAD D:/STMCubeIDE/STM32CubeIDE_1.19.0/STM32CubeIDE/plugins/com.st.stm32cube.ide.mcu.externaltools.gnu-tools-for-stm32.13.3.rel1.win32_1.0.0.202411081344/tools/bin/../lib/gcc/arm-none-eabi/13.3.1/../../../../arm-none-eabi/lib/thumb/v7e-m+dp/hard\libsupc++_nano.a
END GROUP
LOAD D:/STMCubeIDE/STM32CubeIDE_1.19.0/STM32CubeIDE/plugins/com.st.stm32cube.ide.mcu.externaltools.gnu-tools-for-stm32.13.3.rel1.win32_1.0.0.202411081344/tools/bin/../lib/gcc/arm-none-eabi/13.3.1/../../../../arm-none-eabi/lib/thumb/v7e-m+dp/hard\libstdc++_nano.a
LOAD D:/STMCubeIDE/STM32CubeIDE_1.19.0/STM32CubeIDE/plugins/com.st.stm32cube.ide.mcu.externaltools.gnu-tools-for-stm32.13.3.rel1.win32_1.0.0.202411081344/tools/bin/../lib/gcc/arm-none-eabi/13.3.1/../../../../arm-none-eabi/lib/thumb/v7e-m+dp/hard\libm.a
LOAD D:/STMCubeIDE/STM32CubeIDE_1.19.0/STM32CubeIDE/plugins/com.st.stm32cube.ide.mcu.externaltools.gnu-tools-for-stm32.13.3.rel1.win32_1.0.0.202411081344/tools/bin/../lib/gcc/arm-none-eabi/13.3.1/../../../../arm-none-eabi/lib/thumb/v7e-m+dp/hard\libc_nano.a
START GROUP
LOAD D:/STMCubeIDE/STM32CubeIDE_1.19.0/STM32CubeIDE/plugins/com.st.stm32cube.ide.mcu.externaltools.gnu-tools-for-stm32.13.3.rel1.win32_1.0.0.202411081344/tools/bin/../lib/gcc/arm-none-eabi/13.3.1/thumb/v7e-m+dp/hard\libgcc.a
LOAD D:/STMCubeIDE/STM32CubeIDE_1.19.0/STM32CubeIDE/plugins/com.st.stm32cube.ide.mcu.externaltools.gnu-tools-for-stm32.13.3.rel1.win32_1.0.0.202411081344/tools/bin/../lib/gcc/arm-none-eabi/13.3.1/../../../../arm-none-eabi/lib/thumb/v7e-m+dp/hard\libc_nano.a
END GROUP
START GROUP
LOAD D:/STMCubeIDE/STM32CubeIDE_1.19.0/STM32CubeIDE/plugins/com.st.stm32cube.ide.mcu.externaltools.gnu-tools-for-stm32.13.3.rel1.win32_1.0.0.202411081344/tools/bin/../lib/gcc/arm-none-eabi/13.3.1/thumb/v7e-m+dp/hard\libgcc.a
LOAD D:/STMCubeIDE/STM32CubeIDE_1.19.0/STM32CubeIDE/plugins/com.st.stm32cube.ide.mcu.externaltools.gnu-tools-for-stm32.13.3.rel1.win32_1.0.0.202411081344/tools/bin/../lib/gcc/arm-none-eabi/13.3.1/../../../../arm-none-eabi/lib/thumb/v7e-m+dp/hard\libc_nano.a
LOAD D:/STMCubeIDE/STM32CubeIDE_1.19.0/STM32CubeIDE/plugins/com.st.stm32cube.ide.mcu.externaltools.gnu-tools-for-stm32.13.3.rel1.win32_1.0.0.202411081344/tools/bin/../lib/gcc/arm-none-eabi/13.3.1/../../../../arm-none-eabi/lib/thumb/v7e-m+dp/hard\libnosys.a
END GROUP
START GROUP
LOAD D:/STMCubeIDE/STM32CubeIDE_1.19.0/STM32CubeIDE/plugins/com.st.stm32cube.ide.mcu.externaltools.gnu-tools-for-stm32.13.3.rel1.win32_1.0.0.202411081344/tools/bin/../lib/gcc/arm-none-eabi/13.3.1/thumb/v7e-m+dp/hard\libgcc.a
LOAD D:/STMCubeIDE/STM32CubeIDE_1.19.0/STM32CubeIDE/plugins/com.st.stm32cube.ide.mcu.externaltools.gnu-tools-for-stm32.13.3.rel1.win32_1.0.0.202411081344/tools/bin/../lib/gcc/arm-none-eabi/13.3.1/../../../../arm-none-eabi/lib/thumb/v7e-m+dp/hard\libc_nano.a
LOAD D:/STMCubeIDE/STM32CubeIDE_1.19.0/STM32CubeIDE/plugins/com.st.stm32cube.ide.mcu.externaltools.gnu-tools-for-stm32.13.3.rel1.win32_1.0.0.202411081344/tools/bin/../lib/gcc/arm-none-eabi/13.3.1/../../../../arm-none-eabi/lib/thumb/v7e-m+dp/hard\libnosys.a
END GROUP
LOAD D:/STMCubeIDE/STM32CubeIDE_1.19.0/STM32CubeIDE/plugins/com.st.stm32cube.ide.mcu.externaltools.gnu-tools-for-stm32.13.3.rel1.win32_1.0.0.202411081344/tools/bin/../lib/gcc/arm-none-eabi/13.3.1/thumb/v7e-m+dp/hard/crtend.o
LOAD D:/STMCubeIDE/STM32CubeIDE_1.19.0/STM32CubeIDE/plugins/com.st.stm32cube.ide.mcu.externaltools.gnu-tools-for-stm32.13.3.rel1.win32_1.0.0.202411081344/tools/bin/../lib/gcc/arm-none-eabi/13.3.1/thumb/v7e-m+dp/hard/crtn.o
                0x24080000                        _estack = (ORIGIN (RAM_D1) + LENGTH (RAM_D1))
                0x00000200                        _Min_Heap_Size = 0x200
                0x00000400                        _Min_Stack_Size = 0x400

.isr_vector     0x08000000      0x298
                0x08000000                        . = ALIGN (0x4)
 *(.isr_vector)
 .isr_vector    0x08000000      0x298 ./Core/Startup/startup_stm32h753vitx.o
                0x08000000                g_pfnVectors
                0x08000298                        . = ALIGN (0x4)

.text           0x080002a0     0xb6ec
                0x080002a0                        . = ALIGN (0x4)
 *(.text)
 .text          0x080002a0       0x40 D:/STMCubeIDE/STM32CubeIDE_1.19.0/STM32CubeIDE/plugins/com.st.stm32cube.ide.mcu.externaltools.gnu-tools-for-stm32.13.3.rel1.win32_1.0.0.202411081344/tools/bin/../lib/gcc/arm-none-eabi/13.3.1/thumb/v7e-m+dp/hard/crtbegin.o
 .text          0x080002e0       0xa0 D:/STMCubeIDE/STM32CubeIDE_1.19.0/STM32CubeIDE/plugins/com.st.stm32cube.ide.mcu.externaltools.gnu-tools-for-stm32.13.3.rel1.win32_1.0.0.202411081344/tools/bin/../lib/gcc/arm-none-eabi/13.3.1/../../../../arm-none-eabi/lib/thumb/v7e-m+dp/hard\libc_nano.a(libc_a-memchr.o)
                0x080002e0                memchr
 .text          0x08000380      0x378 D:/STMCubeIDE/STM32CubeIDE_1.19.0/STM32CubeIDE/plugins/com.st.stm32cube.ide.mcu.externaltools.gnu-tools-for-stm32.13.3.rel1.win32_1.0.0.202411081344/tools/bin/../lib/gcc/arm-none-eabi/13.3.1/thumb/v7e-m+dp/hard\libgcc.a(_arm_addsubdf3.o)
                0x08000380                __aeabi_drsub
                0x08000388                __aeabi_dsub
                0x08000388                __subdf3
                0x0800038c                __aeabi_dadd
                0x0800038c                __adddf3
                0x08000604                __floatunsidf
                0x08000604                __aeabi_ui2d
                0x08000624                __floatsidf
                0x08000624                __aeabi_i2d
                0x08000648                __aeabi_f2d
                0x08000648                __extendsfdf2
                0x0800068c                __floatundidf
                0x0800068c                __aeabi_ul2d
                0x0800069c                __floatdidf
                0x0800069c                __aeabi_l2d
 .text          0x080006f8       0x30 D:/STMCubeIDE/STM32CubeIDE_1.19.0/STM32CubeIDE/plugins/com.st.stm32cube.ide.mcu.externaltools.gnu-tools-for-stm32.13.3.rel1.win32_1.0.0.202411081344/tools/bin/../lib/gcc/arm-none-eabi/13.3.1/thumb/v7e-m+dp/hard\libgcc.a(_aeabi_uldivmod.o)
                0x080006f8                __aeabi_uldivmod
 .text          0x08000728      0x2f8 D:/STMCubeIDE/STM32CubeIDE_1.19.0/STM32CubeIDE/plugins/com.st.stm32cube.ide.mcu.externaltools.gnu-tools-for-stm32.13.3.rel1.win32_1.0.0.202411081344/tools/bin/../lib/gcc/arm-none-eabi/13.3.1/thumb/v7e-m+dp/hard\libgcc.a(_udivmoddi4.o)
                0x08000728                __udivmoddi4
 .text          0x08000a20        0x4 D:/STMCubeIDE/STM32CubeIDE_1.19.0/STM32CubeIDE/plugins/com.st.stm32cube.ide.mcu.externaltools.gnu-tools-for-stm32.13.3.rel1.win32_1.0.0.202411081344/tools/bin/../lib/gcc/arm-none-eabi/13.3.1/thumb/v7e-m+dp/hard\libgcc.a(_dvmd_tls.o)
                0x08000a20                __aeabi_idiv0
                0x08000a20                __aeabi_ldiv0
 *(.text*)
 .text._ZL12eve_spi_txrxh
                0x08000a24       0x30 ./Core/Src/EVE_base.o
 .text._Z23_EVE_Select_and_Addressmh
                0x08000a54       0x4c ./Core/Src/EVE_base.o
                0x08000a54                _EVE_Select_and_Address(unsigned long, unsigned char)
 .text._Z12_EVE_send_32m
                0x08000aa0       0x3e ./Core/Src/EVE_base.o
                0x08000aa0                _EVE_send_32(unsigned long)
 *fill*         0x08000ade        0x2 
 .text._Z16EVE_REG_Write_16mt
                0x08000ae0       0x44 ./Core/Src/EVE_base.o
                0x08000ae0                EVE_REG_Write_16(unsigned long, unsigned short)
 .text._Z13EVE_Cmd_Dat_0tm
                0x08000b24       0x44 ./Core/Src/EVE_base.o
                0x08000b24                EVE_Cmd_Dat_0(unsigned short, unsigned long)
 .text._Z8EVE_TexttttttPKc
                0x08000b68       0x2a ./Core/Src/EVE_draw.o
                0x08000b68                EVE_Text(unsigned short, unsigned short, unsigned short, unsigned short, unsigned short, char const*)
 .text._ZN8FdcanBusC2EP19FDCAN_HandleTypeDef
                0x08000b92       0x1e ./Core/Src/app_main.o
                0x08000b92                FdcanBus::FdcanBus(FDCAN_HandleTypeDef*)
                0x08000b92                FdcanBus::FdcanBus(FDCAN_HandleTypeDef*)
 .text._ZN7Max7219C2EP19__SPI_HandleTypeDefP12GPIO_TypeDeft
                0x08000bb0       0x38 ./Core/Src/app_main.o
                0x08000bb0                Max7219::Max7219(__SPI_HandleTypeDef*, GPIO_TypeDef*, unsigned short)
                0x08000bb0                Max7219::Max7219(__SPI_HandleTypeDef*, GPIO_TypeDef*, unsigned short)
 .text._Z6now_msv
                0x08000be8        0xe ./Core/Src/app_main.o
                0x08000be8                now_ms()
 .text._Z8every_msRmm
                0x08000bf6       0x32 ./Core/Src/app_main.o
                0x08000bf6                every_ms(unsigned long&, unsigned long)
 .text.app_main
                0x08000c28       0xe0 ./Core/Src/app_main.o
                0x08000c28                app_main
 .text._ZN6cansvc7hv_tempEv
                0x08000d08       0x1c ./Core/Src/can_service.o
                0x08000d08                cansvc::hv_temp()
 .text._ZN6cansvc2lvEv
                0x08000d24       0x1c ./Core/Src/can_service.o
                0x08000d24                cansvc::lv()
 .text._ZN6cansvc4initER8FdcanBus
                0x08000d40       0x80 ./Core/Src/can_service.o
                0x08000d40                cansvc::init(FdcanBus&)
 .text._ZN6cansvcL3u16EPKhii
                0x08000dc0       0x36 ./Core/Src/can_service.o
 .text._ZN6cansvcL3u32EPKhiiii
                0x08000df6       0x4a ./Core/Src/can_service.o
 .text._ZN6cansvc4pollER8FdcanBus
                0x08000e40      0x37c ./Core/Src/can_service.o
                0x08000e40                cansvc::poll(FdcanBus&)
 .text._ZN6cansvc9send_testER8FdcanBus
                0x080011bc       0x54 ./Core/Src/can_service.o
                0x080011bc                cansvc::send_test(FdcanBus&)
 .text._ZN8FdcanBus15initClassic500kEv
                0x08001210       0x76 ./Core/Src/fdcan_bus.o
                0x08001210                FdcanBus::initClassic500k()
 *fill*         0x08001286        0x2 
 .text._ZN8FdcanBus12addStdFilterEt
                0x08001288       0x68 ./Core/Src/fdcan_bus.o
                0x08001288                FdcanBus::addStdFilter(unsigned short)
 .text._ZN8FdcanBus7receiveER8CanFrame
                0x080012f0       0x86 ./Core/Src/fdcan_bus.o
                0x080012f0                FdcanBus::receive(CanFrame&)
 .text._ZN8FdcanBus4sendERK8CanFrame
                0x08001376       0x68 ./Core/Src/fdcan_bus.o
                0x08001376                FdcanBus::send(CanFrame const&)
 .text._ZSt3expf
                0x080013de       0x20 ./Core/Src/lcd.o
                0x080013de                std::exp(float)
 .text._ZSt4fabsf
                0x080013fe       0x20 ./Core/Src/lcd.o
                0x080013fe                std::fabs(float)
 .text._ZSt6lroundf
                0x0800141e       0x1c ./Core/Src/lcd.o
                0x0800141e                std::lround(float)
 *fill*         0x0800143a        0x2 
 .text._ZL9eve_flushv
                0x0800143c       0x20 ./Core/Src/lcd.o
 .text.EVE_Init
                0x0800145c       0x5c ./Core/Src/lcd.o
                0x0800145c                EVE_Init
 .text.EVE_BeginFrame
                0x080014b8       0xb0 ./Core/Src/lcd.o
                0x080014b8                EVE_BeginFrame
 .text.EVE_EndFrame
                0x08001568       0x40 ./Core/Src/lcd.o
                0x08001568                EVE_EndFrame
 .text.EVE_SetBackColor
                0x080015a8       0x3c ./Core/Src/lcd.o
                0x080015a8                EVE_SetBackColor
 .text.EVE_SetFgColor
                0x080015e4       0x3c ./Core/Src/lcd.o
                0x080015e4                EVE_SetFgColor
 .text.EVE_Text
                0x08001620       0x50 ./Core/Src/lcd.o
                0x08001620                EVE_Text
 .text.EVE_RectFill
                0x08001670       0xc8 ./Core/Src/lcd.o
                0x08001670                EVE_RectFill
 .text._Z31can_service_get_energy_used_kWhv
                0x08001738       0x18 ./Core/Src/lcd.o
                0x08001738                can_service_get_energy_used_kWh()
 .text._ZN9energybarL6clampfEfff
                0x08001750       0x52 ./Core/Src/lcd.o
 .text._ZN9energybarL11smooth_stepEffff
                0x080017a2       0xa4 ./Core/Src/lcd.o
 .text._ZN9energybarL4rectEiiii
                0x08001846       0x40 ./Core/Src/lcd.o
 .text._ZN9energybarL12fillUnitsToXEii
                0x08001886       0x52 ./Core/Src/lcd.o
 .text._ZN9energybar6updateEm
                0x080018d8       0xa0 ./Core/Src/lcd.o
                0x080018d8                energybar::update(unsigned long)
 .text._ZN9energybar4drawEm
                0x08001978      0x204 ./Core/Src/lcd.o
                0x08001978                energybar::draw(unsigned long)
 .text._ZN3lcd22render_energy_bar_demoEm
                0x08001b7c       0x2e ./Core/Src/lcd.o
                0x08001b7c                lcd::render_energy_bar_demo(unsigned long)
 *fill*         0x08001baa        0x2 
 .text._ZN3lcd29print_default_screen_templateEv
                0x08001bac       0x40 ./Core/Src/lcd.o
                0x08001bac                lcd::print_default_screen_template()
 .text._ZN3lcd4initEv
                0x08001bec       0x20 ./Core/Src/lcd.o
                0x08001bec                lcd::init()
 .text._ZSt5floorf
                0x08001c0c       0x20 ./Core/Src/leds.o
                0x08001c0c                std::floor(float)
 .text._ZSt3sinf
                0x08001c2c       0x20 ./Core/Src/leds.o
                0x08001c2c                std::sin(float)
 .text._ZN12_GLOBAL__N_112clearDesiredEv
                0x08001c4c       0x68 ./Core/Src/leds.o
 .text._ZN12_GLOBAL__N_113setRGBDesiredEifff
                0x08001cb4       0xb8 ./Core/Src/leds.o
 .text._ZN12_GLOBAL__N_18hwSetRGBEibbb
                0x08001d6c       0x88 ./Core/Src/leds.o
 .text._ZN12_GLOBAL__N_113hwApplyDitherEv
                0x08001df4       0xa4 ./Core/Src/leds.o
 .text._ZN12_GLOBAL__N_114renderOnTargetEf
                0x08001e98       0xec ./Core/Src/leds.o
 .text._ZZN12_GLOBAL__N_19renderBarEfENKUlifE_clEif
                0x08001f84       0x2c ./Core/Src/leds.o
 .text._ZZN12_GLOBAL__N_19renderBarEfENKUlifE0_clEif
                0x08001fb0       0x2c ./Core/Src/leds.o
 .text._ZN12_GLOBAL__N_19renderBarEf
                0x08001fdc      0x248 ./Core/Src/leds.o
 .text._ZN4leds4initEP7Max7219
                0x08002224       0x24 ./Core/Src/leds.o
                0x08002224                leds::init(Max7219*)
 .text._ZN4leds4wakeEv
                0x08002248      0x1e0 ./Core/Src/leds.o
                0x08002248                leds::wake()
 .text._ZN4leds23efficiency_on_can_ratioEf
                0x08002428       0x54 ./Core/Src/leds.o
                0x08002428                leds::efficiency_on_can_ratio(float)
 .text._ZN4leds23efficiency_on_can_errorEf
                0x0800247c       0x48 ./Core/Src/leds.o
                0x0800247c                leds::efficiency_on_can_error(float)
 .text._ZN4leds15efficiency_tickEm
                0x080024c4      0x184 ./Core/Src/leds.o
                0x080024c4                leds::efficiency_tick(unsigned long)
 .text._ZN4leds18disable_half_solidEb
                0x08002648       0x74 ./Core/Src/leds.o
                0x08002648                leds::disable_half_solid(bool)
 .text._ZN4leds11toggle_halfEb
                0x080026bc       0x84 ./Core/Src/leds.o
                0x080026bc                leds::toggle_half(bool)
 .text._ZN4leds14set_brightnessEh
                0x08002740       0x24 ./Core/Src/leds.o
                0x08002740                leds::set_brightness(unsigned char)
 .text._ZN4leds2lvEf
                0x08002764       0x4c ./Core/Src/leds.o
                0x08002764                leds::lv(float)
 .text._ZN4leds19safety_update_flashEfm
                0x080027b0       0x54 ./Core/Src/leds.o
                0x080027b0                leds::safety_update_flash(float, unsigned long)
 .text._ZSt5clampIfERKT_S2_S2_S2_
                0x08002804       0x4e ./Core/Src/leds.o
                0x08002804                float const& std::clamp<float>(float const&, float const&, float const&)
 .text._ZSt3minIiERKT_S2_S2_
                0x08002852       0x28 ./Core/Src/leds.o
                0x08002852                int const& std::min<int>(int const&, int const&)
 *fill*         0x0800287a        0x2 
 .text.main     0x0800287c       0x60 ./Core/Src/main.o
                0x0800287c                main
 .text.SystemClock_Config
                0x080028dc       0xdc ./Core/Src/main.o
                0x080028dc                SystemClock_Config
 .text.MX_FDCAN1_Init
                0x080029b8       0xc8 ./Core/Src/main.o
 .text.MX_FDCAN2_Init
                0x08002a80       0xc8 ./Core/Src/main.o
 .text.MX_SPI4_Init
                0x08002b48       0xac ./Core/Src/main.o
 .text.MX_TIM1_Init
                0x08002bf4      0x130 ./Core/Src/main.o
 .text.MX_USART1_UART_Init
                0x08002d24       0xa4 ./Core/Src/main.o
 .text.MX_GPIO_Init
                0x08002dc8      0x16c ./Core/Src/main.o
 .text.MPU_Config
                0x08002f34       0x58 ./Core/Src/main.o
 .text.Error_Handler
                0x08002f8c       0x14 ./Core/Src/main.o
                0x08002f8c                Error_Handler
 .text._ZN7Max72195beginEv
                0x08002fa0       0x72 ./Core/Src/max7219.o
                0x08002fa0                Max7219::begin()
 .text._ZN7Max72199intensityEh
                0x08003012       0x26 ./Core/Src/max7219.o
                0x08003012                Max7219::intensity(unsigned char)
 .text._ZN7Max72198setPointEhhb
                0x08003038       0x92 ./Core/Src/max7219.o
                0x08003038                Max7219::setPoint(unsigned char, unsigned char, bool)
 .text._ZN7Max72198writeRegEhh
                0x080030ca       0x52 ./Core/Src/max7219.o
                0x080030ca                Max7219::writeReg(unsigned char, unsigned char)
 .text.HAL_MspInit
                0x0800311c       0x34 ./Core/Src/stm32h7xx_hal_msp.o
                0x0800311c                HAL_MspInit
 .text.HAL_FDCAN_MspInit
                0x08003150      0x19c ./Core/Src/stm32h7xx_hal_msp.o
                0x08003150                HAL_FDCAN_MspInit
 .text.HAL_SPI_MspInit
                0x080032ec       0xd0 ./Core/Src/stm32h7xx_hal_msp.o
                0x080032ec                HAL_SPI_MspInit
 .text.HAL_TIM_PWM_MspInit
                0x080033bc       0x44 ./Core/Src/stm32h7xx_hal_msp.o
                0x080033bc                HAL_TIM_PWM_MspInit
 .text.HAL_TIM_MspPostInit
                0x08003400       0x78 ./Core/Src/stm32h7xx_hal_msp.o
                0x08003400                HAL_TIM_MspPostInit
 .text.HAL_UART_MspInit
                0x08003478       0xd4 ./Core/Src/stm32h7xx_hal_msp.o
                0x08003478                HAL_UART_MspInit
 .text.NMI_Handler
                0x0800354c        0x8 ./Core/Src/stm32h7xx_it.o
                0x0800354c                NMI_Handler
 .text.HardFault_Handler
                0x08003554        0x8 ./Core/Src/stm32h7xx_it.o
                0x08003554                HardFault_Handler
 .text.MemManage_Handler
                0x0800355c        0x8 ./Core/Src/stm32h7xx_it.o
                0x0800355c                MemManage_Handler
 .text.BusFault_Handler
                0x08003564        0x8 ./Core/Src/stm32h7xx_it.o
                0x08003564                BusFault_Handler
 .text.UsageFault_Handler
                0x0800356c        0x8 ./Core/Src/stm32h7xx_it.o
                0x0800356c                UsageFault_Handler
 .text.SVC_Handler
                0x08003574        0xe ./Core/Src/stm32h7xx_it.o
                0x08003574                SVC_Handler
 .text.DebugMon_Handler
                0x08003582        0xe ./Core/Src/stm32h7xx_it.o
                0x08003582                DebugMon_Handler
 .text.PendSV_Handler
                0x08003590        0xe ./Core/Src/stm32h7xx_it.o
                0x08003590                PendSV_Handler
 .text.SysTick_Handler
                0x0800359e        0xc ./Core/Src/stm32h7xx_it.o
                0x0800359e                SysTick_Handler
 .text._read    0x080035aa       0x3a ./Core/Src/syscalls.o
                0x080035aa                _read
 .text._write   0x080035e4       0x38 ./Core/Src/syscalls.o
                0x080035e4                _write
 .text._close   0x0800361c       0x18 ./Core/Src/syscalls.o
                0x0800361c                _close
 .text._fstat   0x08003634       0x20 ./Core/Src/syscalls.o
                0x08003634                _fstat
 .text._isatty  0x08003654       0x16 ./Core/Src/syscalls.o
                0x08003654                _isatty
 .text._lseek   0x0800366a       0x1a ./Core/Src/syscalls.o
                0x0800366a                _lseek
 .text._sbrk    0x08003684       0x6c ./Core/Src/sysmem.o
                0x08003684                _sbrk
 .text.SystemInit
                0x080036f0      0x140 ./Core/Src/system_stm32h7xx.o
                0x080036f0                SystemInit
 .text.ExitRun0Mode
                0x08003830       0x30 ./Core/Src/system_stm32h7xx.o
                0x08003830                ExitRun0Mode
 .text.Reset_Handler
                0x08003860       0x54 ./Core/Startup/startup_stm32h753vitx.o
                0x08003860                Reset_Handler
 .text.Default_Handler
                0x080038b4        0x2 ./Core/Startup/startup_stm32h753vitx.o
                0x080038b4                RTC_Alarm_IRQHandler
                0x080038b4                HASH_RNG_IRQHandler
                0x080038b4                EXTI2_IRQHandler
                0x080038b4                TIM8_CC_IRQHandler
                0x080038b4                HRTIM1_Master_IRQHandler
                0x080038b4                UART8_IRQHandler
                0x080038b4                SPI4_IRQHandler
                0x080038b4                TIM1_CC_IRQHandler
                0x080038b4                BDMA_Channel6_IRQHandler
                0x080038b4                DMA2_Stream5_IRQHandler
                0x080038b4                HRTIM1_FLT_IRQHandler
                0x080038b4                JPEG_IRQHandler
                0x080038b4                DMA1_Stream5_IRQHandler
                0x080038b4                BDMA_Channel1_IRQHandler
                0x080038b4                HRTIM1_TIMD_IRQHandler
                0x080038b4                TAMP_STAMP_IRQHandler
                0x080038b4                EXTI3_IRQHandler
                0x080038b4                LPTIM4_IRQHandler
                0x080038b4                TIM8_TRG_COM_TIM14_IRQHandler
                0x080038b4                LPTIM2_IRQHandler
                0x080038b4                DFSDM1_FLT1_IRQHandler
                0x080038b4                DMAMUX2_OVR_IRQHandler
                0x080038b4                TIM8_UP_TIM13_IRQHandler
                0x080038b4                I2C3_ER_IRQHandler
                0x080038b4                DFSDM1_FLT2_IRQHandler
                0x080038b4                MDMA_IRQHandler
                0x080038b4                LPTIM3_IRQHandler
                0x080038b4                HSEM1_IRQHandler
                0x080038b4                EXTI0_IRQHandler
                0x080038b4                I2C2_EV_IRQHandler
                0x080038b4                DMA1_Stream2_IRQHandler
                0x080038b4                FPU_IRQHandler
                0x080038b4                OTG_HS_WKUP_IRQHandler
                0x080038b4                FDCAN1_IT1_IRQHandler
                0x080038b4                LTDC_ER_IRQHandler
                0x080038b4                DMA2_Stream2_IRQHandler
                0x080038b4                HRTIM1_TIME_IRQHandler
                0x080038b4                SPI1_IRQHandler
                0x080038b4                TIM6_DAC_IRQHandler
                0x080038b4                DCMI_IRQHandler
                0x080038b4                HRTIM1_TIMC_IRQHandler
                0x080038b4                DMA2_Stream3_IRQHandler
                0x080038b4                SAI2_IRQHandler
                0x080038b4                DFSDM1_FLT3_IRQHandler
                0x080038b4                USART6_IRQHandler
                0x080038b4                TIM17_IRQHandler
                0x080038b4                USART3_IRQHandler
                0x080038b4                BDMA_Channel7_IRQHandler
                0x080038b4                CRYP_IRQHandler
                0x080038b4                LPTIM5_IRQHandler
                0x080038b4                UART5_IRQHandler
                0x080038b4                ADC3_IRQHandler
                0x080038b4                DMA2_Stream0_IRQHandler
                0x080038b4                TIM4_IRQHandler
                0x080038b4                BDMA_Channel2_IRQHandler
                0x080038b4                QUADSPI_IRQHandler
                0x080038b4                I2C1_EV_IRQHandler
                0x080038b4                DMA1_Stream6_IRQHandler
                0x080038b4                DMAMUX1_OVR_IRQHandler
                0x080038b4                DMA1_Stream1_IRQHandler
                0x080038b4                TIM16_IRQHandler
                0x080038b4                UART4_IRQHandler
                0x080038b4                BDMA_Channel5_IRQHandler
                0x080038b4                TIM3_IRQHandler
                0x080038b4                RCC_IRQHandler
                0x080038b4                TIM8_BRK_TIM12_IRQHandler
                0x080038b4                TIM1_TRG_COM_IRQHandler
                0x080038b4                Default_Handler
                0x080038b4                ECC_IRQHandler
                0x080038b4                CEC_IRQHandler
                0x080038b4                EXTI15_10_IRQHandler
                0x080038b4                BDMA_Channel0_IRQHandler
                0x080038b4                ADC_IRQHandler
                0x080038b4                DMA1_Stream7_IRQHandler
                0x080038b4                HRTIM1_TIMA_IRQHandler
                0x080038b4                SPI5_IRQHandler
                0x080038b4                TIM7_IRQHandler
                0x080038b4                SDMMC1_IRQHandler
                0x080038b4                TIM5_IRQHandler
                0x080038b4                DMA2_Stream7_IRQHandler
                0x080038b4                TIM15_IRQHandler
                0x080038b4                PVD_AVD_IRQHandler
                0x080038b4                I2C3_EV_IRQHandler
                0x080038b4                EXTI9_5_IRQHandler
                0x080038b4                RTC_WKUP_IRQHandler
                0x080038b4                LTDC_IRQHandler
                0x080038b4                SAI3_IRQHandler
                0x080038b4                ETH_WKUP_IRQHandler
                0x080038b4                SPDIF_RX_IRQHandler
                0x080038b4                SPI2_IRQHandler
                0x080038b4                OTG_HS_EP1_IN_IRQHandler
                0x080038b4                DMA1_Stream0_IRQHandler
                0x080038b4                CRS_IRQHandler
                0x080038b4                EXTI4_IRQHandler
                0x080038b4                HRTIM1_TIMB_IRQHandler
                0x080038b4                FDCAN2_IT1_IRQHandler
                0x080038b4                ETH_IRQHandler
                0x080038b4                TIM1_UP_IRQHandler
                0x080038b4                BDMA_Channel4_IRQHandler
                0x080038b4                OTG_HS_EP1_OUT_IRQHandler
                0x080038b4                WWDG_IRQHandler
                0x080038b4                SPI6_IRQHandler
                0x080038b4                MDIOS_IRQHandler
                0x080038b4                I2C4_EV_IRQHandler
                0x080038b4                FDCAN2_IT0_IRQHandler
                0x080038b4                LPUART1_IRQHandler
                0x080038b4                FDCAN1_IT0_IRQHandler
                0x080038b4                TIM2_IRQHandler
                0x080038b4                OTG_FS_WKUP_IRQHandler
                0x080038b4                OTG_HS_IRQHandler
                0x080038b4                DMA2D_IRQHandler
                0x080038b4                TIM1_BRK_IRQHandler
                0x080038b4                EXTI1_IRQHandler
                0x080038b4                SDMMC2_IRQHandler
                0x080038b4                OTG_FS_EP1_OUT_IRQHandler
                0x080038b4                BDMA_Channel3_IRQHandler
                0x080038b4                UART7_IRQHandler
                0x080038b4                MDIOS_WKUP_IRQHandler
                0x080038b4                USART2_IRQHandler
                0x080038b4                DFSDM1_FLT0_IRQHandler
                0x080038b4                SAI4_IRQHandler
                0x080038b4                I2C2_ER_IRQHandler
                0x080038b4                DMA2_Stream1_IRQHandler
                0x080038b4                FLASH_IRQHandler
                0x080038b4                DMA2_Stream4_IRQHandler
                0x080038b4                USART1_IRQHandler
                0x080038b4                OTG_FS_IRQHandler
                0x080038b4                SPI3_IRQHandler
                0x080038b4                WAKEUP_PIN_IRQHandler
                0x080038b4                DMA1_Stream4_IRQHandler
                0x080038b4                OTG_FS_EP1_IN_IRQHandler
                0x080038b4                I2C1_ER_IRQHandler
                0x080038b4                FMC_IRQHandler
                0x080038b4                FDCAN_CAL_IRQHandler
                0x080038b4                SWPMI1_IRQHandler
                0x080038b4                COMP1_IRQHandler
                0x080038b4                LPTIM1_IRQHandler
                0x080038b4                I2C4_ER_IRQHandler
                0x080038b4                DMA2_Stream6_IRQHandler
                0x080038b4                SAI1_IRQHandler
                0x080038b4                DMA1_Stream3_IRQHandler
 *fill*         0x080038b6        0x2 
 .text.HAL_Init
                0x080038b8       0x78 ./Drivers/STM32H7xx_HAL_Driver/Src/stm32h7xx_hal.o
                0x080038b8                HAL_Init
 .text.HAL_InitTick
                0x08003930       0x6c ./Drivers/STM32H7xx_HAL_Driver/Src/stm32h7xx_hal.o
                0x08003930                HAL_InitTick
 .text.HAL_IncTick
                0x0800399c       0x28 ./Drivers/STM32H7xx_HAL_Driver/Src/stm32h7xx_hal.o
                0x0800399c                HAL_IncTick
 .text.HAL_GetTick
                0x080039c4       0x18 ./Drivers/STM32H7xx_HAL_Driver/Src/stm32h7xx_hal.o
                0x080039c4                HAL_GetTick
 .text.HAL_Delay
                0x080039dc       0x48 ./Drivers/STM32H7xx_HAL_Driver/Src/stm32h7xx_hal.o
                0x080039dc                HAL_Delay
 .text.HAL_GetREVID
                0x08003a24       0x18 ./Drivers/STM32H7xx_HAL_Driver/Src/stm32h7xx_hal.o
                0x08003a24                HAL_GetREVID
 .text.HAL_SYSCFG_AnalogSwitchConfig
                0x08003a3c       0x2c ./Drivers/STM32H7xx_HAL_Driver/Src/stm32h7xx_hal.o
                0x08003a3c                HAL_SYSCFG_AnalogSwitchConfig
 .text.__NVIC_SetPriorityGrouping
                0x08003a68       0x48 ./Drivers/STM32H7xx_HAL_Driver/Src/stm32h7xx_hal_cortex.o
 .text.__NVIC_GetPriorityGrouping
                0x08003ab0       0x1c ./Drivers/STM32H7xx_HAL_Driver/Src/stm32h7xx_hal_cortex.o
 .text.__NVIC_SetPriority
                0x08003acc       0x54 ./Drivers/STM32H7xx_HAL_Driver/Src/stm32h7xx_hal_cortex.o
 .text.NVIC_EncodePriority
                0x08003b20       0x66 ./Drivers/STM32H7xx_HAL_Driver/Src/stm32h7xx_hal_cortex.o
 *fill*         0x08003b86        0x2 
 .text.SysTick_Config
                0x08003b88       0x44 ./Drivers/STM32H7xx_HAL_Driver/Src/stm32h7xx_hal_cortex.o
 .text.HAL_NVIC_SetPriorityGrouping
                0x08003bcc       0x16 ./Drivers/STM32H7xx_HAL_Driver/Src/stm32h7xx_hal_cortex.o
                0x08003bcc                HAL_NVIC_SetPriorityGrouping
 .text.HAL_NVIC_SetPriority
                0x08003be2       0x34 ./Drivers/STM32H7xx_HAL_Driver/Src/stm32h7xx_hal_cortex.o
                0x08003be2                HAL_NVIC_SetPriority
 .text.HAL_SYSTICK_Config
                0x08003c16       0x18 ./Drivers/STM32H7xx_HAL_Driver/Src/stm32h7xx_hal_cortex.o
                0x08003c16                HAL_SYSTICK_Config
 *fill*         0x08003c2e        0x2 
 .text.HAL_MPU_Disable
                0x08003c30       0x30 ./Drivers/STM32H7xx_HAL_Driver/Src/stm32h7xx_hal_cortex.o
                0x08003c30                HAL_MPU_Disable
 .text.HAL_MPU_Enable
                0x08003c60       0x40 ./Drivers/STM32H7xx_HAL_Driver/Src/stm32h7xx_hal_cortex.o
                0x08003c60                HAL_MPU_Enable
 .text.HAL_MPU_ConfigRegion
                0x08003ca0       0x80 ./Drivers/STM32H7xx_HAL_Driver/Src/stm32h7xx_hal_cortex.o
                0x08003ca0                HAL_MPU_ConfigRegion
 .text.HAL_FDCAN_Init
                0x08003d20      0x3bc ./Drivers/STM32H7xx_HAL_Driver/Src/stm32h7xx_hal_fdcan.o
                0x08003d20                HAL_FDCAN_Init
 .text.HAL_FDCAN_ConfigFilter
                0x080040dc       0xec ./Drivers/STM32H7xx_HAL_Driver/Src/stm32h7xx_hal_fdcan.o
                0x080040dc                HAL_FDCAN_ConfigFilter
 .text.HAL_FDCAN_Start
                0x080041c8       0x56 ./Drivers/STM32H7xx_HAL_Driver/Src/stm32h7xx_hal_fdcan.o
                0x080041c8                HAL_FDCAN_Start
 .text.HAL_FDCAN_AddMessageToTxFifoQ
                0x0800421e       0xb6 ./Drivers/STM32H7xx_HAL_Driver/Src/stm32h7xx_hal_fdcan.o
                0x0800421e                HAL_FDCAN_AddMessageToTxFifoQ
 .text.HAL_FDCAN_GetRxMessage
                0x080042d4      0x2d8 ./Drivers/STM32H7xx_HAL_Driver/Src/stm32h7xx_hal_fdcan.o
                0x080042d4                HAL_FDCAN_GetRxMessage
 .text.HAL_FDCAN_GetRxFifoFillLevel
                0x080045ac       0x3c ./Drivers/STM32H7xx_HAL_Driver/Src/stm32h7xx_hal_fdcan.o
                0x080045ac                HAL_FDCAN_GetRxFifoFillLevel
 .text.FDCAN_CalcultateRamBlockAddresses
                0x080045e8      0x30c ./Drivers/STM32H7xx_HAL_Driver/Src/stm32h7xx_hal_fdcan.o
 .text.FDCAN_CopyMessageToRAM
                0x080048f4       0xfc ./Drivers/STM32H7xx_HAL_Driver/Src/stm32h7xx_hal_fdcan.o
 .text.HAL_GPIO_Init
                0x080049f0      0x360 ./Drivers/STM32H7xx_HAL_Driver/Src/stm32h7xx_hal_gpio.o
                0x080049f0                HAL_GPIO_Init
 .text.HAL_GPIO_WritePin
                0x08004d50       0x32 ./Drivers/STM32H7xx_HAL_Driver/Src/stm32h7xx_hal_gpio.o
                0x08004d50                HAL_GPIO_WritePin
 .text.HAL_GPIO_TogglePin
                0x08004d82       0x34 ./Drivers/STM32H7xx_HAL_Driver/Src/stm32h7xx_hal_gpio.o
                0x08004d82                HAL_GPIO_TogglePin
 *fill*         0x08004db6        0x2 
 .text.HAL_PWREx_ConfigSupply
                0x08004db8       0x74 ./Drivers/STM32H7xx_HAL_Driver/Src/stm32h7xx_hal_pwr_ex.o
                0x08004db8                HAL_PWREx_ConfigSupply
 .text.HAL_RCC_OscConfig
                0x08004e2c      0x8b4 ./Drivers/STM32H7xx_HAL_Driver/Src/stm32h7xx_hal_rcc.o
                0x08004e2c                HAL_RCC_OscConfig
 .text.HAL_RCC_ClockConfig
                0x080056e0      0x36c ./Drivers/STM32H7xx_HAL_Driver/Src/stm32h7xx_hal_rcc.o
                0x080056e0                HAL_RCC_ClockConfig
 .text.HAL_RCC_GetSysClockFreq
                0x08005a4c      0x2f4 ./Drivers/STM32H7xx_HAL_Driver/Src/stm32h7xx_hal_rcc.o
                0x08005a4c                HAL_RCC_GetSysClockFreq
 .text.HAL_RCC_GetHCLKFreq
                0x08005d40       0x60 ./Drivers/STM32H7xx_HAL_Driver/Src/stm32h7xx_hal_rcc.o
                0x08005d40                HAL_RCC_GetHCLKFreq
 .text.HAL_RCC_GetPCLK1Freq
                0x08005da0       0x2c ./Drivers/STM32H7xx_HAL_Driver/Src/stm32h7xx_hal_rcc.o
                0x08005da0                HAL_RCC_GetPCLK1Freq
 .text.HAL_RCC_GetPCLK2Freq
                0x08005dcc       0x2c ./Drivers/STM32H7xx_HAL_Driver/Src/stm32h7xx_hal_rcc.o
                0x08005dcc                HAL_RCC_GetPCLK2Freq
 .text.HAL_RCCEx_PeriphCLKConfig
                0x08005df8     0x1414 ./Drivers/STM32H7xx_HAL_Driver/Src/stm32h7xx_hal_rcc_ex.o
                0x08005df8                HAL_RCCEx_PeriphCLKConfig
 .text.HAL_RCCEx_GetD3PCLK1Freq
                0x0800720c       0x2c ./Drivers/STM32H7xx_HAL_Driver/Src/stm32h7xx_hal_rcc_ex.o
                0x0800720c                HAL_RCCEx_GetD3PCLK1Freq
 .text.HAL_RCCEx_GetPLL2ClockFreq
                0x08007238      0x2a8 ./Drivers/STM32H7xx_HAL_Driver/Src/stm32h7xx_hal_rcc_ex.o
                0x08007238                HAL_RCCEx_GetPLL2ClockFreq
 .text.HAL_RCCEx_GetPLL3ClockFreq
                0x080074e0      0x2a8 ./Drivers/STM32H7xx_HAL_Driver/Src/stm32h7xx_hal_rcc_ex.o
                0x080074e0                HAL_RCCEx_GetPLL3ClockFreq
 .text.RCCEx_PLL2_Config
                0x08007788      0x164 ./Drivers/STM32H7xx_HAL_Driver/Src/stm32h7xx_hal_rcc_ex.o
 .text.RCCEx_PLL3_Config
                0x080078ec      0x164 ./Drivers/STM32H7xx_HAL_Driver/Src/stm32h7xx_hal_rcc_ex.o
 .text.HAL_SPI_Init
                0x08007a50      0x248 ./Drivers/STM32H7xx_HAL_Driver/Src/stm32h7xx_hal_spi.o
                0x08007a50                HAL_SPI_Init
 .text.HAL_SPI_Transmit
                0x08007c98      0x3dc ./Drivers/STM32H7xx_HAL_Driver/Src/stm32h7xx_hal_spi.o
                0x08007c98                HAL_SPI_Transmit
 .text.HAL_SPI_TransmitReceive
                0x08008074      0x674 ./Drivers/STM32H7xx_HAL_Driver/Src/stm32h7xx_hal_spi.o
                0x08008074                HAL_SPI_TransmitReceive
 .text.SPI_CloseTransfer
                0x080086e8      0x140 ./Drivers/STM32H7xx_HAL_Driver/Src/stm32h7xx_hal_spi.o
 .text.SPI_WaitOnFlagUntilTimeout
                0x08008828       0x5c ./Drivers/STM32H7xx_HAL_Driver/Src/stm32h7xx_hal_spi.o
 .text.SPI_GetPacketSize
                0x08008884       0x36 ./Drivers/STM32H7xx_HAL_Driver/Src/stm32h7xx_hal_spi.o
 .text.HAL_TIM_PWM_Init
                0x080088ba       0xae ./Drivers/STM32H7xx_HAL_Driver/Src/stm32h7xx_hal_tim.o
                0x080088ba                HAL_TIM_PWM_Init
 .text.HAL_TIM_OnePulse_Init
                0x08008968       0xa0 ./Drivers/STM32H7xx_HAL_Driver/Src/stm32h7xx_hal_tim.o
                0x08008968                HAL_TIM_OnePulse_Init
 .text.HAL_TIM_OnePulse_MspInit
                0x08008a08       0x14 ./Drivers/STM32H7xx_HAL_Driver/Src/stm32h7xx_hal_tim.o
                0x08008a08                HAL_TIM_OnePulse_MspInit
 .text.HAL_TIM_PWM_ConfigChannel
                0x08008a1c      0x228 ./Drivers/STM32H7xx_HAL_Driver/Src/stm32h7xx_hal_tim.o
                0x08008a1c                HAL_TIM_PWM_ConfigChannel
 .text.TIM_Base_SetConfig
                0x08008c44      0x140 ./Drivers/STM32H7xx_HAL_Driver/Src/stm32h7xx_hal_tim.o
                0x08008c44                TIM_Base_SetConfig
 .text.TIM_OC1_SetConfig
                0x08008d84      0x120 ./Drivers/STM32H7xx_HAL_Driver/Src/stm32h7xx_hal_tim.o
 .text.TIM_OC2_SetConfig
                0x08008ea4      0x114 ./Drivers/STM32H7xx_HAL_Driver/Src/stm32h7xx_hal_tim.o
                0x08008ea4                TIM_OC2_SetConfig
 .text.TIM_OC3_SetConfig
                0x08008fb8      0x110 ./Drivers/STM32H7xx_HAL_Driver/Src/stm32h7xx_hal_tim.o
 .text.TIM_OC4_SetConfig
                0x080090c8       0xd4 ./Drivers/STM32H7xx_HAL_Driver/Src/stm32h7xx_hal_tim.o
 .text.TIM_OC5_SetConfig
                0x0800919c       0xc8 ./Drivers/STM32H7xx_HAL_Driver/Src/stm32h7xx_hal_tim.o
 .text.TIM_OC6_SetConfig
                0x08009264       0xcc ./Drivers/STM32H7xx_HAL_Driver/Src/stm32h7xx_hal_tim.o
 .text.HAL_TIMEx_MasterConfigSynchronization
                0x08009330      0x11c ./Drivers/STM32H7xx_HAL_Driver/Src/stm32h7xx_hal_tim_ex.o
                0x08009330                HAL_TIMEx_MasterConfigSynchronization
 .text.HAL_TIMEx_ConfigBreakDeadTime
                0x0800944c       0xfc ./Drivers/STM32H7xx_HAL_Driver/Src/stm32h7xx_hal_tim_ex.o
                0x0800944c                HAL_TIMEx_ConfigBreakDeadTime
 .text.HAL_UART_Init
                0x08009548       0xa0 ./Drivers/STM32H7xx_HAL_Driver/Src/stm32h7xx_hal_uart.o
                0x08009548                HAL_UART_Init
 .text.UART_SetConfig
                0x080095e8      0xad0 ./Drivers/STM32H7xx_HAL_Driver/Src/stm32h7xx_hal_uart.o
                0x080095e8                UART_SetConfig
 .text.UART_AdvFeatureConfig
                0x0800a0b8      0x144 ./Drivers/STM32H7xx_HAL_Driver/Src/stm32h7xx_hal_uart.o
                0x0800a0b8                UART_AdvFeatureConfig
 .text.UART_CheckIdleState
                0x0800a1fc      0x154 ./Drivers/STM32H7xx_HAL_Driver/Src/stm32h7xx_hal_uart.o
                0x0800a1fc                UART_CheckIdleState
 .text.UART_WaitOnFlagUntilTimeout
                0x0800a350       0xda ./Drivers/STM32H7xx_HAL_Driver/Src/stm32h7xx_hal_uart.o
                0x0800a350                UART_WaitOnFlagUntilTimeout
 *fill*         0x0800a42a        0x2 
 .text.UART_EndRxTransfer
                0x0800a42c       0xcc ./Drivers/STM32H7xx_HAL_Driver/Src/stm32h7xx_hal_uart.o
 .text.HAL_UARTEx_DisableFifoMode
                0x0800a4f8       0x72 ./Drivers/STM32H7xx_HAL_Driver/Src/stm32h7xx_hal_uart_ex.o
                0x0800a4f8                HAL_UARTEx_DisableFifoMode
 .text.HAL_UARTEx_SetTxFifoThreshold
                0x0800a56a       0x7c ./Drivers/STM32H7xx_HAL_Driver/Src/stm32h7xx_hal_uart_ex.o
                0x0800a56a                HAL_UARTEx_SetTxFifoThreshold
 .text.HAL_UARTEx_SetRxFifoThreshold
                0x0800a5e6       0x7c ./Drivers/STM32H7xx_HAL_Driver/Src/stm32h7xx_hal_uart_ex.o
                0x0800a5e6                HAL_UARTEx_SetRxFifoThreshold
 *fill*         0x0800a662        0x2 
 .text.UARTEx_SetNbDataToProcess
                0x0800a664       0x9c ./Drivers/STM32H7xx_HAL_Driver/Src/stm32h7xx_hal_uart_ex.o
 .text.lroundf  0x0800a700       0x5a D:/STMCubeIDE/STM32CubeIDE_1.19.0/STM32CubeIDE/plugins/com.st.stm32cube.ide.mcu.externaltools.gnu-tools-for-stm32.13.3.rel1.win32_1.0.0.202411081344/tools/bin/../lib/gcc/arm-none-eabi/13.3.1/../../../../arm-none-eabi/lib/thumb/v7e-m+dp/hard\libm.a(libm_a-sf_lround.o)
                0x0800a700                lroundf
 *fill*         0x0800a75a        0x2 
 .text.expf     0x0800a75c       0xe8 D:/STMCubeIDE/STM32CubeIDE_1.19.0/STM32CubeIDE/plugins/com.st.stm32cube.ide.mcu.externaltools.gnu-tools-for-stm32.13.3.rel1.win32_1.0.0.202411081344/tools/bin/../lib/gcc/arm-none-eabi/13.3.1/../../../../arm-none-eabi/lib/thumb/v7e-m+dp/hard\libm.a(libm_a-sf_exp.o)
                0x0800a75c                expf
 .text.sinf_poly
                0x0800a844       0x54 D:/STMCubeIDE/STM32CubeIDE_1.19.0/STM32CubeIDE/plugins/com.st.stm32cube.ide.mcu.externaltools.gnu-tools-for-stm32.13.3.rel1.win32_1.0.0.202411081344/tools/bin/../lib/gcc/arm-none-eabi/13.3.1/../../../../arm-none-eabi/lib/thumb/v7e-m+dp/hard\libm.a(libm_a-sinf.o)
 .text.sinf     0x0800a898      0x130 D:/STMCubeIDE/STM32CubeIDE_1.19.0/STM32CubeIDE/plugins/com.st.stm32cube.ide.mcu.externaltools.gnu-tools-for-stm32.13.3.rel1.win32_1.0.0.202411081344/tools/bin/../lib/gcc/arm-none-eabi/13.3.1/../../../../arm-none-eabi/lib/thumb/v7e-m+dp/hard\libm.a(libm_a-sinf.o)
                0x0800a898                sinf
 .text.with_errnof
                0x0800a9c8       0x1c D:/STMCubeIDE/STM32CubeIDE_1.19.0/STM32CubeIDE/plugins/com.st.stm32cube.ide.mcu.externaltools.gnu-tools-for-stm32.13.3.rel1.win32_1.0.0.202411081344/tools/bin/../lib/gcc/arm-none-eabi/13.3.1/../../../../arm-none-eabi/lib/thumb/v7e-m+dp/hard\libm.a(libm_a-math_errf.o)
 .text.xflowf   0x0800a9e4       0x16 D:/STMCubeIDE/STM32CubeIDE_1.19.0/STM32CubeIDE/plugins/com.st.stm32cube.ide.mcu.externaltools.gnu-tools-for-stm32.13.3.rel1.win32_1.0.0.202411081344/tools/bin/../lib/gcc/arm-none-eabi/13.3.1/../../../../arm-none-eabi/lib/thumb/v7e-m+dp/hard\libm.a(libm_a-math_errf.o)
 *fill*         0x0800a9fa        0x2 
 .text.__math_uflowf
                0x0800a9fc        0xc D:/STMCubeIDE/STM32CubeIDE_1.19.0/STM32CubeIDE/plugins/com.st.stm32cube.ide.mcu.externaltools.gnu-tools-for-stm32.13.3.rel1.win32_1.0.0.202411081344/tools/bin/../lib/gcc/arm-none-eabi/13.3.1/../../../../arm-none-eabi/lib/thumb/v7e-m+dp/hard\libm.a(libm_a-math_errf.o)
                0x0800a9fc                __math_uflowf
 .text.__math_may_uflowf
                0x0800aa08        0xc D:/STMCubeIDE/STM32CubeIDE_1.19.0/STM32CubeIDE/plugins/com.st.stm32cube.ide.mcu.externaltools.gnu-tools-for-stm32.13.3.rel1.win32_1.0.0.202411081344/tools/bin/../lib/gcc/arm-none-eabi/13.3.1/../../../../arm-none-eabi/lib/thumb/v7e-m+dp/hard\libm.a(libm_a-math_errf.o)
                0x0800aa08                __math_may_uflowf
 .text.__math_oflowf
                0x0800aa14        0xc D:/STMCubeIDE/STM32CubeIDE_1.19.0/STM32CubeIDE/plugins/com.st.stm32cube.ide.mcu.externaltools.gnu-tools-for-stm32.13.3.rel1.win32_1.0.0.202411081344/tools/bin/../lib/gcc/arm-none-eabi/13.3.1/../../../../arm-none-eabi/lib/thumb/v7e-m+dp/hard\libm.a(libm_a-math_errf.o)
                0x0800aa14                __math_oflowf
 .text.__math_invalidf
                0x0800aa20       0x1e D:/STMCubeIDE/STM32CubeIDE_1.19.0/STM32CubeIDE/plugins/com.st.stm32cube.ide.mcu.externaltools.gnu-tools-for-stm32.13.3.rel1.win32_1.0.0.202411081344/tools/bin/../lib/gcc/arm-none-eabi/13.3.1/../../../../arm-none-eabi/lib/thumb/v7e-m+dp/hard\libm.a(libm_a-math_errf.o)
                0x0800aa20                __math_invalidf
 *fill*         0x0800aa3e        0x2 
 .text.std      0x0800aa40       0x6c D:/STMCubeIDE/STM32CubeIDE_1.19.0/STM32CubeIDE/plugins/com.st.stm32cube.ide.mcu.externaltools.gnu-tools-for-stm32.13.3.rel1.win32_1.0.0.202411081344/tools/bin/../lib/gcc/arm-none-eabi/13.3.1/../../../../arm-none-eabi/lib/thumb/v7e-m+dp/hard\libc_nano.a(libc_a-findfp.o)
 .text.stdio_exit_handler
                0x0800aaac       0x18 D:/STMCubeIDE/STM32CubeIDE_1.19.0/STM32CubeIDE/plugins/com.st.stm32cube.ide.mcu.externaltools.gnu-tools-for-stm32.13.3.rel1.win32_1.0.0.202411081344/tools/bin/../lib/gcc/arm-none-eabi/13.3.1/../../../../arm-none-eabi/lib/thumb/v7e-m+dp/hard\libc_nano.a(libc_a-findfp.o)
 .text.cleanup_stdio
                0x0800aac4       0x40 D:/STMCubeIDE/STM32CubeIDE_1.19.0/STM32CubeIDE/plugins/com.st.stm32cube.ide.mcu.externaltools.gnu-tools-for-stm32.13.3.rel1.win32_1.0.0.202411081344/tools/bin/../lib/gcc/arm-none-eabi/13.3.1/../../../../arm-none-eabi/lib/thumb/v7e-m+dp/hard\libc_nano.a(libc_a-findfp.o)
 .text.global_stdio_init.part.0
                0x0800ab04       0x3c D:/STMCubeIDE/STM32CubeIDE_1.19.0/STM32CubeIDE/plugins/com.st.stm32cube.ide.mcu.externaltools.gnu-tools-for-stm32.13.3.rel1.win32_1.0.0.202411081344/tools/bin/../lib/gcc/arm-none-eabi/13.3.1/../../../../arm-none-eabi/lib/thumb/v7e-m+dp/hard\libc_nano.a(libc_a-findfp.o)
 .text.__sfp_lock_acquire
                0x0800ab40        0xc D:/STMCubeIDE/STM32CubeIDE_1.19.0/STM32CubeIDE/plugins/com.st.stm32cube.ide.mcu.externaltools.gnu-tools-for-stm32.13.3.rel1.win32_1.0.0.202411081344/tools/bin/../lib/gcc/arm-none-eabi/13.3.1/../../../../arm-none-eabi/lib/thumb/v7e-m+dp/hard\libc_nano.a(libc_a-findfp.o)
                0x0800ab40                __sfp_lock_acquire
 .text.__sfp_lock_release
                0x0800ab4c        0xc D:/STMCubeIDE/STM32CubeIDE_1.19.0/STM32CubeIDE/plugins/com.st.stm32cube.ide.mcu.externaltools.gnu-tools-for-stm32.13.3.rel1.win32_1.0.0.202411081344/tools/bin/../lib/gcc/arm-none-eabi/13.3.1/../../../../arm-none-eabi/lib/thumb/v7e-m+dp/hard\libc_nano.a(libc_a-findfp.o)
                0x0800ab4c                __sfp_lock_release
 .text.__sinit  0x0800ab58       0x30 D:/STMCubeIDE/STM32CubeIDE_1.19.0/STM32CubeIDE/plugins/com.st.stm32cube.ide.mcu.externaltools.gnu-tools-for-stm32.13.3.rel1.win32_1.0.0.202411081344/tools/bin/../lib/gcc/arm-none-eabi/13.3.1/../../../../arm-none-eabi/lib/thumb/v7e-m+dp/hard\libc_nano.a(libc_a-findfp.o)
                0x0800ab58                __sinit
 .text._fwalk_sglue
                0x0800ab88       0x3c D:/STMCubeIDE/STM32CubeIDE_1.19.0/STM32CubeIDE/plugins/com.st.stm32cube.ide.mcu.externaltools.gnu-tools-for-stm32.13.3.rel1.win32_1.0.0.202411081344/tools/bin/../lib/gcc/arm-none-eabi/13.3.1/../../../../arm-none-eabi/lib/thumb/v7e-m+dp/hard\libc_nano.a(libc_a-fwalk.o)
                0x0800ab88                _fwalk_sglue
 .text.printf   0x0800abc4       0x24 D:/STMCubeIDE/STM32CubeIDE_1.19.0/STM32CubeIDE/plugins/com.st.stm32cube.ide.mcu.externaltools.gnu-tools-for-stm32.13.3.rel1.win32_1.0.0.202411081344/tools/bin/../lib/gcc/arm-none-eabi/13.3.1/../../../../arm-none-eabi/lib/thumb/v7e-m+dp/hard\libc_nano.a(libc_a-printf.o)
                0x0800abc4                iprintf
                0x0800abc4                printf
 .text._puts_r  0x0800abe8       0xaa D:/STMCubeIDE/STM32CubeIDE_1.19.0/STM32CubeIDE/plugins/com.st.stm32cube.ide.mcu.externaltools.gnu-tools-for-stm32.13.3.rel1.win32_1.0.0.202411081344/tools/bin/../lib/gcc/arm-none-eabi/13.3.1/../../../../arm-none-eabi/lib/thumb/v7e-m+dp/hard\libc_nano.a(libc_a-puts.o)
                0x0800abe8                _puts_r
 *fill*         0x0800ac92        0x2 
 .text.puts     0x0800ac94       0x10 D:/STMCubeIDE/STM32CubeIDE_1.19.0/STM32CubeIDE/plugins/com.st.stm32cube.ide.mcu.externaltools.gnu-tools-for-stm32.13.3.rel1.win32_1.0.0.202411081344/tools/bin/../lib/gcc/arm-none-eabi/13.3.1/../../../../arm-none-eabi/lib/thumb/v7e-m+dp/hard\libc_nano.a(libc_a-puts.o)
                0x0800ac94                puts
 .text.__sread  0x0800aca4       0x22 D:/STMCubeIDE/STM32CubeIDE_1.19.0/STM32CubeIDE/plugins/com.st.stm32cube.ide.mcu.externaltools.gnu-tools-for-stm32.13.3.rel1.win32_1.0.0.202411081344/tools/bin/../lib/gcc/arm-none-eabi/13.3.1/../../../../arm-none-eabi/lib/thumb/v7e-m+dp/hard\libc_nano.a(libc_a-stdio.o)
                0x0800aca4                __sread
 .text.__swrite
                0x0800acc6       0x38 D:/STMCubeIDE/STM32CubeIDE_1.19.0/STM32CubeIDE/plugins/com.st.stm32cube.ide.mcu.externaltools.gnu-tools-for-stm32.13.3.rel1.win32_1.0.0.202411081344/tools/bin/../lib/gcc/arm-none-eabi/13.3.1/../../../../arm-none-eabi/lib/thumb/v7e-m+dp/hard\libc_nano.a(libc_a-stdio.o)
                0x0800acc6                __swrite
 .text.__sseek  0x0800acfe       0x24 D:/STMCubeIDE/STM32CubeIDE_1.19.0/STM32CubeIDE/plugins/com.st.stm32cube.ide.mcu.externaltools.gnu-tools-for-stm32.13.3.rel1.win32_1.0.0.202411081344/tools/bin/../lib/gcc/arm-none-eabi/13.3.1/../../../../arm-none-eabi/lib/thumb/v7e-m+dp/hard\libc_nano.a(libc_a-stdio.o)
                0x0800acfe                __sseek
 .text.__sclose
                0x0800ad22        0x8 D:/STMCubeIDE/STM32CubeIDE_1.19.0/STM32CubeIDE/plugins/com.st.stm32cube.ide.mcu.externaltools.gnu-tools-for-stm32.13.3.rel1.win32_1.0.0.202411081344/tools/bin/../lib/gcc/arm-none-eabi/13.3.1/../../../../arm-none-eabi/lib/thumb/v7e-m+dp/hard\libc_nano.a(libc_a-stdio.o)
                0x0800ad22                __sclose
 .text.__swbuf_r
                0x0800ad2a       0x7c D:/STMCubeIDE/STM32CubeIDE_1.19.0/STM32CubeIDE/plugins/com.st.stm32cube.ide.mcu.externaltools.gnu-tools-for-stm32.13.3.rel1.win32_1.0.0.202411081344/tools/bin/../lib/gcc/arm-none-eabi/13.3.1/../../../../arm-none-eabi/lib/thumb/v7e-m+dp/hard\libc_nano.a(libc_a-wbuf.o)
                0x0800ad2a                __swbuf_r
 *fill*         0x0800ada6        0x2 
 .text.__swsetup_r
                0x0800ada8       0xac D:/STMCubeIDE/STM32CubeIDE_1.19.0/STM32CubeIDE/plugins/com.st.stm32cube.ide.mcu.externaltools.gnu-tools-for-stm32.13.3.rel1.win32_1.0.0.202411081344/tools/bin/../lib/gcc/arm-none-eabi/13.3.1/../../../../arm-none-eabi/lib/thumb/v7e-m+dp/hard\libc_nano.a(libc_a-wsetup.o)
                0x0800ada8                __swsetup_r
 .text.memset   0x0800ae54       0x10 D:/STMCubeIDE/STM32CubeIDE_1.19.0/STM32CubeIDE/plugins/com.st.stm32cube.ide.mcu.externaltools.gnu-tools-for-stm32.13.3.rel1.win32_1.0.0.202411081344/tools/bin/../lib/gcc/arm-none-eabi/13.3.1/../../../../arm-none-eabi/lib/thumb/v7e-m+dp/hard\libc_nano.a(libc_a-memset.o)
                0x0800ae54                memset
 .text._close_r
                0x0800ae64       0x20 D:/STMCubeIDE/STM32CubeIDE_1.19.0/STM32CubeIDE/plugins/com.st.stm32cube.ide.mcu.externaltools.gnu-tools-for-stm32.13.3.rel1.win32_1.0.0.202411081344/tools/bin/../lib/gcc/arm-none-eabi/13.3.1/../../../../arm-none-eabi/lib/thumb/v7e-m+dp/hard\libc_nano.a(libc_a-closer.o)
                0x0800ae64                _close_r
 .text._lseek_r
                0x0800ae84       0x24 D:/STMCubeIDE/STM32CubeIDE_1.19.0/STM32CubeIDE/plugins/com.st.stm32cube.ide.mcu.externaltools.gnu-tools-for-stm32.13.3.rel1.win32_1.0.0.202411081344/tools/bin/../lib/gcc/arm-none-eabi/13.3.1/../../../../arm-none-eabi/lib/thumb/v7e-m+dp/hard\libc_nano.a(libc_a-lseekr.o)
                0x0800ae84                _lseek_r
 .text._read_r  0x0800aea8       0x24 D:/STMCubeIDE/STM32CubeIDE_1.19.0/STM32CubeIDE/plugins/com.st.stm32cube.ide.mcu.externaltools.gnu-tools-for-stm32.13.3.rel1.win32_1.0.0.202411081344/tools/bin/../lib/gcc/arm-none-eabi/13.3.1/../../../../arm-none-eabi/lib/thumb/v7e-m+dp/hard\libc_nano.a(libc_a-readr.o)
                0x0800aea8                _read_r
 .text._write_r
                0x0800aecc       0x24 D:/STMCubeIDE/STM32CubeIDE_1.19.0/STM32CubeIDE/plugins/com.st.stm32cube.ide.mcu.externaltools.gnu-tools-for-stm32.13.3.rel1.win32_1.0.0.202411081344/tools/bin/../lib/gcc/arm-none-eabi/13.3.1/../../../../arm-none-eabi/lib/thumb/v7e-m+dp/hard\libc_nano.a(libc_a-writer.o)
                0x0800aecc                _write_r
 .text.__errno  0x0800aef0        0xc D:/STMCubeIDE/STM32CubeIDE_1.19.0/STM32CubeIDE/plugins/com.st.stm32cube.ide.mcu.externaltools.gnu-tools-for-stm32.13.3.rel1.win32_1.0.0.202411081344/tools/bin/../lib/gcc/arm-none-eabi/13.3.1/../../../../arm-none-eabi/lib/thumb/v7e-m+dp/hard\libc_nano.a(libc_a-errno.o)
                0x0800aef0                __errno
 .text.__libc_init_array
                0x0800aefc       0x48 D:/STMCubeIDE/STM32CubeIDE_1.19.0/STM32CubeIDE/plugins/com.st.stm32cube.ide.mcu.externaltools.gnu-tools-for-stm32.13.3.rel1.win32_1.0.0.202411081344/tools/bin/../lib/gcc/arm-none-eabi/13.3.1/../../../../arm-none-eabi/lib/thumb/v7e-m+dp/hard\libc_nano.a(libc_a-init.o)
                0x0800aefc                __libc_init_array
 .text.__retarget_lock_init_recursive
                0x0800af44        0x2 D:/STMCubeIDE/STM32CubeIDE_1.19.0/STM32CubeIDE/plugins/com.st.stm32cube.ide.mcu.externaltools.gnu-tools-for-stm32.13.3.rel1.win32_1.0.0.202411081344/tools/bin/../lib/gcc/arm-none-eabi/13.3.1/../../../../arm-none-eabi/lib/thumb/v7e-m+dp/hard\libc_nano.a(libc_a-lock.o)
                0x0800af44                __retarget_lock_init_recursive
 .text.__retarget_lock_acquire_recursive
                0x0800af46        0x2 D:/STMCubeIDE/STM32CubeIDE_1.19.0/STM32CubeIDE/plugins/com.st.stm32cube.ide.mcu.externaltools.gnu-tools-for-stm32.13.3.rel1.win32_1.0.0.202411081344/tools/bin/../lib/gcc/arm-none-eabi/13.3.1/../../../../arm-none-eabi/lib/thumb/v7e-m+dp/hard\libc_nano.a(libc_a-lock.o)
                0x0800af46                __retarget_lock_acquire_recursive
 .text.__retarget_lock_release_recursive
                0x0800af48        0x2 D:/STMCubeIDE/STM32CubeIDE_1.19.0/STM32CubeIDE/plugins/com.st.stm32cube.ide.mcu.externaltools.gnu-tools-for-stm32.13.3.rel1.win32_1.0.0.202411081344/tools/bin/../lib/gcc/arm-none-eabi/13.3.1/../../../../arm-none-eabi/lib/thumb/v7e-m+dp/hard\libc_nano.a(libc_a-lock.o)
                0x0800af48                __retarget_lock_release_recursive
 .text.memcpy   0x0800af4a       0x1c D:/STMCubeIDE/STM32CubeIDE_1.19.0/STM32CubeIDE/plugins/com.st.stm32cube.ide.mcu.externaltools.gnu-tools-for-stm32.13.3.rel1.win32_1.0.0.202411081344/tools/bin/../lib/gcc/arm-none-eabi/13.3.1/../../../../arm-none-eabi/lib/thumb/v7e-m+dp/hard\libc_nano.a(libc_a-memcpy-stub.o)
                0x0800af4a                memcpy
 *fill*         0x0800af66        0x2 
 .text._free_r  0x0800af68       0x94 D:/STMCubeIDE/STM32CubeIDE_1.19.0/STM32CubeIDE/plugins/com.st.stm32cube.ide.mcu.externaltools.gnu-tools-for-stm32.13.3.rel1.win32_1.0.0.202411081344/tools/bin/../lib/gcc/arm-none-eabi/13.3.1/../../../../arm-none-eabi/lib/thumb/v7e-m+dp/hard\libc_nano.a(libc_a-freer.o)
                0x0800af68                _free_r
 .text.sbrk_aligned
                0x0800affc       0x44 D:/STMCubeIDE/STM32CubeIDE_1.19.0/STM32CubeIDE/plugins/com.st.stm32cube.ide.mcu.externaltools.gnu-tools-for-stm32.13.3.rel1.win32_1.0.0.202411081344/tools/bin/../lib/gcc/arm-none-eabi/13.3.1/../../../../arm-none-eabi/lib/thumb/v7e-m+dp/hard\libc_nano.a(libc_a-mallocr.o)
 .text._malloc_r
                0x0800b040      0x100 D:/STMCubeIDE/STM32CubeIDE_1.19.0/STM32CubeIDE/plugins/com.st.stm32cube.ide.mcu.externaltools.gnu-tools-for-stm32.13.3.rel1.win32_1.0.0.202411081344/tools/bin/../lib/gcc/arm-none-eabi/13.3.1/../../../../arm-none-eabi/lib/thumb/v7e-m+dp/hard\libc_nano.a(libc_a-mallocr.o)
                0x0800b040                _malloc_r
 .text.__malloc_lock
                0x0800b140        0xc D:/STMCubeIDE/STM32CubeIDE_1.19.0/STM32CubeIDE/plugins/com.st.stm32cube.ide.mcu.externaltools.gnu-tools-for-stm32.13.3.rel1.win32_1.0.0.202411081344/tools/bin/../lib/gcc/arm-none-eabi/13.3.1/../../../../arm-none-eabi/lib/thumb/v7e-m+dp/hard\libc_nano.a(libc_a-mlock.o)
                0x0800b140                __malloc_lock
 .text.__malloc_unlock
                0x0800b14c        0xc D:/STMCubeIDE/STM32CubeIDE_1.19.0/STM32CubeIDE/plugins/com.st.stm32cube.ide.mcu.externaltools.gnu-tools-for-stm32.13.3.rel1.win32_1.0.0.202411081344/tools/bin/../lib/gcc/arm-none-eabi/13.3.1/../../../../arm-none-eabi/lib/thumb/v7e-m+dp/hard\libc_nano.a(libc_a-mlock.o)
                0x0800b14c                __malloc_unlock
 .text.__sfputc_r
                0x0800b158       0x2e D:/STMCubeIDE/STM32CubeIDE_1.19.0/STM32CubeIDE/plugins/com.st.stm32cube.ide.mcu.externaltools.gnu-tools-for-stm32.13.3.rel1.win32_1.0.0.202411081344/tools/bin/../lib/gcc/arm-none-eabi/13.3.1/../../../../arm-none-eabi/lib/thumb/v7e-m+dp/hard\libc_nano.a(libc_a-nano-vfprintf.o)
 .text.__sfputs_r
                0x0800b186       0x24 D:/STMCubeIDE/STM32CubeIDE_1.19.0/STM32CubeIDE/plugins/com.st.stm32cube.ide.mcu.externaltools.gnu-tools-for-stm32.13.3.rel1.win32_1.0.0.202411081344/tools/bin/../lib/gcc/arm-none-eabi/13.3.1/../../../../arm-none-eabi/lib/thumb/v7e-m+dp/hard\libc_nano.a(libc_a-nano-vfprintf.o)
                0x0800b186                __sfputs_r
 *fill*         0x0800b1aa        0x2 
 .text._vfprintf_r
                0x0800b1ac      0x230 D:/STMCubeIDE/STM32CubeIDE_1.19.0/STM32CubeIDE/plugins/com.st.stm32cube.ide.mcu.externaltools.gnu-tools-for-stm32.13.3.rel1.win32_1.0.0.202411081344/tools/bin/../lib/gcc/arm-none-eabi/13.3.1/../../../../arm-none-eabi/lib/thumb/v7e-m+dp/hard\libc_nano.a(libc_a-nano-vfprintf.o)
                0x0800b1ac                _vfprintf_r
                0x0800b1ac                _vfiprintf_r
 .text._printf_common
                0x0800b3dc       0xda D:/STMCubeIDE/STM32CubeIDE_1.19.0/STM32CubeIDE/plugins/com.st.stm32cube.ide.mcu.externaltools.gnu-tools-for-stm32.13.3.rel1.win32_1.0.0.202411081344/tools/bin/../lib/gcc/arm-none-eabi/13.3.1/../../../../arm-none-eabi/lib/thumb/v7e-m+dp/hard\libc_nano.a(libc_a-nano-vfprintf_i.o)
                0x0800b3dc                _printf_common
 *fill*         0x0800b4b6        0x2 
 .text._printf_i
                0x0800b4b8      0x23c D:/STMCubeIDE/STM32CubeIDE_1.19.0/STM32CubeIDE/plugins/com.st.stm32cube.ide.mcu.externaltools.gnu-tools-for-stm32.13.3.rel1.win32_1.0.0.202411081344/tools/bin/../lib/gcc/arm-none-eabi/13.3.1/../../../../arm-none-eabi/lib/thumb/v7e-m+dp/hard\libc_nano.a(libc_a-nano-vfprintf_i.o)
                0x0800b4b8                _printf_i
 .text.__sflush_r
                0x0800b6f4      0x108 D:/STMCubeIDE/STM32CubeIDE_1.19.0/STM32CubeIDE/plugins/com.st.stm32cube.ide.mcu.externaltools.gnu-tools-for-stm32.13.3.rel1.win32_1.0.0.202411081344/tools/bin/../lib/gcc/arm-none-eabi/13.3.1/../../../../arm-none-eabi/lib/thumb/v7e-m+dp/hard\libc_nano.a(libc_a-fflush.o)
                0x0800b6f4                __sflush_r
 .text._fflush_r
                0x0800b7fc       0x50 D:/STMCubeIDE/STM32CubeIDE_1.19.0/STM32CubeIDE/plugins/com.st.stm32cube.ide.mcu.externaltools.gnu-tools-for-stm32.13.3.rel1.win32_1.0.0.202411081344/tools/bin/../lib/gcc/arm-none-eabi/13.3.1/../../../../arm-none-eabi/lib/thumb/v7e-m+dp/hard\libc_nano.a(libc_a-fflush.o)
                0x0800b7fc                _fflush_r
 .text.__swhatbuf_r
                0x0800b84c       0x4c D:/STMCubeIDE/STM32CubeIDE_1.19.0/STM32CubeIDE/plugins/com.st.stm32cube.ide.mcu.externaltools.gnu-tools-for-stm32.13.3.rel1.win32_1.0.0.202411081344/tools/bin/../lib/gcc/arm-none-eabi/13.3.1/../../../../arm-none-eabi/lib/thumb/v7e-m+dp/hard\libc_nano.a(libc_a-makebuf.o)
                0x0800b84c                __swhatbuf_r
 .text.__smakebuf_r
                0x0800b898       0x78 D:/STMCubeIDE/STM32CubeIDE_1.19.0/STM32CubeIDE/plugins/com.st.stm32cube.ide.mcu.externaltools.gnu-tools-for-stm32.13.3.rel1.win32_1.0.0.202411081344/tools/bin/../lib/gcc/arm-none-eabi/13.3.1/../../../../arm-none-eabi/lib/thumb/v7e-m+dp/hard\libc_nano.a(libc_a-makebuf.o)
                0x0800b898                __smakebuf_r
 .text._fstat_r
                0x0800b910       0x24 D:/STMCubeIDE/STM32CubeIDE_1.19.0/STM32CubeIDE/plugins/com.st.stm32cube.ide.mcu.externaltools.gnu-tools-for-stm32.13.3.rel1.win32_1.0.0.202411081344/tools/bin/../lib/gcc/arm-none-eabi/13.3.1/../../../../arm-none-eabi/lib/thumb/v7e-m+dp/hard\libc_nano.a(libc_a-fstatr.o)
                0x0800b910                _fstat_r
 .text._isatty_r
                0x0800b934       0x20 D:/STMCubeIDE/STM32CubeIDE_1.19.0/STM32CubeIDE/plugins/com.st.stm32cube.ide.mcu.externaltools.gnu-tools-for-stm32.13.3.rel1.win32_1.0.0.202411081344/tools/bin/../lib/gcc/arm-none-eabi/13.3.1/../../../../arm-none-eabi/lib/thumb/v7e-m+dp/hard\libc_nano.a(libc_a-isattyr.o)
                0x0800b934                _isatty_r
 .text._sbrk_r  0x0800b954       0x20 D:/STMCubeIDE/STM32CubeIDE_1.19.0/STM32CubeIDE/plugins/com.st.stm32cube.ide.mcu.externaltools.gnu-tools-for-stm32.13.3.rel1.win32_1.0.0.202411081344/tools/bin/../lib/gcc/arm-none-eabi/13.3.1/../../../../arm-none-eabi/lib/thumb/v7e-m+dp/hard\libc_nano.a(libc_a-sbrkr.o)
                0x0800b954                _sbrk_r
 *(.glue_7)
 .glue_7        0x0800b974        0x0 linker stubs
 *(.glue_7t)
 .glue_7t       0x0800b974        0x0 linker stubs
 *(.eh_frame)
 .eh_frame      0x0800b974        0x0 D:/STMCubeIDE/STM32CubeIDE_1.19.0/STM32CubeIDE/plugins/com.st.stm32cube.ide.mcu.externaltools.gnu-tools-for-stm32.13.3.rel1.win32_1.0.0.202411081344/tools/bin/../lib/gcc/arm-none-eabi/13.3.1/thumb/v7e-m+dp/hard/crtbegin.o
 *(.init)
 .init          0x0800b974        0x4 D:/STMCubeIDE/STM32CubeIDE_1.19.0/STM32CubeIDE/plugins/com.st.stm32cube.ide.mcu.externaltools.gnu-tools-for-stm32.13.3.rel1.win32_1.0.0.202411081344/tools/bin/../lib/gcc/arm-none-eabi/13.3.1/thumb/v7e-m+dp/hard/crti.o
                0x0800b974                _init
 .init          0x0800b978        0x8 D:/STMCubeIDE/STM32CubeIDE_1.19.0/STM32CubeIDE/plugins/com.st.stm32cube.ide.mcu.externaltools.gnu-tools-for-stm32.13.3.rel1.win32_1.0.0.202411081344/tools/bin/../lib/gcc/arm-none-eabi/13.3.1/thumb/v7e-m+dp/hard/crtn.o
 *(.fini)
 .fini          0x0800b980        0x4 D:/STMCubeIDE/STM32CubeIDE_1.19.0/STM32CubeIDE/plugins/com.st.stm32cube.ide.mcu.externaltools.gnu-tools-for-stm32.13.3.rel1.win32_1.0.0.202411081344/tools/bin/../lib/gcc/arm-none-eabi/13.3.1/thumb/v7e-m+dp/hard/crti.o
                0x0800b980                _fini
 .fini          0x0800b984        0x8 D:/STMCubeIDE/STM32CubeIDE_1.19.0/STM32CubeIDE/plugins/com.st.stm32cube.ide.mcu.externaltools.gnu-tools-for-stm32.13.3.rel1.win32_1.0.0.202411081344/tools/bin/../lib/gcc/arm-none-eabi/13.3.1/thumb/v7e-m+dp/hard/crtn.o
                0x0800b98c                        . = ALIGN (0x4)
                0x0800b98c                        _etext = .

.vfp11_veneer   0x0800b98c        0x0
 .vfp11_veneer  0x0800b98c        0x0 linker stubs

.v4_bx          0x0800b98c        0x0
 .v4_bx         0x0800b98c        0x0 linker stubs

.iplt           0x0800b98c        0x0
 .iplt          0x0800b98c        0x0 D:/STMCubeIDE/STM32CubeIDE_1.19.0/STM32CubeIDE/plugins/com.st.stm32cube.ide.mcu.externaltools.gnu-tools-for-stm32.13.3.rel1.win32_1.0.0.202411081344/tools/bin/../lib/gcc/arm-none-eabi/13.3.1/thumb/v7e-m+dp/hard/crtbegin.o

.rodata         0x0800b990      0x47c
                0x0800b990                        . = ALIGN (0x4)
 *(.rodata)
 .rodata        0x0800b990       0x14 ./Core/Src/can_service.o
 .rodata        0x0800b9a4       0x8d ./Core/Src/lcd.o
 *fill*         0x0800ba31        0x3 
 .rodata        0x0800ba34       0x3d ./Core/Src/main.o
 *fill*         0x0800ba71        0x3 
 .rodata        0x0800ba74       0x4c ./Drivers/STM32H7xx_HAL_Driver/Src/stm32h7xx_hal_fdcan.o
 *(.rodata*)
 .rodata._ZN9energybarL10SEG_COLORSE
                0x0800bac0        0xf ./Core/Src/lcd.o
 *fill*         0x0800bacf        0x1 
 .rodata.PIN_LED_SOLID
                0x0800bad0       0x14 ./Core/Src/leds.o
                0x0800bad0                PIN_LED_SOLID
 .rodata.PIN_LED_RGB_R
                0x0800bae4        0xc ./Core/Src/leds.o
                0x0800bae4                PIN_LED_RGB_R
 .rodata.PIN_LED_RGB_G
                0x0800baf0        0xc ./Core/Src/leds.o
                0x0800baf0                PIN_LED_RGB_G
 .rodata.PIN_LED_RGB_B
                0x0800bafc        0xc ./Core/Src/leds.o
                0x0800bafc                PIN_LED_RGB_B
 .rodata.D1CorePrescTable
                0x0800bb08       0x10 ./Core/Src/system_stm32h7xx.o
                0x0800bb08                D1CorePrescTable
 .rodata.DLCtoBytes
                0x0800bb18       0x10 ./Drivers/STM32H7xx_HAL_Driver/Src/stm32h7xx_hal_fdcan.o
 .rodata.UARTPrescTable
                0x0800bb28       0x18 ./Drivers/STM32H7xx_HAL_Driver/Src/stm32h7xx_hal_uart.o
                0x0800bb28                UARTPrescTable
 .rodata.numerator.1
                0x0800bb40        0x8 ./Drivers/STM32H7xx_HAL_Driver/Src/stm32h7xx_hal_uart_ex.o
 .rodata.denominator.0
                0x0800bb48        0x8 ./Drivers/STM32H7xx_HAL_Driver/Src/stm32h7xx_hal_uart_ex.o
 .rodata.__exp2f_data
                0x0800bb50      0x148 D:/STMCubeIDE/STM32CubeIDE_1.19.0/STM32CubeIDE/plugins/com.st.stm32cube.ide.mcu.externaltools.gnu-tools-for-stm32.13.3.rel1.win32_1.0.0.202411081344/tools/bin/../lib/gcc/arm-none-eabi/13.3.1/../../../../arm-none-eabi/lib/thumb/v7e-m+dp/hard\libm.a(libm_a-sf_exp2_data.o)
                0x0800bb50                __exp2f_data
 .rodata.__inv_pio4
                0x0800bc98       0x60 D:/STMCubeIDE/STM32CubeIDE_1.19.0/STM32CubeIDE/plugins/com.st.stm32cube.ide.mcu.externaltools.gnu-tools-for-stm32.13.3.rel1.win32_1.0.0.202411081344/tools/bin/../lib/gcc/arm-none-eabi/13.3.1/../../../../arm-none-eabi/lib/thumb/v7e-m+dp/hard\libm.a(libm_a-sincosf_data.o)
                0x0800bc98                __inv_pio4
 .rodata.__sincosf_table
                0x0800bcf8       0xe0 D:/STMCubeIDE/STM32CubeIDE_1.19.0/STM32CubeIDE/plugins/com.st.stm32cube.ide.mcu.externaltools.gnu-tools-for-stm32.13.3.rel1.win32_1.0.0.202411081344/tools/bin/../lib/gcc/arm-none-eabi/13.3.1/../../../../arm-none-eabi/lib/thumb/v7e-m+dp/hard\libm.a(libm_a-sincosf_data.o)
                0x0800bcf8                __sincosf_table
 .rodata._vfprintf_r.str1.1
                0x0800bdd8       0x33 D:/STMCubeIDE/STM32CubeIDE_1.19.0/STM32CubeIDE/plugins/com.st.stm32cube.ide.mcu.externaltools.gnu-tools-for-stm32.13.3.rel1.win32_1.0.0.202411081344/tools/bin/../lib/gcc/arm-none-eabi/13.3.1/../../../../arm-none-eabi/lib/thumb/v7e-m+dp/hard\libc_nano.a(libc_a-nano-vfprintf.o)
                                 0x11 (size before relaxing)
 .rodata._printf_i.str1.1
                0x0800be0b       0x22 D:/STMCubeIDE/STM32CubeIDE_1.19.0/STM32CubeIDE/plugins/com.st.stm32cube.ide.mcu.externaltools.gnu-tools-for-stm32.13.3.rel1.win32_1.0.0.202411081344/tools/bin/../lib/gcc/arm-none-eabi/13.3.1/../../../../arm-none-eabi/lib/thumb/v7e-m+dp/hard\libc_nano.a(libc_a-nano-vfprintf_i.o)
                0x0800be30                        . = ALIGN (0x4)
 *fill*         0x0800be0b        0x1 

.ARM.extab
 *(.ARM.extab* .gnu.linkonce.armextab.*)

.ARM            0x0800be0c        0x8
                0x0800be0c                        __exidx_start = .
 *(.ARM.exidx*)
 .ARM.exidx     0x0800be0c        0x8 D:/STMCubeIDE/STM32CubeIDE_1.19.0/STM32CubeIDE/plugins/com.st.stm32cube.ide.mcu.externaltools.gnu-tools-for-stm32.13.3.rel1.win32_1.0.0.202411081344/tools/bin/../lib/gcc/arm-none-eabi/13.3.1/../../../../arm-none-eabi/lib/thumb/v7e-m+dp/hard\libc_nano.a(libc_a-memchr.o)
 .ARM.exidx     0x0800be14        0x0 D:/STMCubeIDE/STM32CubeIDE_1.19.0/STM32CubeIDE/plugins/com.st.stm32cube.ide.mcu.externaltools.gnu-tools-for-stm32.13.3.rel1.win32_1.0.0.202411081344/tools/bin/../lib/gcc/arm-none-eabi/13.3.1/thumb/v7e-m+dp/hard\libgcc.a(_udivmoddi4.o)
                                  0x8 (size before relaxing)
                0x0800be14                        __exidx_end = .

.preinit_array  0x0800be14        0x0
                0x0800be14                        PROVIDE (__preinit_array_start = .)
 *(.preinit_array*)
                0x0800be14                        PROVIDE (__preinit_array_end = .)

.init_array     0x0800be14        0x4
                0x0800be14                        PROVIDE (__init_array_start = .)
 *(SORT_BY_NAME(.init_array.*))
 *(.init_array*)
 .init_array    0x0800be14        0x4 D:/STMCubeIDE/STM32CubeIDE_1.19.0/STM32CubeIDE/plugins/com.st.stm32cube.ide.mcu.externaltools.gnu-tools-for-stm32.13.3.rel1.win32_1.0.0.202411081344/tools/bin/../lib/gcc/arm-none-eabi/13.3.1/thumb/v7e-m+dp/hard/crtbegin.o
                0x0800be18                        PROVIDE (__init_array_end = .)

.fini_array     0x0800be18        0x4
                [!provide]                        PROVIDE (__fini_array_start = .)
 *(SORT_BY_NAME(.fini_array.*))
 *(.fini_array*)
 .fini_array    0x0800be18        0x4 D:/STMCubeIDE/STM32CubeIDE_1.19.0/STM32CubeIDE/plugins/com.st.stm32cube.ide.mcu.externaltools.gnu-tools-for-stm32.13.3.rel1.win32_1.0.0.202411081344/tools/bin/../lib/gcc/arm-none-eabi/13.3.1/thumb/v7e-m+dp/hard/crtbegin.o
                [!provide]                        PROVIDE (__fini_array_end = .)
                0x0800be1c                        _sidata = LOADADDR (.data)

.rel.dyn        0x0800be1c        0x0
 .rel.iplt      0x0800be1c        0x0 D:/STMCubeIDE/STM32CubeIDE_1.19.0/STM32CubeIDE/plugins/com.st.stm32cube.ide.mcu.externaltools.gnu-tools-for-stm32.13.3.rel1.win32_1.0.0.202411081344/tools/bin/../lib/gcc/arm-none-eabi/13.3.1/thumb/v7e-m+dp/hard/crtbegin.o

.data           0x24000000       0x94 load address 0x0800be1c
                0x24000000                        . = ALIGN (0x4)
                0x24000000                        _sdata = .
 *(.data)
 *(.data*)
 .data.MAX_PINS
                0x24000000        0x8 ./Core/Src/app_main.o
                0x24000000                MAX_PINS
 .data._ZL6s_fg_r
                0x24000008        0x1 ./Core/Src/lcd.o
 .data._ZL6s_fg_g
                0x24000009        0x1 ./Core/Src/lcd.o
 .data._ZL6s_fg_b
                0x2400000a        0x1 ./Core/Src/lcd.o
 *fill*         0x2400000b        0x1 
 .data._ZN12_GLOBAL__N_13cfgE
                0x2400000c       0x1c ./Core/Src/leds.o
 .data.SystemCoreClock
                0x24000028        0x4 ./Core/Src/system_stm32h7xx.o
                0x24000028                SystemCoreClock
 .data.SystemD2Clock
                0x2400002c        0x4 ./Core/Src/system_stm32h7xx.o
                0x2400002c                SystemD2Clock
 .data.uwTickPrio
                0x24000030        0x4 ./Drivers/STM32H7xx_HAL_Driver/Src/stm32h7xx_hal.o
                0x24000030                uwTickPrio
 .data.uwTickFreq
                0x24000034        0x1 ./Drivers/STM32H7xx_HAL_Driver/Src/stm32h7xx_hal.o
                0x24000034                uwTickFreq
 *fill*         0x24000035        0x3 
 .data.__sglue  0x24000038        0xc D:/STMCubeIDE/STM32CubeIDE_1.19.0/STM32CubeIDE/plugins/com.st.stm32cube.ide.mcu.externaltools.gnu-tools-for-stm32.13.3.rel1.win32_1.0.0.202411081344/tools/bin/../lib/gcc/arm-none-eabi/13.3.1/../../../../arm-none-eabi/lib/thumb/v7e-m+dp/hard\libc_nano.a(libc_a-findfp.o)
                0x24000038                __sglue
 .data._impure_ptr
                0x24000044        0x4 D:/STMCubeIDE/STM32CubeIDE_1.19.0/STM32CubeIDE/plugins/com.st.stm32cube.ide.mcu.externaltools.gnu-tools-for-stm32.13.3.rel1.win32_1.0.0.202411081344/tools/bin/../lib/gcc/arm-none-eabi/13.3.1/../../../../arm-none-eabi/lib/thumb/v7e-m+dp/hard\libc_nano.a(libc_a-impure.o)
                0x24000044                _impure_ptr
 .data._impure_data
                0x24000048       0x4c D:/STMCubeIDE/STM32CubeIDE_1.19.0/STM32CubeIDE/plugins/com.st.stm32cube.ide.mcu.externaltools.gnu-tools-for-stm32.13.3.rel1.win32_1.0.0.202411081344/tools/bin/../lib/gcc/arm-none-eabi/13.3.1/../../../../arm-none-eabi/lib/thumb/v7e-m+dp/hard\libc_nano.a(libc_a-impure.o)
                0x24000048                _impure_data
 *(.RamFunc)
 *(.RamFunc*)
                0x24000094                        . = ALIGN (0x4)
                0x24000094                        _edata = .

.igot.plt       0x24000094        0x0 load address 0x0800beb0
 .igot.plt      0x24000094        0x0 D:/STMCubeIDE/STM32CubeIDE_1.19.0/STM32CubeIDE/plugins/com.st.stm32cube.ide.mcu.externaltools.gnu-tools-for-stm32.13.3.rel1.win32_1.0.0.202411081344/tools/bin/../lib/gcc/arm-none-eabi/13.3.1/thumb/v7e-m+dp/hard/crtbegin.o
                0x24000094                        . = ALIGN (0x4)

.bss            0x24000094      0x4f0 load address 0x0800beb0
                0x24000094                        _sbss = .
                0x24000094                        __bss_start__ = _sbss
 *(.bss)
 .bss           0x24000094       0x1c D:/STMCubeIDE/STM32CubeIDE_1.19.0/STM32CubeIDE/plugins/com.st.stm32cube.ide.mcu.externaltools.gnu-tools-for-stm32.13.3.rel1.win32_1.0.0.202411081344/tools/bin/../lib/gcc/arm-none-eabi/13.3.1/thumb/v7e-m+dp/hard/crtbegin.o
 *(.bss*)
 .bss._ZZ8app_mainE10t_can_test
                0x240000b0        0x4 ./Core/Src/app_main.o
 .bss._ZL9s_curr_hv
                0x240000b4        0x4 ./Core/Src/can_service.o
 .bss._ZL10s_curr_soc
                0x240000b8        0x4 ./Core/Src/can_service.o
 .bss._ZL9s_curr_lv
                0x240000bc        0x4 ./Core/Src/can_service.o
 .bss._ZL12s_curr_hvlow
                0x240000c0        0x4 ./Core/Src/can_service.o
 .bss._ZL13s_curr_hvtemp
                0x240000c4        0x4 ./Core/Src/can_service.o
 .bss._ZL17s_curr_hv_current
                0x240000c8        0x4 ./Core/Src/can_service.o
 .bss._ZL12s_curr_tps0v
                0x240000cc        0x4 ./Core/Src/can_service.o
 .bss._ZL12s_curr_tps0p
                0x240000d0        0x4 ./Core/Src/can_service.o
 .bss._ZL12s_curr_tps1v
                0x240000d4        0x4 ./Core/Src/can_service.o
 .bss._ZL12s_curr_tps1p
                0x240000d8        0x4 ./Core/Src/can_service.o
 .bss._ZL10s_curr_rpm
                0x240000dc        0x4 ./Core/Src/can_service.o
 .bss._ZL16s_curr_bms_fault
                0x240000e0        0x4 ./Core/Src/can_service.o
 .bss._ZL15s_curr_bms_warn
                0x240000e4        0x4 ./Core/Src/can_service.o
 .bss._ZL15s_curr_bms_stat
                0x240000e8        0x4 ./Core/Src/can_service.o
 .bss._ZL17s_energy_used_kWh
                0x240000ec        0x4 ./Core/Src/can_service.o
 .bss._ZL14s_energy_ts_ms
                0x240000f0        0x4 ./Core/Src/can_service.o
 .bss._ZZN6cansvc9send_testER8FdcanBusE4beat
                0x240000f4        0x4 ./Core/Src/can_service.o
 .bss._ZZN8FdcanBus12addStdFilterEtE3idx
                0x240000f8        0x1 ./Core/Src/fdcan_bus.o
 *fill*         0x240000f9        0x3 
 .bss._ZL6s_FWol
                0x240000fc        0x4 ./Core/Src/lcd.o
 .bss._ZL6s_bg_r
                0x24000100        0x1 ./Core/Src/lcd.o
 .bss._ZL6s_bg_g
                0x24000101        0x1 ./Core/Src/lcd.o
 .bss._ZL6s_bg_b
                0x24000102        0x1 ./Core/Src/lcd.o
 *fill*         0x24000103        0x1 
 .bss._ZN9energybarL11s_disp_fracE
                0x24000104        0x4 ./Core/Src/lcd.o
 .bss._ZN9energybarL9s_last_msE
                0x24000108        0x4 ./Core/Src/lcd.o
 .bss._ZL1g     0x2400010c        0x4 ./Core/Src/leds.o
 .bss._ZL19pin_led_solid_state
                0x24000110        0xa ./Core/Src/leds.o
 *fill*         0x2400011a        0x2 
 .bss._ZN12_GLOBAL__N_1L8g_rawErrE
                0x2400011c        0x4 ./Core/Src/leds.o
 .bss._ZN12_GLOBAL__N_1L5g_errE
                0x24000120        0x4 ./Core/Src/leds.o
 .bss._ZN12_GLOBAL__N_1L8g_hasNewE
                0x24000124        0x1 ./Core/Src/leds.o
 *fill*         0x24000125        0x3 
 .bss._ZN12_GLOBAL__N_1L4desRE
                0x24000128       0x18 ./Core/Src/leds.o
 .bss._ZN12_GLOBAL__N_1L4desGE
                0x24000140       0x18 ./Core/Src/leds.o
 .bss._ZN12_GLOBAL__N_1L4desBE
                0x24000158       0x18 ./Core/Src/leds.o
 .bss._ZN12_GLOBAL__N_1L12g_lastTickMsE
                0x24000170        0x4 ./Core/Src/leds.o
 .bss._ZN12_GLOBAL__N_1L12g_pulsePhaseE
                0x24000174        0x4 ./Core/Src/leds.o
 .bss._ZN12_GLOBAL__N_1L15g_lastPwmFlipMsE
                0x24000178        0x4 ./Core/Src/leds.o
 .bss._ZN12_GLOBAL__N_1L12g_pwmPhase01E
                0x2400017c        0x4 ./Core/Src/leds.o
 .bss._ZZN4leds19safety_update_flashEfmE4last
                0x24000180        0x4 ./Core/Src/leds.o
 .bss.hfdcan1   0x24000184       0xa0 ./Core/Src/main.o
                0x24000184                hfdcan1
 .bss.hfdcan2   0x24000224       0xa0 ./Core/Src/main.o
                0x24000224                hfdcan2
 .bss.hspi4     0x240002c4       0x88 ./Core/Src/main.o
                0x240002c4                hspi4
 .bss.htim1     0x2400034c       0x4c ./Core/Src/main.o
                0x2400034c                htim1
 .bss.huart1    0x24000398       0x94 ./Core/Src/main.o
                0x24000398                huart1
 .bss.HAL_RCC_FDCAN_CLK_ENABLED
                0x2400042c        0x4 ./Core/Src/stm32h7xx_hal_msp.o
 .bss.__sbrk_heap_end
                0x24000430        0x4 ./Core/Src/sysmem.o
 .bss.uwTick    0x24000434        0x4 ./Drivers/STM32H7xx_HAL_Driver/Src/stm32h7xx_hal.o
                0x24000434                uwTick
 .bss.__sf      0x24000438      0x138 D:/STMCubeIDE/STM32CubeIDE_1.19.0/STM32CubeIDE/plugins/com.st.stm32cube.ide.mcu.externaltools.gnu-tools-for-stm32.13.3.rel1.win32_1.0.0.202411081344/tools/bin/../lib/gcc/arm-none-eabi/13.3.1/../../../../arm-none-eabi/lib/thumb/v7e-m+dp/hard\libc_nano.a(libc_a-findfp.o)
                0x24000438                __sf
 .bss.__stdio_exit_handler
                0x24000570        0x4 D:/STMCubeIDE/STM32CubeIDE_1.19.0/STM32CubeIDE/plugins/com.st.stm32cube.ide.mcu.externaltools.gnu-tools-for-stm32.13.3.rel1.win32_1.0.0.202411081344/tools/bin/../lib/gcc/arm-none-eabi/13.3.1/../../../../arm-none-eabi/lib/thumb/v7e-m+dp/hard\libc_nano.a(libc_a-findfp.o)
                0x24000570                __stdio_exit_handler
 .bss.errno     0x24000574        0x4 D:/STMCubeIDE/STM32CubeIDE_1.19.0/STM32CubeIDE/plugins/com.st.stm32cube.ide.mcu.externaltools.gnu-tools-for-stm32.13.3.rel1.win32_1.0.0.202411081344/tools/bin/../lib/gcc/arm-none-eabi/13.3.1/../../../../arm-none-eabi/lib/thumb/v7e-m+dp/hard\libc_nano.a(libc_a-reent.o)
                0x24000574                errno
 .bss.__lock___malloc_recursive_mutex
                0x24000578        0x1 D:/STMCubeIDE/STM32CubeIDE_1.19.0/STM32CubeIDE/plugins/com.st.stm32cube.ide.mcu.externaltools.gnu-tools-for-stm32.13.3.rel1.win32_1.0.0.202411081344/tools/bin/../lib/gcc/arm-none-eabi/13.3.1/../../../../arm-none-eabi/lib/thumb/v7e-m+dp/hard\libc_nano.a(libc_a-lock.o)
                0x24000578                __lock___malloc_recursive_mutex
 .bss.__lock___sfp_recursive_mutex
                0x24000579        0x1 D:/STMCubeIDE/STM32CubeIDE_1.19.0/STM32CubeIDE/plugins/com.st.stm32cube.ide.mcu.externaltools.gnu-tools-for-stm32.13.3.rel1.win32_1.0.0.202411081344/tools/bin/../lib/gcc/arm-none-eabi/13.3.1/../../../../arm-none-eabi/lib/thumb/v7e-m+dp/hard\libc_nano.a(libc_a-lock.o)
                0x24000579                __lock___sfp_recursive_mutex
 *fill*         0x2400057a        0x2 
 .bss.__malloc_sbrk_start
                0x2400057c        0x4 D:/STMCubeIDE/STM32CubeIDE_1.19.0/STM32CubeIDE/plugins/com.st.stm32cube.ide.mcu.externaltools.gnu-tools-for-stm32.13.3.rel1.win32_1.0.0.202411081344/tools/bin/../lib/gcc/arm-none-eabi/13.3.1/../../../../arm-none-eabi/lib/thumb/v7e-m+dp/hard\libc_nano.a(libc_a-mallocr.o)
                0x2400057c                __malloc_sbrk_start
 .bss.__malloc_free_list
                0x24000580        0x4 D:/STMCubeIDE/STM32CubeIDE_1.19.0/STM32CubeIDE/plugins/com.st.stm32cube.ide.mcu.externaltools.gnu-tools-for-stm32.13.3.rel1.win32_1.0.0.202411081344/tools/bin/../lib/gcc/arm-none-eabi/13.3.1/../../../../arm-none-eabi/lib/thumb/v7e-m+dp/hard\libc_nano.a(libc_a-mallocr.o)
                0x24000580                __malloc_free_list
 *(COMMON)
                0x24000584                        . = ALIGN (0x4)
                0x24000584                        _ebss = .
                0x24000584                        __bss_end__ = _ebss

._user_heap_stack
                0x24000584      0x604 load address 0x0800beb0
                0x24000588                        . = ALIGN (0x8)
 *fill*         0x24000584        0x4 
                [!provide]                        PROVIDE (end = .)
                0x24000588                        PROVIDE (_end = .)
                0x24000788                        . = (. + _Min_Heap_Size)
 *fill*         0x24000588      0x200 
                0x24000b88                        . = (. + _Min_Stack_Size)
 *fill*         0x24000788      0x400 
                0x24000b88                        . = ALIGN (0x8)

/DISCARD/
 libc.a(*)
 libm.a(*)
 libgcc.a(*)

.ARM.attributes
                0x00000000       0x2e
 *(.ARM.attributes)
 .ARM.attributes
                0x00000000       0x20 D:/STMCubeIDE/STM32CubeIDE_1.19.0/STM32CubeIDE/plugins/com.st.stm32cube.ide.mcu.externaltools.gnu-tools-for-stm32.13.3.rel1.win32_1.0.0.202411081344/tools/bin/../lib/gcc/arm-none-eabi/13.3.1/thumb/v7e-m+dp/hard/crti.o
 .ARM.attributes
                0x00000020       0x32 D:/STMCubeIDE/STM32CubeIDE_1.19.0/STM32CubeIDE/plugins/com.st.stm32cube.ide.mcu.externaltools.gnu-tools-for-stm32.13.3.rel1.win32_1.0.0.202411081344/tools/bin/../lib/gcc/arm-none-eabi/13.3.1/thumb/v7e-m+dp/hard/crtbegin.o
 .ARM.attributes
                0x00000052       0x32 ./Core/Src/EVE_base.o
 .ARM.attributes
                0x00000084       0x32 ./Core/Src/EVE_draw.o
 .ARM.attributes
                0x000000b6       0x32 ./Core/Src/app_main.o
 .ARM.attributes
                0x000000e8       0x32 ./Core/Src/can_service.o
 .ARM.attributes
                0x0000011a       0x32 ./Core/Src/fdcan_bus.o
 .ARM.attributes
                0x0000014c       0x32 ./Core/Src/lcd.o
 .ARM.attributes
                0x0000017e       0x32 ./Core/Src/leds.o
 .ARM.attributes
                0x000001b0       0x32 ./Core/Src/main.o
 .ARM.attributes
                0x000001e2       0x32 ./Core/Src/max7219.o
 .ARM.attributes
                0x00000214       0x32 ./Core/Src/stm32h7xx_hal_msp.o
 .ARM.attributes
                0x00000246       0x32 ./Core/Src/stm32h7xx_it.o
 .ARM.attributes
                0x00000278       0x32 ./Core/Src/syscalls.o
 .ARM.attributes
                0x000002aa       0x32 ./Core/Src/sysmem.o
 .ARM.attributes
                0x000002dc       0x32 ./Core/Src/system_stm32h7xx.o
 .ARM.attributes
                0x0000030e       0x21 ./Core/Startup/startup_stm32h753vitx.o
 .ARM.attributes
                0x0000032f       0x32 ./Drivers/STM32H7xx_HAL_Driver/Src/stm32h7xx_hal.o
 .ARM.attributes
                0x00000361       0x32 ./Drivers/STM32H7xx_HAL_Driver/Src/stm32h7xx_hal_cortex.o
 .ARM.attributes
                0x00000393       0x32 ./Drivers/STM32H7xx_HAL_Driver/Src/stm32h7xx_hal_fdcan.o
 .ARM.attributes
                0x000003c5       0x32 ./Drivers/STM32H7xx_HAL_Driver/Src/stm32h7xx_hal_gpio.o
 .ARM.attributes
                0x000003f7       0x32 ./Drivers/STM32H7xx_HAL_Driver/Src/stm32h7xx_hal_pwr_ex.o
 .ARM.attributes
                0x00000429       0x32 ./Drivers/STM32H7xx_HAL_Driver/Src/stm32h7xx_hal_rcc.o
 .ARM.attributes
                0x0000045b       0x32 ./Drivers/STM32H7xx_HAL_Driver/Src/stm32h7xx_hal_rcc_ex.o
 .ARM.attributes
                0x0000048d       0x32 ./Drivers/STM32H7xx_HAL_Driver/Src/stm32h7xx_hal_spi.o
 .ARM.attributes
                0x000004bf       0x32 ./Drivers/STM32H7xx_HAL_Driver/Src/stm32h7xx_hal_tim.o
 .ARM.attributes
                0x000004f1       0x32 ./Drivers/STM32H7xx_HAL_Driver/Src/stm32h7xx_hal_tim_ex.o
 .ARM.attributes
                0x00000523       0x32 ./Drivers/STM32H7xx_HAL_Driver/Src/stm32h7xx_hal_uart.o
 .ARM.attributes
                0x00000555       0x32 ./Drivers/STM32H7xx_HAL_Driver/Src/stm32h7xx_hal_uart_ex.o
 .ARM.attributes
                0x00000587       0x32 D:/STMCubeIDE/STM32CubeIDE_1.19.0/STM32CubeIDE/plugins/com.st.stm32cube.ide.mcu.externaltools.gnu-tools-for-stm32.13.3.rel1.win32_1.0.0.202411081344/tools/bin/../lib/gcc/arm-none-eabi/13.3.1/../../../../arm-none-eabi/lib/thumb/v7e-m+dp/hard\libm.a(libm_a-sf_lround.o)
 .ARM.attributes
                0x000005b9       0x32 D:/STMCubeIDE/STM32CubeIDE_1.19.0/STM32CubeIDE/plugins/com.st.stm32cube.ide.mcu.externaltools.gnu-tools-for-stm32.13.3.rel1.win32_1.0.0.202411081344/tools/bin/../lib/gcc/arm-none-eabi/13.3.1/../../../../arm-none-eabi/lib/thumb/v7e-m+dp/hard\libm.a(libm_a-sf_exp.o)
 .ARM.attributes
                0x000005eb       0x32 D:/STMCubeIDE/STM32CubeIDE_1.19.0/STM32CubeIDE/plugins/com.st.stm32cube.ide.mcu.externaltools.gnu-tools-for-stm32.13.3.rel1.win32_1.0.0.202411081344/tools/bin/../lib/gcc/arm-none-eabi/13.3.1/../../../../arm-none-eabi/lib/thumb/v7e-m+dp/hard\libm.a(libm_a-sf_exp2_data.o)
 .ARM.attributes
                0x0000061d       0x32 D:/STMCubeIDE/STM32CubeIDE_1.19.0/STM32CubeIDE/plugins/com.st.stm32cube.ide.mcu.externaltools.gnu-tools-for-stm32.13.3.rel1.win32_1.0.0.202411081344/tools/bin/../lib/gcc/arm-none-eabi/13.3.1/../../../../arm-none-eabi/lib/thumb/v7e-m+dp/hard\libm.a(libm_a-sinf.o)
 .ARM.attributes
                0x0000064f       0x32 D:/STMCubeIDE/STM32CubeIDE_1.19.0/STM32CubeIDE/plugins/com.st.stm32cube.ide.mcu.externaltools.gnu-tools-for-stm32.13.3.rel1.win32_1.0.0.202411081344/tools/bin/../lib/gcc/arm-none-eabi/13.3.1/../../../../arm-none-eabi/lib/thumb/v7e-m+dp/hard\libm.a(libm_a-sincosf_data.o)
 .ARM.attributes
                0x00000681       0x32 D:/STMCubeIDE/STM32CubeIDE_1.19.0/STM32CubeIDE/plugins/com.st.stm32cube.ide.mcu.externaltools.gnu-tools-for-stm32.13.3.rel1.win32_1.0.0.202411081344/tools/bin/../lib/gcc/arm-none-eabi/13.3.1/../../../../arm-none-eabi/lib/thumb/v7e-m+dp/hard\libm.a(libm_a-math_errf.o)
 .ARM.attributes
                0x000006b3       0x32 D:/STMCubeIDE/STM32CubeIDE_1.19.0/STM32CubeIDE/plugins/com.st.stm32cube.ide.mcu.externaltools.gnu-tools-for-stm32.13.3.rel1.win32_1.0.0.202411081344/tools/bin/../lib/gcc/arm-none-eabi/13.3.1/../../../../arm-none-eabi/lib/thumb/v7e-m+dp/hard\libc_nano.a(libc_a-findfp.o)
 .ARM.attributes
                0x000006e5       0x32 D:/STMCubeIDE/STM32CubeIDE_1.19.0/STM32CubeIDE/plugins/com.st.stm32cube.ide.mcu.externaltools.gnu-tools-for-stm32.13.3.rel1.win32_1.0.0.202411081344/tools/bin/../lib/gcc/arm-none-eabi/13.3.1/../../../../arm-none-eabi/lib/thumb/v7e-m+dp/hard\libc_nano.a(libc_a-fwalk.o)
 .ARM.attributes
                0x00000717       0x32 D:/STMCubeIDE/STM32CubeIDE_1.19.0/STM32CubeIDE/plugins/com.st.stm32cube.ide.mcu.externaltools.gnu-tools-for-stm32.13.3.rel1.win32_1.0.0.202411081344/tools/bin/../lib/gcc/arm-none-eabi/13.3.1/../../../../arm-none-eabi/lib/thumb/v7e-m+dp/hard\libc_nano.a(libc_a-printf.o)
 .ARM.attributes
                0x00000749       0x32 D:/STMCubeIDE/STM32CubeIDE_1.19.0/STM32CubeIDE/plugins/com.st.stm32cube.ide.mcu.externaltools.gnu-tools-for-stm32.13.3.rel1.win32_1.0.0.202411081344/tools/bin/../lib/gcc/arm-none-eabi/13.3.1/../../../../arm-none-eabi/lib/thumb/v7e-m+dp/hard\libc_nano.a(libc_a-puts.o)
 .ARM.attributes
                0x0000077b       0x32 D:/STMCubeIDE/STM32CubeIDE_1.19.0/STM32CubeIDE/plugins/com.st.stm32cube.ide.mcu.externaltools.gnu-tools-for-stm32.13.3.rel1.win32_1.0.0.202411081344/tools/bin/../lib/gcc/arm-none-eabi/13.3.1/../../../../arm-none-eabi/lib/thumb/v7e-m+dp/hard\libc_nano.a(libc_a-stdio.o)
 .ARM.attributes
                0x000007ad       0x32 D:/STMCubeIDE/STM32CubeIDE_1.19.0/STM32CubeIDE/plugins/com.st.stm32cube.ide.mcu.externaltools.gnu-tools-for-stm32.13.3.rel1.win32_1.0.0.202411081344/tools/bin/../lib/gcc/arm-none-eabi/13.3.1/../../../../arm-none-eabi/lib/thumb/v7e-m+dp/hard\libc_nano.a(libc_a-wbuf.o)
 .ARM.attributes