../Core/Inc/timebase.h:4:17:uint32_t now_ms()	8	static
../Core/Inc/timebase.h:5:13:bool every_ms(uint32_t&, uint32_t)	24	static
../Core/Src/can_service.cpp:20:3:float cansvc::curr_hv()	4	static
../Core/Src/can_service.cpp:25:7:float cansvc::hv()	4	static
../Core/Src/can_service.cpp:26:7:float cansvc::hv_current()	4	static
../Core/Src/can_service.cpp:27:7:float cansvc::hv_temp()	4	static
../Core/Src/can_service.cpp:28:7:float cansvc::hv_low()	4	static
../Core/Src/can_service.cpp:29:7:float cansvc::lv()	4	static
../Core/Src/can_service.cpp:30:7:float cansvc::soc()	4	static
../Core/Src/can_service.cpp:31:7:float cansvc::tps0_percent()	4	static
../Core/Src/can_service.cpp:32:7:float cansvc::tps0_voltage()	4	static
../Core/Src/can_service.cpp:33:7:float cansvc::tps1_percent()	4	static
../Core/Src/can_service.cpp:34:7:float cansvc::tps1_voltage()	4	static
../Core/Src/can_service.cpp:35:7:float cansvc::rpm()	4	static
../Core/Src/can_service.cpp:36:7:float cansvc::bms_fault()	4	static
../Core/Src/can_service.cpp:37:7:float cansvc::bms_warn()	4	static
../Core/Src/can_service.cpp:38:7:float cansvc::bms_stat()	4	static
../Core/Src/can_service.cpp:41:6:bool cansvc::init(FdcanBus&)	64	static
../Core/Src/can_service.cpp:56:24:uint16_t cansvc::u16(const uint8_t*, int, int)	24	static
../Core/Src/can_service.cpp:59:24:uint32_t cansvc::u32(const uint8_t*, int, int, int, int)	24	static
../Core/Src/can_service.cpp:64:6:void cansvc::poll(FdcanBus&)	64	static
../Core/Src/can_service.cpp:137:6:void cansvc::send_test(FdcanBus&)	32	static
../Core/Src/can_service.cpp:147:18:float can_service_get_energy_used_kWh()	4	static
